******************************************************************************
                  TI ARM Linker PC v20.2.7                     
******************************************************************************
>> Linked Wed May 17 21:48:34 2023

OUTPUT FILE NAME:   <Get Rotated Project.out>
ENTRY POINT SYMBOL: "_c_int00"  address: 00005531


MEMORY CONFIGURATION

         name            origin    length      used     unused   attr    fill
----------------------  --------  ---------  --------  --------  ----  --------
  FLASH                 00000000   00100000  00009c81  000f637f  R  X
  SRAM                  20000000   00040000  00001fb4  0003e04c  RW X


SEGMENT ALLOCATION MAP

run origin  load origin   length   init length attrs members
----------  ----------- ---------- ----------- ----- -------
00000000    00000000    00009c88   00009c88    r-x
  00000000    00000000    0000003c   0000003c    r-- .resetVecs
  00000040    00000040    000075a2   000075a2    r-x .text
  000075e4    000075e4    00002463   00002463    r-- .const
  00009a48    00009a48    00000240   00000240    r-- .cinit
20000000    20000000    00001fb8   00000000    rw-
  20000000    20000000    00000360   00000000    rw- .vecs
  20000360    20000360    000014d8   00000000    rw- .bss
  20001838    20001838    0000047c   00000000    rw- .data
  20001cb8    20001cb8    00000300   00000000    rw- .stack


SECTION ALLOCATION MAP

 output                                  attributes/
section   page    origin      length       input sections
--------  ----  ----------  ----------   ----------------
.text      0    00000040    000075a2     
                  00000040    000006ac     MotorLib.lib : motorlib.obj (.text)
                  000006ec    00000004     driverlib.lib : i2c.obj (.text:I2CMasterControl)
                  000006f0    00000430     sysbios.aem4f : BIOS.obj (.text:ti_sysbios_family_arm_m3_Hwi_excDumpRegs__I)
                  00000b20    0000034c     ti.targets.arm.rtsarm.aem4f : System.oem4f (.text:xdc_runtime_System_doPrint__I)
                  00000e6c    00000004     driverlib.lib : i2c.obj (.text:I2CMasterDataGet)
                  00000e70    000002d0     sysbios.aem4f : BIOS.obj (.text:ti_sysbios_knl_Semaphore_pend__E)
                  00001140    0000026c                   : BIOS.obj (.text:ti_sysbios_heaps_HeapMem_free__E)
                  000013ac    00000004     driverlib.lib : i2c.obj (.text:I2CMasterDataPut)
                  000013b0    00000250     sysbios.aem4f : BIOS.obj (.text:ti_sysbios_heaps_HeapMem_alloc__E)
                  00001600    00000234                   : BIOS.obj (.text:ti_sysbios_knl_Task_Instance_finalize__E)
                  00001834    00000204     Boot.aem4f : Boot_sysctl.oem4f (.text:ti_catalog_arm_cortexm4_tiva_ce_Boot_sysCtlClockFreqSetI__I)
                  00001a38    000001f4     sysbios.aem4f : BIOS.obj (.text:ti_sysbios_family_arm_m3_Hwi_excHandlerMax__I)
                  00001c2c    000001cc     main.obj (.text:main)
                  00001df8    000001c0     sysbios.aem4f : BIOS.obj (.text:ti_sysbios_knl_Task_Instance_init__E)
                  00001fb8    00000174                   : BIOS.obj (.text:ti_sysbios_family_arm_m3_Hwi_excBusFault__I)
                  0000212c    00000170     drivers_tivaware.aem4f : PWMTiva.oem4f (.text:PWMTiva_open)
                  0000229c    00000004     rtsv7M4_T_le_v4SPD16_eabi.lib : exit.c.obj (.text:abort:abort)
                  000022a0    00000164     sysbios.aem4f : BIOS.obj (.text:ti_sysbios_family_arm_m3_Hwi_excUsageFault__I)
                  00002404    00000004     empty_min_pem4f.oem4f (.text:ti_sysbios_BIOS_RtsGateProxy_enter__E)
                  00002408    00000154     sysbios.aem4f : BIOS.obj (.text:ti_sysbios_knl_Mailbox_Instance_init__E)
                  0000255c    00000150     drivers_tivaware.aem4f : GPIOTiva.oem4f (.text:GPIO_setConfig)
                  000026ac    00000004     empty_min_pem4f.oem4f (.text:ti_sysbios_BIOS_RtsGateProxy_leave__E)
                  000026b0    00000148     sysbios.aem4f : BIOS.obj (.text:ti_sysbios_family_arm_m3_Hwi_excMemFault__I)
                  000027f8    0000013c                   : BIOS.obj (.text:ti_sysbios_heaps_HeapMem_Instance_init__E)
                  00002934    00000130     driverlib.lib : gpio.obj (.text:GPIOPadConfigSet)
                  00002a64    00000004     sysbios.aem4f : BIOS.obj (.text:ti_sysbios_family_arm_lm4_Timer_masterEnable__I)
                  00002a68    00000120                   : BIOS.obj (.text:ti_sysbios_family_arm_lm4_Timer_start__E)
                  00002b88    0000011c                   : BIOS.obj (.text:ti_sysbios_knl_Clock_Instance_init__E)
                  00002ca4    00000118     ti.targets.arm.rtsarm.aem4f : Error.oem4f (.text:xdc_runtime_Error_policyDefault__E)
                  00002dbc    00000114     drivers_tivaware.aem4f : PWMTimerTiva.oem4f (.text:PWMTimerTiva_open)
                  00002ed0    0000010c     driverlib.lib : sysctl.obj (.text:SysCtlClockGet)
                  00002fdc    00000100     ti.targets.arm.rtsarm.aem4f : Core-mem.oem4f (.text:xdc_runtime_Core_createObject__I)
                  000030dc    000000f8                                 : Startup.oem4f (.text:xdc_runtime_Startup_startMods__I)
                  000031d4    000000f8     empty_min_pem4f.oem4f (.text:xdc_runtime_System_printfExtend__I)
                  000032cc    000000f4     sysbios.aem4f : m3_Hwi_asm.obj (.text:ti_sysbios_family_arm_m3_Hwi_dispatch__I)
                  000033c0    000000f0     drivers_tivaware.aem4f : PWMTiva.oem4f (.text:PWMTiva_setDuty)
                  000034b0    000000ec     sysbios.aem4f : BIOS.obj (.text:ti_sysbios_knl_Semaphore_post__E)
                  0000359c    000000e0     drivers_tivaware.aem4f : I2CTiva.oem4f (.text:I2CTiva_open)
                  0000367c    000000d6                            : I2CTiva.oem4f (.text:I2CTiva_hwiFxn)
                  00003752    00000002     rtsv7M4_T_le_v4SPD16_eabi.lib : _lock.c.obj (.text:_nop)
                  00003754    000000cc     ti.targets.arm.rtsarm.aem4f : Core-smem.oem4f (.text:xdc_runtime_Core_constructObject__I)
                  00003820    000000c2     OurMotors.obj (.text:MotorTask)
                  000038e2    00000006     driverlib.lib : gpio.obj (.text:GPIOIntClear)
                  000038e8    000000bc     sysbios.aem4f : BIOS.obj (.text:ti_sysbios_family_arm_m3_Hwi_excDebugMon__I)
                  000039a4    00000004     empty_min_pem4f.oem4f (.text:ti_sysbios_family_arm_m3_Hwi_destruct)
                  000039a8    000000bc     sysbios.aem4f : BIOS.obj (.text:ti_sysbios_family_arm_m3_Hwi_excHardFault__I)
                  00003a64    000000b8     EK_TM4C1294XL.obj (.text:EK_TM4C1294XL_initGeneral)
                  00003b1c    000000b8     drivers_tivaware.aem4f : PWMTimerTiva.oem4f (.text:PWMTimerTiva_setDuty)
                  00003bd4    00000004     empty_min_pem4f.oem4f (.text:ti_sysbios_family_arm_m3_TaskSupport_Module__startupDone__S)
                  00003bd8    000000b4     sysbios.aem4f : BIOS.obj (.text:ti_sysbios_gates_GateMutex_enter__E)
                  00003c8c    00000004     empty_min_pem4f.oem4f (.text:ti_sysbios_heaps_HeapMem_Module_GateProxy_enter__E)
                  00003c90    000000b4     sysbios.aem4f : BIOS.obj (.text:ti_sysbios_knl_Task_checkStacks__E)
                  00003d44    000000ad     OurMotors.obj (.text:MotorTransitionTask)
                  00003df1    00000001     --HOLE-- [fill = 0]
                  00003df2    00000006     driverlib.lib : gpio.obj (.text:GPIOPinRead)
                  00003df8    000000ac     sysbios.aem4f : BIOS.obj (.text:ti_sysbios_family_arm_lm4_Timer_enableTiva__I)
                  00003ea4    00000004     empty_min_pem4f.oem4f (.text:ti_sysbios_heaps_HeapMem_Module_GateProxy_leave__E)
                  00003ea8    000000a8     sysbios.aem4f : BIOS.obj (.text:ti_sysbios_family_arm_lm4_Timer_enableTimers__I)
                  00003f50    000000a0     auto_init.aem4f : auto_init.oem4f (.text)
                  00003ff0    000000a0     ti.targets.arm.rtsarm.aem4f : Text.oem4f (.text:xdc_runtime_Text_putMod__E)
                  00004090    0000009c     rtsv7M4_T_le_v4SPD16_eabi.lib : memcpy_t2.asm.obj (.text)
                  0000412c    00000004     empty_min_pem4f.oem4f (.text:ti_sysbios_knl_Clock_TimerProxy_getMaxTicks__E)
                  00004130    0000009c     sysbios.aem4f : BIOS.obj (.text:ti_sysbios_knl_Semaphore_Instance_init__E)
                  000041cc    0000009a     ti.targets.arm.rtsarm.aem4f : Text.oem4f (.text:xdc_runtime_Text_putSite__E)
                  00004266    00000002     rtsv7M4_T_le_v4SPD16_eabi.lib : div0.asm.obj (.text)
                  00004268    00000098     Boot.aem4f : Boot.oem4f (.text:ti_catalog_arm_cortexm4_tiva_ce_Boot_sysCtlClockFreqSet__E)
                  00004300    00000094     sysbios.aem4f : BIOS.obj (.text:ti_sysbios_family_arm_m3_Hwi_Instance_init__E)
                  00004394    00000004     empty_min_pem4f.oem4f (.text:ti_sysbios_knl_Queue_destruct)
                  00004398    00000094     sysbios.aem4f : BIOS.obj (.text:ti_sysbios_family_arm_m3_Hwi_initNVIC__E)
                  0000442c    00000004     empty_min_pem4f.oem4f (.text:ti_sysbios_knl_Semaphore_destruct)
                  00004430    00000094     sysbios.aem4f : BIOS.obj (.text:ti_sysbios_knl_Task_postInit__I)
                  000044c4    0000008c     drivers_tivaware.aem4f : GPIOTiva.oem4f (.text:GPIO_init)
                  00004550    0000008c     sysbios.aem4f : m3_TaskSupport_asm.obj (.text:ti_sysbios_family_arm_m3_TaskSupport_buildTaskStack)
                  000045dc    00000088     drivers_tivaware.aem4f : PWMTiva.oem4f (.text:PWMTiva_control)
                  00004664    00000004     ti.targets.arm.rtsarm.aem4f : Error.oem4f (.text:xdc_runtime_Error_getSite__E)
                  00004668    00000088     sysbios.aem4f : BIOS.obj (.text:ti_sysbios_knl_Mailbox_Module_startup__E)
                  000046f0    00000088                   : BIOS.obj (.text:ti_sysbios_knl_Mailbox_pend__E)
                  00004778    00000088                   : BIOS.obj (.text:ti_sysbios_knl_Mailbox_post__E)
                  00004800    00000084                   : BIOS.obj (.text:ti_sysbios_family_arm_m3_Hwi_postInit__I)
                  00004884    0000007e     drivers_tivaware.aem4f : I2CTiva.oem4f (.text:I2CTiva_transfer)
                  00004902    0000007a     rtsv7M4_T_le_v4SPD16_eabi.lib : memset_t2.asm.obj (.text)
                  0000497c    00000074     OurMotors.obj (.text:SW1_kick_ISR)
                  000049f0    00000074     sysbios.aem4f : BIOS.obj (.text:ti_sysbios_knl_Clock_start__E)
                  00004a64    00000004     empty_min_pem4f.oem4f (.text:xdc_runtime_System_Module_GateProxy_enter__E)
                  00004a68    00000070     sysbios.aem4f : BIOS.obj (.text:ti_sysbios_knl_Clock_workFunc__E)
                  00004ad8    00000070                   : BIOS.obj (.text:ti_sysbios_knl_Mailbox_Instance_finalize__E)
                  00004b48    00000070                   : BIOS.obj (.text:ti_sysbios_knl_Task_exit__E)
                  00004bb8    0000006d     ti.targets.arm.rtsarm.aem4f : System.oem4f (.text:xdc_runtime_System_formatNum__I)
                  00004c25    00000001     --HOLE-- [fill = 0]
                  00004c26    00000002     empty_min_pem4f.oem4f (.text:ti_sysbios_BIOS_nullFunc__I)
                  00004c28    0000006c     drivers_tivaware.aem4f : PWMTimerTiva.oem4f (.text:PWMTimerTiva_control)
                  00004c94    00000004     empty_min_pem4f.oem4f (.text:xdc_runtime_System_Module_GateProxy_leave__E)
                  00004c98    0000006c     sysbios.aem4f : BIOS.obj (.text:ti_sysbios_knl_Swi_restoreHwi__E)
                  00004d04    0000006c     ti.targets.arm.rtsarm.aem4f : Error.oem4f (.text:xdc_runtime_Error_print__E)
                  00004d70    0000006c                                 : Memory.oem4f (.text:xdc_runtime_Memory_alloc__E)
                  00004ddc    0000006a     drivers_tivaware.aem4f : PWMTiva.oem4f (.text:PWMTiva_close)
                  00004e46    00000002     empty_min_pem4f.oem4f (.text:xdc_runtime_Startup_reset__I)
                  00004e48    00000068     EK_TM4C1294XL.obj (.text:EK_TM4C1294XL_initI2C)
                  00004eb0    00000068     rtsv7M4_T_le_v4SPD16_eabi.lib : copy_decompress_lzss.c.obj (.text:decompress:lzss:__TI_decompress_lzss)
                  00004f18    00000066     ti.targets.arm.rtsarm.aem4f : Core-mem.oem4f (.text:xdc_runtime_Core_deleteObject__I)
                  00004f7e    00000002     --HOLE-- [fill = 0]
                  00004f80    00000064     drivers_tivaware.aem4f : GPIOTiva.oem4f (.text:GPIO_hwiIntFxn)
                  00004fe4    00000004     ti.targets.arm.rtsarm.aem4f : System.oem4f (.text:xdc_runtime_System_aprintf_va__F)
                  00004fe8    00000064     sysbios.aem4f : BIOS.obj (.text:ti_sysbios_family_arm_lm4_Timer_Module_startup__E)
                  0000504c    00000064     empty_min_pem4f.oem4f (.text:ti_sysbios_family_arm_m3_Hwi_create)
                  000050b0    00000064     sysbios.aem4f : BIOS.obj (.text:ti_sysbios_family_arm_m3_Hwi_dispatchC__I)
                  00005114    00000062     drivers_tivaware.aem4f : I2CTiva.oem4f (.text:I2CTiva_primeTransfer)
                  00005176    00000002     --HOLE-- [fill = 0]
                  00005178    00000060     OurMotors.obj (.text:HallSensorA_isr)
                  000051d8    00000060     OurMotors.obj (.text:HallSensorB_isr)
                  00005238    00000060     OurMotors.obj (.text:HallSensorC_isr)
                  00005298    00000060     driverlib.lib : timer.obj (.text:TimerConfigure)
                  000052f8    00000060     sysbios.aem4f : BIOS.obj (.text:ti_sysbios_knl_Task_schedule__I)
                  00005358    0000005c                   : BIOS.obj (.text:ti_sysbios_knl_Swi_run__I)
                  000053b4    00000004     ti.targets.arm.rtsarm.aem4f : System.oem4f (.text:xdc_runtime_System_printf_va__F)
                  000053b8    0000005c     sysbios.aem4f : BIOS.obj (.text:ti_sysbios_knl_Swi_schedule__I)
                  00005414    00000004     --HOLE-- [fill = 0]
                  00005418    0000005c                   : BIOS.obj (.text:ti_sysbios_knl_Task_Module_startup__E)
                  00005474    00000004     --HOLE-- [fill = 0]
                  00005478    0000005c                   : BIOS.obj (.text:ti_sysbios_knl_Task_startCore__E)
                  000054d4    0000005b     ti.targets.arm.rtsarm.aem4f : Text.oem4f (.text:xdc_runtime_Text_putLab__E)
                  0000552f    00000001     --HOLE-- [fill = 0]
                  00005530    00000058     boot.aem4f : boot.oem4f (.text)
                  00005588    00000058     rtsv7M4_T_le_v4SPD16_eabi.lib : hostwrite.c.obj (.text:HOSTwrite)
                  000055e0    00000058     empty_min_pem4f.oem4f (.text:ti_sysbios_family_arm_m3_Hwi_construct)
                  00005638    00000058     sysbios.aem4f : m3_Hwi_asm_switch.obj (.text:ti_sysbios_family_arm_m3_Hwi_initStacks__E)
                  00005690    00000058     empty_min_pem4f.oem4f (.text:ti_sysbios_knl_Mailbox_construct)
                  000056e8    00000056     driverlib.lib : gpio.obj (.text:GPIOIntTypeSet)
                  0000573e    00000002     --HOLE-- [fill = 0]
                  00005740    00000054     main.obj (.text:i2c_init)
                  00005794    00000054     empty_min_pem4f.oem4f (.text:ti_sysbios_knl_Task_construct)
                  000057e8    00000054     ti.targets.arm.rtsarm.aem4f : Assert.oem4f (.text:xdc_runtime_Assert_raise__I)
                  0000583c    00000050     drivers_tivaware.aem4f : GPIOTiva.oem4f (.text:GPIO_setCallback)
                  0000588c    00000050                            : GPIOTiva.oem4f (.text:GPIO_toggle)
                  000058dc    00000050     Boot.aem4f : Boot_sysctl.oem4f (.text:_SysCtlFrequencyGet)
                  0000592c    00000004     --HOLE-- [fill = 0]
                  00005930    00000050     sysbios.aem4f : BIOS.obj (.text:ti_sysbios_family_arm_m3_Hwi_Module_startup__E)
                  00005980    00000050     ti.targets.arm.rtsarm.aem4f : Startup.oem4f (.text:xdc_runtime_Startup_exec__E)
                  000059d0    00000050                                 : Text.oem4f (.text:xdc_runtime_Text_visitRope2__I)
                  00005a20    0000004c     rtsv7M4_T_le_v4SPD16_eabi.lib : cpy_tbl.c.obj (.text:copy_in)
                  00005a6c    00000004     --HOLE-- [fill = 0]
                  00005a70    0000004c     sysbios.aem4f : BIOS.obj (.text:ti_sysbios_family_arm_lm4_Timer_setAvailMask__E)
                  00005abc    00000004     --HOLE-- [fill = 0]
                  00005ac0    0000004c                   : BIOS.obj (.text:ti_sysbios_heaps_HeapMem_getStats__E)
                  00005b0c    00000004     --HOLE-- [fill = 0]
                  00005b10    0000004c                   : BIOS.obj (.text:ti_sysbios_knl_Swi_runLoop__I)
                  00005b5c    00000004     --HOLE-- [fill = 0]
                  00005b60    0000004c                   : BIOS.obj (.text:ti_sysbios_knl_Task_allBlockedFunction__I)
                  00005bac    0000004a     drivers_tivaware.aem4f : PWMTimerTiva.oem4f (.text:PWMTimerTiva_close)
                  00005bf6    00000002     --HOLE-- [fill = 0]
                  00005bf8    00000048     driverlib.lib : gpio.obj (.text:GPIOPinConfigure)
                  00005c40    00000048                   : i2c.obj (.text:I2CMasterInitExpClk)
                  00005c88    00000048     sysbios.aem4f : BIOS.obj (.text:ti_sysbios_family_arm_m3_Hwi_disableInterrupt__E)
                  00005cd0    00000048                   : BIOS.obj (.text:ti_sysbios_family_arm_m3_Hwi_enableInterrupt__E)
                  00005d18    00000048                   : BIOS.obj (.text:ti_sysbios_family_arm_m3_Hwi_excReserved__I)
                  00005d60    00000046     ti.targets.arm.rtsarm.aem4f : Core-params.oem4f (.text:xdc_runtime_Core_assignParams__I)
                  00005da6    00000002     --HOLE-- [fill = 0]
                  00005da8    00000044     sysbios.aem4f : BIOS.obj (.text:ti_sysbios_family_arm_lm4_Timer_isrStub__E)
                  00005dec    00000004     --HOLE-- [fill = 0]
                  00005df0    00000044                   : BIOS.obj (.text:ti_sysbios_family_arm_m3_Hwi_getStackInfo__E)
                  00005e34    00000004     --HOLE-- [fill = 0]
                  00005e38    00000044                   : BIOS.obj (.text:ti_sysbios_knl_Mailbox_postInit__I)
                  00005e7c    00000004     --HOLE-- [fill = 0]
                  00005e80    00000044                   : BIOS.obj (.text:ti_sysbios_knl_Swi_post__E)
                  00005ec4    00000044     ti.targets.arm.rtsarm.aem4f : Error.oem4f (.text:xdc_runtime_Error_setX__E)
                  00005f08    00000044                                 : SysMin.oem4f (.text:xdc_runtime_SysMin_flush__E)
                  00005f4c    00000044                                 : Text.oem4f (.text:xdc_runtime_Text_xprintf__I)
                  00005f90    00000040     rtsv7M4_T_le_v4SPD16_eabi.lib : u_divt2.asm.obj (.text)
                  00005fd0    00000040     sysbios.aem4f : BIOS.obj (.text:ti_sysbios_family_arm_lm4_Timer_startup__E)
                  00006010    0000003c                   : BIOS.obj (.text:ti_sysbios_family_arm_m3_Hwi_excSvCall__I)
                  0000604c    00000004     --HOLE-- [fill = 0]
                  00006050    0000003c                   : BIOS.obj (.text:ti_sysbios_heaps_HeapMem_init__I)
                  0000608c    00000004     --HOLE-- [fill = 0]
                  00006090    0000003c                   : BIOS.obj (.text:ti_sysbios_knl_Swi_restore__E)
                  000060cc    0000003a     drivers_tivaware.aem4f : I2CTiva.oem4f (.text:I2CTiva_completeTransfer)
                  00006106    00000002     --HOLE-- [fill = 0]
                  00006108    00000038                            : I2C.oem4f (.text:I2C_init)
                  00006140    00000038                            : PWM.oem4f (.text:PWM_init)
                  00006178    00000038     driverlib.lib : sysctl.obj (.text:SysCtlPeripheralReady)
                  000061b0    00000038     rtsv7M4_T_le_v4SPD16_eabi.lib : trgmsg.c.obj (.text:__TI_writemsg)
                  000061e8    00000038     sysbios.aem4f : BIOS.obj (.text:ti_sysbios_family_arm_m3_Hwi_excNoIsr__I)
                  00006220    00000038                   : BIOS.obj (.text:ti_sysbios_knl_Task_processVitalTaskFlag__I)
                  00006258    00000038     ti.targets.arm.rtsarm.aem4f : SysMin.oem4f (.text:xdc_runtime_SysMin_putch__E)
                  00006290    00000038                                 : System.oem4f (.text:xdc_runtime_System_atexit__E)
                  000062c8    00000036     drivers_tivaware.aem4f : I2CTiva.oem4f (.text:I2CTiva_close)
                  000062fe    00000002     --HOLE-- [fill = 0]
                  00006300    00000034     driverlib.lib : sysctl.obj (.text:SysCtlPeripheralEnable)
                  00006334    00000034     rtsv7M4_T_le_v4SPD16_eabi.lib : trgmsg.c.obj (.text:__TI_readmsg)
                  00006368    00000034     sysbios.aem4f : BIOS.obj (.text:ti_sysbios_family_arm_m3_Hwi_Instance_finalize__E)
                  0000639c    00000004     --HOLE-- [fill = 0]
                  000063a0    00000034                   : BIOS.obj (.text:ti_sysbios_family_arm_m3_Hwi_excNmi__I)
                  000063d4    00000004     --HOLE-- [fill = 0]
                  000063d8    00000034                   : BIOS.obj (.text:ti_sysbios_hal_Hwi_checkStack)
                  0000640c    00000034     empty_min_pem4f.oem4f (.text:ti_sysbios_knl_Clock_construct)
                  00006440    00000034     ti.targets.arm.rtsarm.aem4f : Core-label.oem4f (.text:xdc_runtime_Core_assignLabel__I)
                  00006474    00000033                                 : Text.oem4f (.text:xdc_runtime_Text_printVisFxn__I)
                  000064a7    00000001     --HOLE-- [fill = 0]
                  000064a8    00000032     sysbios.aem4f : BIOS.obj (.text:ti_sysbios_hal_Hwi_initStack)
                  000064da    00000002     --HOLE-- [fill = 0]
                  000064dc    00000030     drivers_tivaware.aem4f : GPIOTiva.oem4f (.text:GPIO_enableInt)
                  0000650c    00000030                            : PWMTiva.oem4f (.text:PWMTiva_init)
                  0000653c    00000030                            : PWM.oem4f (.text:PWM_open)
                  0000656c    00000030     empty_min_pem4f.oem4f (.text:ti_sysbios_BIOS_atExitFunc__I)
                  0000659c    00000004     --HOLE-- [fill = 0]
                  000065a0    00000030     sysbios.aem4f : BIOS.obj (.text:ti_sysbios_family_arm_lm4_Timer_stop__E)
                  000065d0    00000030                   : BIOS.obj (.text:ti_sysbios_family_arm_m3_TaskSupport_start__E)
                  00006600    00000030     empty_min_pem4f.oem4f (.text:ti_sysbios_gates_GateHwi_Object__create__S)
                  00006630    00000030     empty_min_pem4f.oem4f (.text:ti_sysbios_gates_GateMutex_Object__create__S)
                  00006660    00000030     empty_min_pem4f.oem4f (.text:ti_sysbios_heaps_HeapMem_Object__create__S)
                  00006690    00000030     empty_min_pem4f.oem4f (.text:ti_sysbios_knl_Semaphore_construct)
                  000066c0    00000030     sysbios.aem4f : BIOS.obj (.text:ti_sysbios_knl_Semaphore_pendTimeout__I)
                  000066f0    00000030                   : BIOS.obj (.text:ti_sysbios_knl_Task_unblockI__E)
                  00006720    00000030     ti.targets.arm.rtsarm.aem4f : SysMin.oem4f (.text:xdc_runtime_SysMin_abort__E)
                  00006750    00000030                                 : System.oem4f (.text:xdc_runtime_System_processAtExit__E)
                  00006780    0000002c     OurMotors.obj (.text:SW2_kill_ISR)
                  000067ac    0000002c     empty_min_pem4f.oem4f (.text:ti_sysbios_knl_Clock_doTick__I)
                  000067d8    0000002c     empty_min_pem4f.oem4f (.text:ti_sysbios_knl_Event_construct)
                  00006804    0000002c     empty_min_pem4f.oem4f (.text:ti_sysbios_knl_Queue_construct)
                  00006830    0000002c     sysbios.aem4f : BIOS.obj (.text:ti_sysbios_knl_Task_restore__E)
                  0000685c    0000002c     ti.targets.arm.rtsarm.aem4f : Text.oem4f (.text:xdc_runtime_Text_cordText__E)
                  00006888    0000002a     driverlib.lib : gpio.obj (.text:GPIODirModeSet)
                  000068b2    0000002a     ti.targets.arm.rtsarm.aem4f : System.oem4f (.text:xdc_runtime_System_putchar__I)
                  000068dc    00000004     --HOLE-- [fill = 0]
                  000068e0    00000028     sysbios.aem4f : BIOS.obj (.text:ti_sysbios_knl_Swi_Module_startup__E)
                  00006908    00000026                   : m3_Hwi_asm.obj (.text:ti_sysbios_family_arm_m3_Hwi_pendSV__I)
                  0000692e    00000026     ti.targets.arm.rtsarm.aem4f : System.oem4f (.text:xdc_runtime_System_avprintf__E)
                  00006954    00000024     empty_min_pem4f.oem4f (.text:ti_sysbios_BIOS_errorRaiseHook__I)
                  00006978    00000024     empty_min_pem4f.oem4f (.text:ti_sysbios_BIOS_registerRTSLock__I)
                  0000699c    00000024     empty_min_pem4f.oem4f (.text:ti_sysbios_BIOS_removeRTSLock__I)
                  000069c0    00000024     empty_min_pem4f.oem4f (.text:ti_sysbios_BIOS_startFunc__I)
                  000069e4    00000024     empty_min_pem4f.oem4f (.text:ti_sysbios_gates_GateMutex_Object__delete__S)
                  00006a08    00000024     sysbios.aem4f : BIOS.obj (.text:ti_sysbios_knl_Clock_Module_startup__E)
                  00006a2c    00000004     --HOLE-- [fill = 0]
                  00006a30    00000024                   : BIOS.obj (.text:ti_sysbios_knl_Task_restoreHwi__E)
                  00006a54    00000024     ti.targets.arm.rtsarm.aem4f : System.oem4f (.text:xdc_runtime_System_vprintf__E)
                  00006a78    00000022     OurMotors.obj (.text:ConfigureMotorPins)
                  00006a9a    00000022     driverlib.lib : pwm.obj (.text:PWMGenConfigure)
                  00006abc    00000022     drivers_tivaware.aem4f : PWMTiva.oem4f (.text:PWMTiva_getPeriodCounts)
                  00006ade    00000002     --HOLE-- [fill = 0]
                  00006ae0    00000022     sysbios.aem4f : BIOS.obj (.text:ti_sysbios_family_arm_lm4_Timer_write__I)
                  00006b02    00000022     empty_min_pem4f.oem4f (.text:xdc_runtime_SysMin_output__I)
                  00006b24    00000020     Boot.aem4f : Boot_sysctl.oem4f (.text:_SysCtlMemTimingGet)
                  00006b44    00000020     empty_min_pem4f.oem4f (.text:ti_sysbios_BIOS_rtsLock__I)
                  00006b64    00000020     sysbios.aem4f : m3_Hwi_asm.obj (.text:ti_sysbios_family_arm_m3_Hwi_excHandlerAsm__I)
                  00006b84    00000004     --HOLE-- [fill = 0]
                  00006b88    00000020                   : BIOS.obj (.text:ti_sysbios_family_arm_m3_Hwi_excHandler__I)
                  00006ba8    00000020     empty_min_pem4f.oem4f (.text:ti_sysbios_gates_GateHwi_Object__delete__S)
                  00006bc8    00000020     empty_min_pem4f.oem4f (.text:ti_sysbios_heaps_HeapMem_Object__delete__S)
                  00006be8    00000020     sysbios.aem4f : BIOS.obj (.text:ti_sysbios_knl_Idle_run__E)
                  00006c08    00000020     empty_min_pem4f.oem4f (.text:ti_sysbios_knl_Semaphore_Object__destruct__S)
                  00006c28    00000020     ti.targets.arm.rtsarm.aem4f : Registry.oem4f (.text:xdc_runtime_Registry_findById__E)
                  00006c48    00000020                                 : SysMin.oem4f (.text:xdc_runtime_SysMin_Module_startup__E)
                  00006c68    0000001e     driverlib.lib : pwm.obj (.text:PWMPulseWidthSet)
                  00006c86    0000001e     drivers_tivaware.aem4f : PWMTiva.oem4f (.text:PWMTiva_getPeriodMicroSecs)
                  00006ca4    0000001e     sysbios.aem4f : m3_Hwi_asm_switch.obj (.text:ti_sysbios_family_xxx_Hwi_switchAndRunFunc)
                  00006cc2    0000001c     drivers_tivaware.aem4f : GPIOTiva.oem4f (.text:getGpioIntIndex)
                  00006cde    00000002     --HOLE-- [fill = 0]
                  00006ce0    0000001c     empty_min_pem4f.oem4f (.text:ti_sysbios_family_arm_m3_Hwi_Object__destruct__S)
                  00006cfc    00000004     --HOLE-- [fill = 0]
                  00006d00    0000001c     sysbios.aem4f : BIOS.obj (.text:ti_sysbios_gates_GateMutex_Instance_init__E)
                  00006d1c    0000001c     empty_min_pem4f.oem4f (.text:ti_sysbios_knl_Queue_Object__destruct__S)
                  00006d38    0000001c     sysbios.aem4f : BIOS.obj (.text:ti_sysbios_knl_Queue_put__E)
                  00006d54    00000004     --HOLE-- [fill = 0]
                  00006d58    0000001c                   : BIOS.obj (.text:ti_sysbios_knl_Task_enter__I)
                  00006d74    0000001c     ti.targets.arm.rtsarm.aem4f : Error.oem4f (.text:xdc_runtime_Error_raiseX__E)
                  00006d90    0000001c                                 : Memory.oem4f (.text:xdc_runtime_Memory_valloc__E)
                  00006dac    0000001c                                 : SysMin.oem4f (.text:xdc_runtime_SysMin_exit__E)
                  00006dc8    0000001c                                 : System.oem4f (.text:xdc_runtime_System_abort__E)
                  00006de4    0000001a     empty_min_pem4f.oem4f (.text:ti_sysbios_family_arm_m3_Hwi_Handle__label__S)
                  00006dfe    0000001a     empty_min_pem4f.oem4f (.text:ti_sysbios_gates_GateHwi_Handle__label__S)
                  00006e18    0000001a     empty_min_pem4f.oem4f (.text:ti_sysbios_gates_GateMutex_Handle__label__S)
                  00006e32    0000001a     empty_min_pem4f.oem4f (.text:ti_sysbios_heaps_HeapMem_Handle__label__S)
                  00006e4c    0000001a     empty_min_pem4f.oem4f (.text:ti_sysbios_knl_Swi_Handle__label__S)
                  00006e66    0000001a     empty_min_pem4f.oem4f (.text:ti_sysbios_knl_Task_Handle__label__S)
                  00006e80    0000001a     empty_min_pem4f.oem4f (.text:xdc_runtime_System_aprintf__E)
                  00006e9a    0000001a     empty_min_pem4f.oem4f (.text:xdc_runtime_System_printf__E)
                  00006eb4    00000018     driverlib.lib : gpio.obj (.text:GPIOPinTypeGPIOOutput)
                  00006ecc    00000018                   : timer.obj (.text:TimerControlLevel)
                  00006ee4    00000018     rtsv7M4_T_le_v4SPD16_eabi.lib : args_main.c.obj (.text:_args_main)
                  00006efc    00000018     empty_min_pem4f.oem4f (.text:ti_sysbios_BIOS_rtsUnlock__I)
                  00006f14    00000018     empty_min_pem4f.oem4f (.text:ti_sysbios_family_arm_lm4_Timer_Module__startupDone__F)
                  00006f2c    00000018     empty_min_pem4f.oem4f (.text:ti_sysbios_family_arm_m3_Hwi_Module__startupDone__F)
                  00006f44    00000018     sysbios.aem4f : m3_TaskSupport_asm.obj (.text:ti_sysbios_family_arm_m3_TaskSupport_swap__E)
                  00006f5c    00000004     --HOLE-- [fill = 0]
                  00006f60    00000018                   : BIOS.obj (.text:ti_sysbios_gates_GateMutex_leave__E)
                  00006f78    00000018     ti.targets.arm.rtsarm.aem4f : Error.oem4f (.text:xdc_runtime_Error_check__E)
                  00006f90    00000018                                 : System.oem4f (.text:xdc_runtime_System_exit__E)
                  00006fa8    00000018                                 : Text.oem4f (.text:xdc_runtime_Text_ropeText__E)
                  00006fc0    00000016     driverlib.lib : i2c.obj (.text:I2CMasterErr)
                  00006fd6    00000016     empty_min_pem4f.oem4f (.text:ti_sysbios_BIOS_exitFunc__I)
                  00006fec    00000016     main.obj (.text:ti_sysbios_knl_Clock_Params_init)
                  00007002    00000016     main.obj (.text:ti_sysbios_knl_Event_Params_init)
                  00007018    00000016     main.obj (.text:ti_sysbios_knl_Mailbox_Params_init)
                  0000702e    00000016     main.obj (.text:ti_sysbios_knl_Queue_Params_init)
                  00007044    00000016     main.obj (.text:ti_sysbios_knl_Task_Params_init)
                  0000705a    00000002     --HOLE-- [fill = 0]
                  0000705c    00000014     driverlib.lib : pwm.obj (.text:PWMClockSet)
                  00007070    00000014                   : sysctl.obj (.text:SysCtlPWMClockSet)
                  00007084    00000014                   : timer.obj (.text:TimerDisable)
                  00007098    00000014     rtsv7M4_T_le_v4SPD16_eabi.lib : strlen.c.obj (.text:strlen)
                  000070ac    00000014     empty_min_pem4f.oem4f (.text:ti_sysbios_family_arm_m3_Hwi_Object__get__S)
                  000070c0    00000014     sysbios.aem4f : BIOS.obj (.text:ti_sysbios_family_arm_m3_Hwi_switchFromBootStack__E)
                  000070d4    00000014     empty_min_pem4f.oem4f (.text:ti_sysbios_heaps_HeapMem_Object__get__S)
                  000070e8    00000014     sysbios.aem4f : BIOS.obj (.text:ti_sysbios_knl_Event_Instance_init__E)
                  000070fc    00000014     empty_min_pem4f.oem4f (.text:ti_sysbios_knl_Swi_Object__get__S)
                  00007110    00000012     driverlib.lib : gpio.obj (.text:GPIOPinTypeI2C)
                  00007122    00000012                   : gpio.obj (.text:GPIOPinTypeI2CSCL)
                  00007134    00000012                   : gpio.obj (.text:GPIOPinTypePWM)
                  00007146    00000012                   : gpio.obj (.text:GPIOPinTypeTimer)
                  00007158    00000012                   : pwm.obj (.text:PWMGenPeriodGet)
                  0000716a    00000012                   : pwm.obj (.text:PWMOutputInvert)
                  0000717c    00000012                   : pwm.obj (.text:PWMOutputState)
                  0000718e    00000012                   : timer.obj (.text:TimerLoadSet)
                  000071a0    00000012                   : timer.obj (.text:TimerMatchSet)
                  000071b2    00000012                   : timer.obj (.text:TimerPrescaleMatchSet)
                  000071c4    00000012                   : timer.obj (.text:TimerPrescaleSet)
                  000071d6    00000002     --HOLE-- [fill = 0]
                  000071d8    00000012     sysbios.aem4f : BIOS.obj (.text:ti_sysbios_hal_Hwi_Module_startup__E)
                  000071ea    00000012     empty_min_pem4f.oem4f (.text:xdc_runtime_Startup_exec__I)
                  000071fc    00000010     empty_min_pem4f.oem4f (.text:.bootCodeSection:ti_catalog_arm_cortexm4_tiva_ce_Boot_init__I)
                  0000720c    00000010     driverlib.lib : pwm.obj (.text:PWMGenPeriodSet)
                  0000721c    00000010     drivers_tivaware.aem4f : PWM.oem4f (.text:PWM_Params_init)
                  0000722c    00000004     --HOLE-- [fill = 0]
                  00007230    00000010     sysbios.aem4f : BIOS.obj (.text:ti_sysbios_BIOS_getCpuFreq__E)
                  00007240    00000010                   : BIOS.obj (.text:ti_sysbios_BIOS_setThreadType__E)
                  00007250    00000010                   : BIOS.obj (.text:ti_sysbios_BIOS_start__E)
                  00007260    00000010                   : m3_TaskSupport_asm.obj (.text:ti_sysbios_family_arm_m3_TaskSupport_glue)
                  00007270    00000010                   : BIOS.obj (.text:ti_sysbios_gates_GateMutex_Instance_finalize__E)
                  00007280    00000010     empty_min_pem4f.oem4f (.text:ti_sysbios_knl_Mailbox_Object__get__S)
                  00007290    00000010     sysbios.aem4f : BIOS.obj (.text:ti_sysbios_knl_Semaphore_Instance_finalize__E)
                  000072a0    00000010                   : BIOS.obj (.text:ti_sysbios_knl_Swi_disable__E)
                  000072b0    00000010     empty_min_pem4f.oem4f (.text:ti_sysbios_knl_Task_Object__get__S)
                  000072c0    00000010     sysbios.aem4f : BIOS.obj (.text:ti_sysbios_knl_Task_disable__E)
                  000072d0    00000010     ti.targets.arm.rtsarm.aem4f : Gate.oem4f (.text:xdc_runtime_Gate_leaveSystem__E)
                  000072e0    00000010                                 : Memory.oem4f (.text:xdc_runtime_Memory_free__E)
                  000072f0    00000010                                 : SysMin.oem4f (.text:xdc_runtime_SysMin_ready__E)
                  00007300    00000010                                 : System.oem4f (.text:xdc_runtime_System_vsnprintf__E)
                  00007310    00000010     empty_min_pem4f.oem4f (.text:xdc_runtime_Text_visitRope__I)
                  00007320    0000000e     driverlib.lib : gpio.obj (.text:GPIOIntStatus)
                  0000732e    0000000e                   : timer.obj (.text:TimerEnable)
                  0000733c    0000000e     rtsv7M4_T_le_v4SPD16_eabi.lib : copy_decompress_none.c.obj (.text:decompress:none:__TI_decompress_none)
                  0000734a    00000006     driverlib.lib : gpio.obj (.text:GPIOPinWrite)
                  00007350    0000000e     sysbios.aem4f : BIOS.obj (.text:ti_sysbios_knl_Idle_loop__E)
                  0000735e    00000002     --HOLE-- [fill = 0]
                  00007360    0000000e                   : BIOS.obj (.text:ti_sysbios_knl_Queue_empty__E)
                  0000736e    0000000c     driverlib.lib : gpio.obj (.text:GPIOIntEnable)
                  0000737a    0000000c                   : pwm.obj (.text:PWMGenDisable)
                  00007386    0000000c                   : pwm.obj (.text:PWMGenEnable)
                  00007392    00000002     --HOLE-- [fill = 0]
                  00007394    0000000c     rtsv7M4_T_le_v4SPD16_eabi.lib : _lock.c.obj (.text:_register_lock)
                  000073a0    0000000c                                   : _lock.c.obj (.text:_register_unlock)
                  000073ac    0000000c     OurTimers.obj (.text:clk0_swi_clk_fxn)
                  000073b8    0000000c     rtsv7M4_T_le_v4SPD16_eabi.lib : copy_zero_init.c.obj (.text:decompress:ZI:__TI_zero_init)
                  000073c4    00000004     --HOLE-- [fill = 0]
                  000073c8    0000000c     sysbios.aem4f : BIOS.obj (.text:ti_sysbios_family_arm_lm4_Timer_getAvailMask__E)
                  000073d4    00000004     --HOLE-- [fill = 0]
                  000073d8    0000000c                   : BIOS.obj (.text:ti_sysbios_family_arm_lm4_Timer_getMaxTicks__E)
                  000073e4    0000000c     empty_min_pem4f.oem4f (.text:ti_sysbios_family_arm_m3_Hwi_Params__init__S)
                  000073f0    0000000c     sysbios.aem4f : BIOS.obj (.text:ti_sysbios_family_arm_m3_Hwi_disableFxn__E)
                  000073fc    00000004     --HOLE-- [fill = 0]
                  00007400    0000000c                   : BIOS.obj (.text:ti_sysbios_family_arm_m3_TaskSupport_checkStack__E)
                  0000740c    00000004     --HOLE-- [fill = 0]
                  00007410    0000000c                   : BIOS.obj (.text:ti_sysbios_family_arm_m3_TaskSupport_getStackAlignment__E)
                  0000741c    00000004     --HOLE-- [fill = 0]
                  00007420    0000000c                   : BIOS.obj (.text:ti_sysbios_gates_GateHwi_enter__E)
                  0000742c    0000000c     empty_min_pem4f.oem4f (.text:ti_sysbios_knl_Clock_Params__init__S)
                  00007438    0000000c     main.obj (.text:ti_sysbios_knl_Clock_handle)
                  00007444    0000000c     empty_min_pem4f.oem4f (.text:ti_sysbios_knl_Event_Params__init__S)
                  00007450    0000000c     main.obj (.text:ti_sysbios_knl_Event_handle)
                  0000745c    0000000c     empty_min_pem4f.oem4f (.text:ti_sysbios_knl_Mailbox_Params__init__S)
                  00007468    0000000c     main.obj (.text:ti_sysbios_knl_Mailbox_handle)
                  00007474    0000000c     empty_min_pem4f.oem4f (.text:ti_sysbios_knl_Queue_Object__get__S)
                  00007480    0000000c     empty_min_pem4f.oem4f (.text:ti_sysbios_knl_Queue_Params__init__S)
                  0000748c    0000000c     main.obj (.text:ti_sysbios_knl_Queue_handle)
                  00007498    0000000c     empty_min_pem4f.oem4f (.text:ti_sysbios_knl_Semaphore_Params__init__S)
                  000074a4    0000000c     empty_min_pem4f.oem4f (.text:ti_sysbios_knl_Task_Params__init__S)
                  000074b0    0000000c     ti.targets.arm.rtsarm.aem4f : Error.oem4f (.text:xdc_runtime_Error_init__E)
                  000074bc    0000000c                                 : Gate.oem4f (.text:xdc_runtime_Gate_enterSystem__E)
                  000074c8    0000000c                                 : Memory.oem4f (.text:xdc_runtime_Memory_calloc__E)
                  000074d4    0000000c                                 : Memory.oem4f (.text:xdc_runtime_Memory_getMaxDefaultTypeAlign__E)
                  000074e0    0000000a     driverlib.lib : i2c.obj (.text:I2CMasterDisable)
                  000074ea    0000000a                   : i2c.obj (.text:I2CMasterEnable)
                  000074f4    0000000a     drivers_tivaware.aem4f : I2CTiva.oem4f (.text:I2CTiva_init)
                  000074fe    0000000a                            : PWMTimerTiva.oem4f (.text:PWMTimerTiva_getPeriodCounts)
                  00007508    0000000a                            : PWM.oem4f (.text:PWM_setDuty)
                  00007512    0000000a     empty_min_pem4f.oem4f (.text:xdc_runtime_IHeap_alloc)
                  0000751c    0000000a     empty_min_pem4f.oem4f (.text:xdc_runtime_IHeap_free)
                  00007526    00000008     OurMotors.obj (.text:ConfigureMotors)
                  0000752e    00000008     EK_TM4C1294XL.obj (.text:EK_TM4C1294XL_initGPIO)
                  00007536    00000008     driverlib.lib : i2c.obj (.text:I2CMasterIntClear)
                  0000753e    00000008                   : i2c.obj (.text:I2CMasterSlaveAddrSet)
                  00007546    00000008     drivers_tivaware.aem4f : I2CTiva.oem4f (.text:I2CTiva_blockingCallback)
                  0000754e    00000008                            : PWMTimerTiva.oem4f (.text:PWMTimerTiva_init)
                  00007556    00000008     sysbios.aem4f : BIOS.obj (.text:ti_sysbios_family_arm_lm4_Timer_masterDisable__I)
                  0000755e    00000002     --HOLE-- [fill = 0]
                  00007560    00000008                   : BIOS.obj (.text:ti_sysbios_family_arm_m3_Hwi_doSwiRestore__I)
                  00007568    00000008                   : BIOS.obj (.text:ti_sysbios_family_arm_m3_Hwi_startup__E)
                  00007570    00000006     driverlib.lib : i2c.obj (.text:I2CMasterIntDisable)
                  00007576    00000006                   : i2c.obj (.text:I2CMasterIntEnable)
                  0000757c    00000006     drivers_tivaware.aem4f : I2CTiva.oem4f (.text:I2CTiva_control)
                  00007582    00000006                            : PWMTimerTiva.oem4f (.text:PWMTimerTiva_getPeriodMicroSecs)
                  00007588    00000006     sysbios.aem4f : BIOS.obj (.text:ti_sysbios_family_arm_m3_Hwi_doTaskRestore__I)
                  0000758e    00000002     --HOLE-- [fill = 0]
                  00007590    00000006                   : BIOS.obj (.text:ti_sysbios_family_arm_m3_Hwi_restoreFxn__E)
                  00007596    00000002     --HOLE-- [fill = 0]
                  00007598    00000006                   : BIOS.obj (.text:ti_sysbios_gates_GateHwi_leave__E)
                  0000759e    00000002     --HOLE-- [fill = 0]
                  000075a0    00000006                   : BIOS.obj (.text:ti_sysbios_heaps_HeapMem_isBlocking__E)
                  000075a6    00000002     --HOLE-- [fill = 0]
                  000075a8    00000006                   : BIOS.obj (.text:ti_sysbios_knl_Queue_Instance_init__E)
                  000075ae    00000002     --HOLE-- [fill = 0]
                  000075b0    00000006                   : BIOS.obj (.text:ti_sysbios_knl_Swi_startup__E)
                  000075b6    00000006     ti.targets.arm.rtsarm.aem4f : System.oem4f (.text:xdc_runtime_System_Module_startup__E)
                  000075bc    00000004     --HOLE-- [fill = 0]
                  000075c0    00000004     sysbios.aem4f : BIOS.obj (.text:ti_sysbios_gates_GateHwi_query__E)
                  000075c4    00000004     --HOLE-- [fill = 0]
                  000075c8    00000004                   : BIOS.obj (.text:ti_sysbios_gates_GateMutex_query__E)
                  000075cc    00000004     --HOLE-- [fill = 0]
                  000075d0    00000004                   : BIOS.obj (.text:ti_sysbios_knl_Task_startup__E)
                  000075d4    00000004     --HOLE-- [fill = 0]
                  000075d8    00000002                   : BIOS.obj (.text:ti_sysbios_gates_GateHwi_Instance_init__E)
                  000075da    00000006     --HOLE-- [fill = 0]
                  000075e0    00000002                   : BIOS.obj (.text:ti_sysbios_knl_Clock_logTick__E)

.const     0    000075e4    00002463     
                  000075e4    000018f6     empty_min_pem4f.oem4f (.const:xdc_runtime_Text_charTab__A)
                  00008eda    00000002     empty_min_pem4f.oem4f (.const:ti_catalog_arm_cortexm4_tiva_ce_Boot_Module__id__C)
                  00008edc    00000120     Boot.aem4f : Boot_sysctl.oem4f (.const:g_pppui32XTALtoVCO)
                  00008ffc    000000c4     empty_min_pem4f.oem4f (.const:xdc_runtime_Text_nodeTab__A)
                  000090c0    00000090     driverlib.lib : gpio.obj (.const:g_pui32GPIOBaseAddrs)
                  00009150    0000006c     Boot.aem4f : Boot_sysctl.oem4f (.const:g_pui32Xtals)
                  000091bc    0000006c     driverlib.lib : sysctl.obj (.const:g_pui32Xtals)
                  00009228    00000060     MotorLib.lib : motorlib.obj (.const:PWM_config)
                  00009288    00000054     drivers_tivaware.aem4f : GPIOTiva.oem4f (.const:.string)
                  000092dc    00000054     MotorLib.lib : motorlib.obj (.const:motorLibPWMTivaHWAttrs)
                  00009330    00000048     empty_min_pem4f.oem4f (.const:.string)
                  00009378    00000048     drivers_tivaware.aem4f : GPIOTiva.oem4f (.const:gpioBaseAddresses)
                  000093c0    0000003c     empty_min_pem4f.oem4f (.const:ti_sysbios_knl_Task_Object__PARAMS__C)
                  000093fc    00000034     empty_min_pem4f.oem4f (.const:ti_sysbios_knl_Mailbox_Object__PARAMS__C)
                  00009430    00000030     Boot.aem4f : Boot_sysctl.oem4f (.const:g_sXTALtoMEMTIM)
                  00009460    00000030     empty_min_pem4f.oem4f (.const:ti_sysbios_family_arm_m3_Hwi_Object__PARAMS__C)
                  00009490    00000028     empty_min_pem4f.oem4f (.const:ti_sysbios_heaps_HeapMem_Module__FXNS__C)
                  000094b8    00000024     EK_TM4C1294XL.obj (.const:I2C_config)
                  000094dc    00000024     empty_min_pem4f.oem4f (.const:ti_sysbios_gates_GateHwi_Module__FXNS__C)
                  00009500    00000024     empty_min_pem4f.oem4f (.const:ti_sysbios_gates_GateMutex_Module__FXNS__C)
                  00009524    00000024     empty_min_pem4f.oem4f (.const:ti_sysbios_heaps_HeapMem_Object__PARAMS__C)
                  00009548    00000024     empty_min_pem4f.oem4f (.const:ti_sysbios_knl_Clock_Object__PARAMS__C)
                  0000956c    00000024     empty_min_pem4f.oem4f (.const:ti_sysbios_knl_Semaphore_Object__PARAMS__C)
                  00009590    00000024     empty_min_pem4f.oem4f (.const:xdc_runtime_Startup_sfxnTab__A)
                  000095b4    00000020     drivers_tivaware.aem4f : PWMTimerTiva.oem4f (.const)
                  000095d4    00000020                            : PWMTiva.oem4f (.const)
                  000095f4    00000020     empty_min_pem4f.oem4f (.const:ti_sysbios_family_arm_m3_Hwi_Object__DESC__C)
                  00009614    00000020     empty_min_pem4f.oem4f (.const:ti_sysbios_gates_GateHwi_Object__DESC__C)
                  00009634    00000020     empty_min_pem4f.oem4f (.const:ti_sysbios_gates_GateMutex_Object__DESC__C)
                  00009654    00000020     empty_min_pem4f.oem4f (.const:ti_sysbios_heaps_HeapMem_Object__DESC__C)
                  00009674    00000020     empty_min_pem4f.oem4f (.const:ti_sysbios_knl_Clock_Object__DESC__C)
                  00009694    00000020     empty_min_pem4f.oem4f (.const:ti_sysbios_knl_Event_Object__DESC__C)
                  000096b4    00000020     empty_min_pem4f.oem4f (.const:ti_sysbios_knl_Mailbox_Object__DESC__C)
                  000096d4    00000020     empty_min_pem4f.oem4f (.const:ti_sysbios_knl_Queue_Object__DESC__C)
                  000096f4    00000020     empty_min_pem4f.oem4f (.const:ti_sysbios_knl_Semaphore_Object__DESC__C)
                  00009714    00000020     empty_min_pem4f.oem4f (.const:ti_sysbios_knl_Task_Object__DESC__C)
                  00009734    0000001c     drivers_tivaware.aem4f : I2CTiva.oem4f (.const)
                  00009750    00000018     EK_TM4C1294XL.obj (.const:i2cTivaHWAttrs)
                  00009768    00000018     empty_min_pem4f.oem4f (.const:ti_sysbios_gates_GateHwi_Object__PARAMS__C)
                  00009780    00000018     empty_min_pem4f.oem4f (.const:ti_sysbios_gates_GateMutex_Object__PARAMS__C)
                  00009798    00000018     empty_min_pem4f.oem4f (.const:ti_sysbios_knl_Event_Object__PARAMS__C)
                  000097b0    00000018     empty_min_pem4f.oem4f (.const:ti_sysbios_knl_Queue_Object__PARAMS__C)
                  000097c8    00000014     EK_TM4C1294XL.obj (.const:GPIOTiva_config)
                  000097dc    00000014     empty_min_pem4f.oem4f (.const:xdc_runtime_Startup_firstFxns__A)
                  000097f0    00000012     empty_min_pem4f.oem4f (.const:xdc_runtime_Startup_sfxnRts__A)
                  00009802    00000002     empty_min_pem4f.oem4f (.const:ti_sysbios_family_arm_m3_Hwi_Module__id__C)
                  00009804    00000010     MotorLib.lib : motorlib.obj (.const:motorLibPWMTimerTivaHWAttrs)
                  00009814    0000000c     drivers_tivaware.aem4f : PWM.oem4f (.const)
                  00009820    00000008     Boot.aem4f : Boot_sysctl.oem4f (.const)
                  00009828    00000008     empty_min_pem4f.oem4f (.const:ti_sysbios_family_arm_m3_Hwi_excHookFuncs__A)
                  00009830    00000008     empty_min_pem4f.oem4f (.const:ti_sysbios_knl_Idle_funcList__C)
                  00009838    00000008     empty_min_pem4f.oem4f (.const:xdc_runtime_Startup_firstFxns__C)
                  00009840    00000008     empty_min_pem4f.oem4f (.const:xdc_runtime_Startup_lastFxns__C)
                  00009848    00000004     empty_min_pem4f.oem4f (.const:ti_catalog_arm_cortexm4_tiva_ce_Boot_A_mustNotUseEnhancedClockMode__C)
                  0000984c    00000004     empty_min_pem4f.oem4f (.const:ti_catalog_arm_cortexm4_tiva_ce_Boot_Module__diagsEnabled__C)
                  00009850    00000004     empty_min_pem4f.oem4f (.const:ti_catalog_arm_cortexm4_tiva_ce_Boot_Module__diagsIncluded__C)
                  00009854    00000004     empty_min_pem4f.oem4f (.const:ti_catalog_arm_cortexm4_tiva_ce_Boot_Module__diagsMask__C)
                  00009858    00000004     empty_min_pem4f.oem4f (.const:ti_sysbios_family_arm_lm4_Timer_enableFunc__C)
                  0000985c    00000004     empty_min_pem4f.oem4f (.const:ti_sysbios_family_arm_lm4_Timer_numTimerDevices__C)
                  00009860    00000004     empty_min_pem4f.oem4f (.const:ti_sysbios_family_arm_lm4_Timer_startupNeeded__C)
                  00009864    00000004     empty_min_pem4f.oem4f (.const:ti_sysbios_family_arm_m3_Hwi_E_NMI__C)
                  00009868    00000004     empty_min_pem4f.oem4f (.const:ti_sysbios_family_arm_m3_Hwi_E_alreadyDefined__C)
                  0000986c    00000004     empty_min_pem4f.oem4f (.const:ti_sysbios_family_arm_m3_Hwi_E_busFault__C)
                  00009870    00000004     empty_min_pem4f.oem4f (.const:ti_sysbios_family_arm_m3_Hwi_E_debugMon__C)
                  00009874    00000004     empty_min_pem4f.oem4f (.const:ti_sysbios_family_arm_m3_Hwi_E_hardFault__C)
                  00009878    00000004     empty_min_pem4f.oem4f (.const:ti_sysbios_family_arm_m3_Hwi_E_memFault__C)
                  0000987c    00000004     empty_min_pem4f.oem4f (.const:ti_sysbios_family_arm_m3_Hwi_E_noIsr__C)
                  00009880    00000004     empty_min_pem4f.oem4f (.const:ti_sysbios_family_arm_m3_Hwi_E_reserved__C)
                  00009884    00000004     empty_min_pem4f.oem4f (.const:ti_sysbios_family_arm_m3_Hwi_E_svCall__C)
                  00009888    00000004     empty_min_pem4f.oem4f (.const:ti_sysbios_family_arm_m3_Hwi_E_usageFault__C)
                  0000988c    00000004     empty_min_pem4f.oem4f (.const:ti_sysbios_family_arm_m3_Hwi_NUM_INTERRUPTS__C)
                  00009890    00000004     empty_min_pem4f.oem4f (.const:ti_sysbios_family_arm_m3_Hwi_Object__count__C)
                  00009894    00000004     empty_min_pem4f.oem4f (.const:ti_sysbios_family_arm_m3_Hwi_ccr__C)
                  00009898    00000004     empty_min_pem4f.oem4f (.const:ti_sysbios_family_arm_m3_Hwi_excHandlerFunc__C)
                  0000989c    00000004     empty_min_pem4f.oem4f (.const:ti_sysbios_family_arm_m3_Hwi_excHookFuncs__C)
                  000098a0    00000004     empty_min_pem4f.oem4f (.const:ti_sysbios_family_arm_m3_Hwi_nullIsrFunc__C)
                  000098a4    00000004     empty_min_pem4f.oem4f (.const:ti_sysbios_family_arm_m3_Hwi_priGroup__C)
                  000098a8    00000004     empty_min_pem4f.oem4f (.const:ti_sysbios_family_arm_m3_TaskSupport_stackAlignment__C)
                  000098ac    00000004     empty_min_pem4f.oem4f (.const:ti_sysbios_gates_GateMutex_A_badContext__C)
                  000098b0    00000004     empty_min_pem4f.oem4f (.const:ti_sysbios_gates_GateMutex_Instance_State_sem__O)
                  000098b4    00000004     empty_min_pem4f.oem4f (.const:ti_sysbios_gates_GateMutex_Module__diagsEnabled__C)
                  000098b8    00000004     empty_min_pem4f.oem4f (.const:ti_sysbios_gates_GateMutex_Module__diagsIncluded__C)
                  000098bc    00000004     empty_min_pem4f.oem4f (.const:ti_sysbios_gates_GateMutex_Module__diagsMask__C)
                  000098c0    00000004     empty_min_pem4f.oem4f (.const:ti_sysbios_hal_Hwi_E_stackOverflow__C)
                  000098c4    00000004     empty_min_pem4f.oem4f (.const:ti_sysbios_heaps_HeapMem_A_align__C)
                  000098c8    00000004     empty_min_pem4f.oem4f (.const:ti_sysbios_heaps_HeapMem_A_heapSize__C)
                  000098cc    00000004     empty_min_pem4f.oem4f (.const:ti_sysbios_heaps_HeapMem_A_invalidFree__C)
                  000098d0    00000004     empty_min_pem4f.oem4f (.const:ti_sysbios_heaps_HeapMem_A_zeroBlock__C)
                  000098d4    00000004     empty_min_pem4f.oem4f (.const:ti_sysbios_heaps_HeapMem_E_memory__C)
                  000098d8    00000004     empty_min_pem4f.oem4f (.const:ti_sysbios_heaps_HeapMem_Module__diagsEnabled__C)
                  000098dc    00000004     empty_min_pem4f.oem4f (.const:ti_sysbios_heaps_HeapMem_Module__diagsIncluded__C)
                  000098e0    00000004     empty_min_pem4f.oem4f (.const:ti_sysbios_heaps_HeapMem_Module__diagsMask__C)
                  000098e4    00000004     empty_min_pem4f.oem4f (.const:ti_sysbios_heaps_HeapMem_Module__gateObj__C)
                  000098e8    00000004     empty_min_pem4f.oem4f (.const:ti_sysbios_heaps_HeapMem_Object__count__C)
                  000098ec    00000004     empty_min_pem4f.oem4f (.const:ti_sysbios_heaps_HeapMem_reqAlign__C)
                  000098f0    00000004     empty_min_pem4f.oem4f (.const:ti_sysbios_knl_Clock_A_badThreadType__C)
                  000098f4    00000004     empty_min_pem4f.oem4f (.const:ti_sysbios_knl_Clock_Module_State_clockQ__O)
                  000098f8    00000004     empty_min_pem4f.oem4f (.const:ti_sysbios_knl_Clock_Module__diagsEnabled__C)
                  000098fc    00000004     empty_min_pem4f.oem4f (.const:ti_sysbios_knl_Clock_Module__diagsIncluded__C)
                  00009900    00000004     empty_min_pem4f.oem4f (.const:ti_sysbios_knl_Clock_Module__diagsMask__C)
                  00009904    00000004     empty_min_pem4f.oem4f (.const:ti_sysbios_knl_Event_Instance_State_pendQ__O)
                  00009908    00000004     empty_min_pem4f.oem4f (.const:ti_sysbios_knl_Idle_funcList__A)
                  0000990c    00000004     empty_min_pem4f.oem4f (.const:ti_sysbios_knl_Mailbox_A_invalidBufSize__C)
                  00009910    00000004     empty_min_pem4f.oem4f (.const:ti_sysbios_knl_Mailbox_Instance_State_dataQue__O)
                  00009914    00000004     empty_min_pem4f.oem4f (.const:ti_sysbios_knl_Mailbox_Instance_State_dataSem__O)
                  00009918    00000004     empty_min_pem4f.oem4f (.const:ti_sysbios_knl_Mailbox_Instance_State_freeQue__O)
                  0000991c    00000004     empty_min_pem4f.oem4f (.const:ti_sysbios_knl_Mailbox_Instance_State_freeSem__O)
                  00009920    00000004     empty_min_pem4f.oem4f (.const:ti_sysbios_knl_Mailbox_Module__diagsEnabled__C)
                  00009924    00000004     empty_min_pem4f.oem4f (.const:ti_sysbios_knl_Mailbox_Module__diagsIncluded__C)
                  00009928    00000004     empty_min_pem4f.oem4f (.const:ti_sysbios_knl_Mailbox_Module__diagsMask__C)
                  0000992c    00000004     empty_min_pem4f.oem4f (.const:ti_sysbios_knl_Mailbox_Object__count__C)
                  00009930    00000004     empty_min_pem4f.oem4f (.const:ti_sysbios_knl_Mailbox_maxTypeAlign__C)
                  00009934    00000004     empty_min_pem4f.oem4f (.const:ti_sysbios_knl_Semaphore_A_badContext__C)
                  00009938    00000004     empty_min_pem4f.oem4f (.const:ti_sysbios_knl_Semaphore_A_noEvents__C)
                  0000993c    00000004     empty_min_pem4f.oem4f (.const:ti_sysbios_knl_Semaphore_A_overflow__C)
                  00009940    00000004     empty_min_pem4f.oem4f (.const:ti_sysbios_knl_Semaphore_A_pendTaskDisabled__C)
                  00009944    00000004     empty_min_pem4f.oem4f (.const:ti_sysbios_knl_Semaphore_Instance_State_pendQ__O)
                  00009948    00000004     empty_min_pem4f.oem4f (.const:ti_sysbios_knl_Semaphore_Module__diagsEnabled__C)
                  0000994c    00000004     empty_min_pem4f.oem4f (.const:ti_sysbios_knl_Semaphore_Module__diagsIncluded__C)
                  00009950    00000004     empty_min_pem4f.oem4f (.const:ti_sysbios_knl_Semaphore_Module__diagsMask__C)
                  00009954    00000004     empty_min_pem4f.oem4f (.const:ti_sysbios_knl_Swi_Object__count__C)
                  00009958    00000004     empty_min_pem4f.oem4f (.const:ti_sysbios_knl_Task_A_badPriority__C)
                  0000995c    00000004     empty_min_pem4f.oem4f (.const:ti_sysbios_knl_Task_A_badTaskState__C)
                  00009960    00000004     empty_min_pem4f.oem4f (.const:ti_sysbios_knl_Task_A_badThreadType__C)
                  00009964    00000004     empty_min_pem4f.oem4f (.const:ti_sysbios_knl_Task_A_noPendElem__C)
                  00009968    00000004     empty_min_pem4f.oem4f (.const:ti_sysbios_knl_Task_E_spOutOfBounds__C)
                  0000996c    00000004     empty_min_pem4f.oem4f (.const:ti_sysbios_knl_Task_E_stackOverflow__C)
                  00009970    00000004     empty_min_pem4f.oem4f (.const:ti_sysbios_knl_Task_Module_State_inactiveQ__O)
                  00009974    00000004     empty_min_pem4f.oem4f (.const:ti_sysbios_knl_Task_Module__diagsEnabled__C)
                  00009978    00000004     empty_min_pem4f.oem4f (.const:ti_sysbios_knl_Task_Module__diagsIncluded__C)
                  0000997c    00000004     empty_min_pem4f.oem4f (.const:ti_sysbios_knl_Task_Module__diagsMask__C)
                  00009980    00000004     empty_min_pem4f.oem4f (.const:ti_sysbios_knl_Task_Object__count__C)
                  00009984    00000004     empty_min_pem4f.oem4f (.const:ti_sysbios_knl_Task_allBlockedFunc__C)
                  00009988    00000004     empty_min_pem4f.oem4f (.const:ti_sysbios_knl_Task_defaultStackHeap__C)
                  0000998c    00000004     empty_min_pem4f.oem4f (.const:ti_sysbios_knl_Task_defaultStackSize__C)
                  00009990    00000004     empty_min_pem4f.oem4f (.const:ti_sysbios_knl_Task_numConstructedTasks__C)
                  00009994    00000004     empty_min_pem4f.oem4f (.const:xdc_runtime_Assert_E_assertFailed__C)
                  00009998    00000004     empty_min_pem4f.oem4f (.const:xdc_runtime_Core_A_initializedParams__C)
                  0000999c    00000004     empty_min_pem4f.oem4f (.const:xdc_runtime_Core_Module__diagsEnabled__C)
                  000099a0    00000004     empty_min_pem4f.oem4f (.const:xdc_runtime_Core_Module__diagsIncluded__C)
                  000099a4    00000004     empty_min_pem4f.oem4f (.const:xdc_runtime_Core_Module__diagsMask__C)
                  000099a8    00000004     empty_min_pem4f.oem4f (.const:xdc_runtime_Error_E_generic__C)
                  000099ac    00000004     empty_min_pem4f.oem4f (.const:xdc_runtime_Error_E_memory__C)
                  000099b0    00000004     empty_min_pem4f.oem4f (.const:xdc_runtime_Error_Module__diagsEnabled__C)
                  000099b4    00000004     empty_min_pem4f.oem4f (.const:xdc_runtime_Error_Module__diagsIncluded__C)
                  000099b8    00000004     empty_min_pem4f.oem4f (.const:xdc_runtime_Error_Module__diagsMask__C)
                  000099bc    00000004     empty_min_pem4f.oem4f (.const:xdc_runtime_Error_Module__loggerFxn8__C)
                  000099c0    00000004     empty_min_pem4f.oem4f (.const:xdc_runtime_Error_Module__loggerObj__C)
                  000099c4    00000004     empty_min_pem4f.oem4f (.const:xdc_runtime_Error_policyFxn__C)
                  000099c8    00000004     empty_min_pem4f.oem4f (.const:xdc_runtime_Error_raiseHook__C)
                  000099cc    00000004     empty_min_pem4f.oem4f (.const:xdc_runtime_IGateProvider_Interface__BASE__C)
                  000099d0    00000004     empty_min_pem4f.oem4f (.const:xdc_runtime_IHeap_Interface__BASE__C)
                  000099d4    00000004     empty_min_pem4f.oem4f (.const:xdc_runtime_IModule_Interface__BASE__C)
                  000099d8    00000004     empty_min_pem4f.oem4f (.const:xdc_runtime_Log_L_error__C)
                  000099dc    00000004     empty_min_pem4f.oem4f (.const:xdc_runtime_Memory_defaultHeapInstance__C)
                  000099e0    00000004     empty_min_pem4f.oem4f (.const:xdc_runtime_Startup_execImpl__C)
                  000099e4    00000004     empty_min_pem4f.oem4f (.const:xdc_runtime_Startup_maxPasses__C)
                  000099e8    00000004     empty_min_pem4f.oem4f (.const:xdc_runtime_Startup_sfxnRts__C)
                  000099ec    00000004     empty_min_pem4f.oem4f (.const:xdc_runtime_Startup_sfxnTab__C)
                  000099f0    00000004     empty_min_pem4f.oem4f (.const:xdc_runtime_SysMin_bufSize__C)
                  000099f4    00000004     empty_min_pem4f.oem4f (.const:xdc_runtime_SysMin_outputFunc__C)
                  000099f8    00000004     empty_min_pem4f.oem4f (.const:xdc_runtime_System_Module__gateObj__C)
                  000099fc    00000004     empty_min_pem4f.oem4f (.const:xdc_runtime_System_abortFxn__C)
                  00009a00    00000004     empty_min_pem4f.oem4f (.const:xdc_runtime_System_exitFxn__C)
                  00009a04    00000004     empty_min_pem4f.oem4f (.const:xdc_runtime_System_extendFxn__C)
                  00009a08    00000004     empty_min_pem4f.oem4f (.const:xdc_runtime_System_maxAtexitHandlers__C)
                  00009a0c    00000004     empty_min_pem4f.oem4f (.const:xdc_runtime_Text_charTab__C)
                  00009a10    00000004     empty_min_pem4f.oem4f (.const:xdc_runtime_Text_nameEmpty__C)
                  00009a14    00000004     empty_min_pem4f.oem4f (.const:xdc_runtime_Text_nameStatic__C)
                  00009a18    00000004     empty_min_pem4f.oem4f (.const:xdc_runtime_Text_nameUnknown__C)
                  00009a1c    00000004     empty_min_pem4f.oem4f (.const:xdc_runtime_Text_nodeTab__C)
                  00009a20    00000004     empty_min_pem4f.oem4f (.const:xdc_runtime_Text_visitRopeFxn__C)
                  00009a24    00000002     empty_min_pem4f.oem4f (.const:ti_sysbios_gates_GateMutex_Module__id__C)
                  00009a26    00000002     empty_min_pem4f.oem4f (.const:ti_sysbios_hal_Hwi_Module__id__C)
                  00009a28    00000002     empty_min_pem4f.oem4f (.const:ti_sysbios_heaps_HeapMem_Module__id__C)
                  00009a2a    00000002     empty_min_pem4f.oem4f (.const:ti_sysbios_knl_Clock_Module__id__C)
                  00009a2c    00000002     empty_min_pem4f.oem4f (.const:ti_sysbios_knl_Mailbox_Module__id__C)
                  00009a2e    00000002     empty_min_pem4f.oem4f (.const:ti_sysbios_knl_Semaphore_Module__id__C)
                  00009a30    00000002     empty_min_pem4f.oem4f (.const:ti_sysbios_knl_Task_Module__id__C)
                  00009a32    00000002     empty_min_pem4f.oem4f (.const:xdc_runtime_Core_Module__id__C)
                  00009a34    00000002     empty_min_pem4f.oem4f (.const:xdc_runtime_Error_Module__loggerDefined__C)
                  00009a36    00000002     empty_min_pem4f.oem4f (.const:xdc_runtime_Error_maxDepth__C)
                  00009a38    00000002     empty_min_pem4f.oem4f (.const:xdc_runtime_Main_Module__id__C)
                  00009a3a    00000002     empty_min_pem4f.oem4f (.const:xdc_runtime_Memory_Module__id__C)
                  00009a3c    00000002     empty_min_pem4f.oem4f (.const:xdc_runtime_SysMin_flushAtExit__C)
                  00009a3e    00000002     empty_min_pem4f.oem4f (.const:xdc_runtime_Text_charCnt__C)
                  00009a40    00000002     empty_min_pem4f.oem4f (.const:xdc_runtime_Text_isLoaded__C)
                  00009a42    00000002     empty_min_pem4f.oem4f (.const:xdc_runtime_Text_registryModsLastId__C)
                  00009a44    00000002     empty_min_pem4f.oem4f (.const:xdc_runtime_Text_unnamedModsLastId__C)
                  00009a46    00000001     empty_min_pem4f.oem4f (.const:xdc_runtime_Error_policy__C)

.cinit     0    00009a48    00000240     
                  00009a48    00000207     (.cinit..data.load) [load image, compression = lzss]
                  00009c4f    00000001     --HOLE-- [fill = 0]
                  00009c50    0000000c     (__TI_handler_table)
                  00009c5c    00000004     --HOLE-- [fill = 0]
                  00009c60    00000008     (.cinit..bss.load) [load image, compression = zero_init]
                  00009c68    00000008     (.cinit..vecs.load) [load image, compression = zero_init]
                  00009c70    00000018     (__TI_cinit_table)

.init_array 
*          0    00000000    00000000     UNINITIALIZED

.resetVecs 
*          0    00000000    0000003c     
                  00000000    0000003c     empty_min_pem4f.oem4f (.resetVecs)

.bss       0    20000360    000014d8     UNINITIALIZED
                  20000360    00000400     (.common:ti_sysbios_heaps_HeapMem_Instance_State_0_buf__A)
                  20000760    00000360     (.common:ti_sysbios_family_arm_m3_Hwi_dispatchTable)
                  20000ac0    00000200     empty_min_pem4f.oem4f (.bss:taskStackSection)
                  20000cc0    00000200     (.common:MotorTask_Stack)
                  20000ec0    00000200     (.common:MotorTransitionTask_Stack)
                  200010c0    00000200     (.common:task1Stack)
                  200012c0    00000120     rtsv7M4_T_le_v4SPD16_eabi.lib : trgmsg.c.obj (.bss:_CIOBUF_)
                  200013e0    00000100     (.common:i2cTivaObjects)
                  200014e0    00000090     drivers_tivaware.aem4f : GPIOTiva.oem4f (.bss:gpioCallbackInfo)
                  20001570    00000080     (.common:xdc_runtime_SysMin_Module_State_0_outbuf__A)
                  200015f0    0000006c     (.common:mbxStruct)
                  2000165c    00000050     (.common:MotorTask_Struct)
                  200016ac    00000050     (.common:MotorTransitionTask_Struct)
                  200016fc    00000050     (.common:task1Struct)
                  2000174c    00000038     (.common:motorLibPWMObjects)
                  20001784    00000024     (.common:clk0Struct)
                  200017a8    00000020     MotorLib.lib : motorlib.obj (.bss:PWMStruct)
                  200017c8    00000018     (.common:HallISR_QueueParams)
                  200017e0    00000018     (.common:motorLibPWMTimerObjects)
                  200017f8    00000014     (.common:evtStruct)
                  2000180c    0000000c     (.common:HallISR_Queue)
                  20001818    00000008     (.common:parmbuf)
                  20001820    00000004     (.common:HallISR_QueueHandle)
                  20001824    00000004     (.common:clk0Handle)
                  20001828    00000004     (.common:evtHandle)
                  2000182c    00000004     (.common:gateHwi)
                  20001830    00000004     (.common:gpioInterruptVectors)
                  20001834    00000004     (.common:mbxHandle)

.data      0    20001838    0000047c     UNINITIALIZED
                  20001838    00000080     empty_min_pem4f.oem4f (.data:ti_sysbios_knl_Swi_Module_State_0_readyQ__A)
                  200018b8    00000080     empty_min_pem4f.oem4f (.data:ti_sysbios_knl_Task_Module_State_0_readyQ__A)
                  20001938    0000004c     empty_min_pem4f.oem4f (.data:ti_sysbios_knl_Task_Object__table__V)
                  20001984    00000044     empty_min_pem4f.oem4f (.data:ti_sysbios_knl_Task_Module__state__V)
                  200019c8    00000040     empty_min_pem4f.oem4f (.data:ti_sysbios_family_arm_lm4_Timer_Module_State_0_device__A)
                  20001a08    00000040     empty_min_pem4f.oem4f (.data:ti_sysbios_family_arm_lm4_Timer_Object__table__V)
                  20001a48    00000038     empty_min_pem4f.oem4f (.data:ti_sysbios_gates_GateMutex_Object__table__V)
                  20001a80    00000034     empty_min_pem4f.oem4f (.data:ti_sysbios_family_arm_m3_Hwi_Module__state__V)
                  20001ab4    00000030     empty_min_pem4f.oem4f (.data:ti_sysbios_knl_Swi_Object__table__V)
                  20001ae4    0000002c     empty_min_pem4f.oem4f (.data:ti_sysbios_knl_Clock_Module__state__V)
                  20001b10    00000024     empty_min_pem4f.oem4f (.data:ti_sysbios_BIOS_Module__state__V)
                  20001b34    00000020     EK_TM4C1294XL.obj (.data:gpioCallbackFunctions)
                  20001b54    00000020     EK_TM4C1294XL.obj (.data:gpioPinConfigs)
                  20001b74    00000020     empty_min_pem4f.oem4f (.data:ti_sysbios_family_arm_lm4_Timer_Module_State_0_handles__A)
                  20001b94    0000001c     empty_min_pem4f.oem4f (.data:ti_sysbios_knl_Swi_Module__state__V)
                  20001bb0    00000018     drivers_tivaware.aem4f : PWMTiva.oem4f (.data)
                  20001bc8    00000018     empty_min_pem4f.oem4f (.data:ti_sysbios_family_arm_m3_Hwi_Object__table__V)
                  20001be0    00000018     empty_min_pem4f.oem4f (.data:ti_sysbios_heaps_HeapMem_Object__table__V)
                  20001bf8    0000000c     empty_min_pem4f.oem4f (.data:ti_sysbios_family_arm_lm4_Timer_Module__state__V)
                  20001c04    0000000c     empty_min_pem4f.oem4f (.data:xdc_runtime_SysMin_Module__state__V)
                  20001c10    00000008     rtsv7M4_T_le_v4SPD16_eabi.lib : _lock.c.obj (.data:$O1$$)
                  20001c18    00000008     empty_min_pem4f.oem4f (.data:ti_sysbios_family_arm_m3_Hwi_Module__root__V)
                  20001c20    00000008     empty_min_pem4f.oem4f (.data:ti_sysbios_gates_GateHwi_Module__root__V)
                  20001c28    00000008     empty_min_pem4f.oem4f (.data:ti_sysbios_gates_GateMutex_Module__root__V)
                  20001c30    00000008     empty_min_pem4f.oem4f (.data:ti_sysbios_heaps_HeapMem_Module__root__V)
                  20001c38    00000008     empty_min_pem4f.oem4f (.data:ti_sysbios_knl_Clock_Module__root__V)
                  20001c40    00000008     empty_min_pem4f.oem4f (.data:ti_sysbios_knl_Event_Module__root__V)
                  20001c48    00000008     empty_min_pem4f.oem4f (.data:ti_sysbios_knl_Mailbox_Module__root__V)
                  20001c50    00000008     empty_min_pem4f.oem4f (.data:ti_sysbios_knl_Queue_Module__root__V)
                  20001c58    00000008     empty_min_pem4f.oem4f (.data:ti_sysbios_knl_Semaphore_Module__root__V)
                  20001c60    00000008     empty_min_pem4f.oem4f (.data:ti_sysbios_knl_Task_Module__root__V)
                  20001c68    00000008     empty_min_pem4f.oem4f (.data:xdc_runtime_Registry_Module__state__V)
                  20001c70    00000008     empty_min_pem4f.oem4f (.data:xdc_runtime_Startup_Module__state__V)
                  20001c78    00000008     empty_min_pem4f.oem4f (.data:xdc_runtime_System_Module_State_0_atexitHandlers__A)
                  20001c80    00000008     empty_min_pem4f.oem4f (.data:xdc_runtime_System_Module__state__V)
                  20001c88    00000005     drivers_tivaware.aem4f : GPIOTiva.oem4f (.data)
                  20001c8d    00000003     main.obj (.data)
                  20001c90    00000004     drivers_tivaware.aem4f : I2C.oem4f (.data)
                  20001c94    00000004                            : PWM.oem4f (.data)
                  20001c98    00000004     rtsv7M4_T_le_v4SPD16_eabi.lib : stkdepth_vars.c.obj (.data)
                  20001c9c    00000004     empty_min_pem4f.oem4f (.data:ti_sysbios_family_arm_m3_Hwi_Module_State_0_excContext__A)
                  20001ca0    00000004     empty_min_pem4f.oem4f (.data:ti_sysbios_family_arm_m3_Hwi_Module_State_0_excStack__A)
                  20001ca4    00000004     empty_min_pem4f.oem4f (.data:ti_sysbios_gates_GateHwi_Object__table__V)
                  20001ca8    00000004     empty_min_pem4f.oem4f (.data:ti_sysbios_knl_Task_Module_State_0_idleTask__A)
                  20001cac    00000004     empty_min_pem4f.oem4f (.data:xdc_runtime_Memory_Module__state__V)
                  20001cb0    00000002     empty_min_pem4f.oem4f (.data:ti_sysbios_family_arm_m3_Hwi_Module_State_0_excActive__A)
                  20001cb2    00000002     empty_min_pem4f.oem4f (.data:xdc_runtime_Error_Module__state__V)

.stack     0    20001cb8    00000300     UNINITIALIZED
                  20001cb8    00000300     --HOLE--

.bootVecs 
*          0    00000000    00000008     DSECT
                  00000000    00000008     boot.aem4f : boot.oem4f (.bootVecs)

.vecs      0    20000000    00000360     UNINITIALIZED
                  20000000    00000360     empty_min_pem4f.oem4f (.vecs)

xdc.meta   0    00000000    000000fe     COPY SECTION
                  00000000    000000fe     empty_min_pem4f.oem4f (xdc.meta)

__llvm_prf_cnts 
*          0    20000000    00000000     UNINITIALIZED

MODULE SUMMARY

       Module                       code    ro data   rw data
       ------                       ----    -------   -------
    .\
       main.obj                     702     0         1995   
       EK_TM4C1294XL.obj            296     80        320    
    +--+----------------------------+-------+---------+---------+
       Total:                       998     80        2315   
                                                             
    .\OGcreations\OurMotorFuncs\
       OurMotors.obj                857     0         4      
    +--+----------------------------+-------+---------+---------+
       Total:                       857     0         4      
                                                             
    .\OGcreations\OurTimingFuncs\
       OurTimers.obj                12      0         0      
    +--+----------------------------+-------+---------+---------+
       Total:                       12      0         0      
                                                             
    C:\Users\Delluser\Desktop\Projects go in here\Get Rotated Project\Debug\configPkg\package\cfg\
       empty_min_pem4f.oem4f        2038    8135      4424   
    +--+----------------------------+-------+---------+---------+
       Total:                       2038    8135      4424   
                                                             
    ../drivers/MotorLib.lib
       motorlib.obj                 1708    196       112    
    +--+----------------------------+-------+---------+---------+
       Total:                       1708    196       112    
                                                             
    C:/ti/tirtos_tivac_2_16_01_14/products/TivaWare_C_Series-2.1.1.71b/driverlib/ccs/Debug/driverlib.lib
       gpio.obj                     644     144       0      
       sysctl.obj                   396     108       0      
       timer.obj                    226     0         0      
       pwm.obj                      178     0         0      
       i2c.obj                      154     0         0      
    +--+----------------------------+-------+---------+---------+
       Total:                       1598    252       0      
                                                             
    C:/ti/tirtos_tivac_2_16_01_14/products/tidrivers_tivac_2_16_01_13/packages/ti/drivers/lib/drivers_tivaware.aem4f
       GPIOTiva.oem4f               812     156       153    
       PWMTiva.oem4f                962     32        24     
       I2CTiva.oem4f                798     28        0      
       PWMTimerTiva.oem4f           666     32        0      
       PWM.oem4f                    130     12        4      
       I2C.oem4f                    56      0         4      
    +--+----------------------------+-------+---------+---------+
       Total:                       3424    260       185    
                                                             
    C:\Users\Delluser\Desktop\Projects go in here\Get Rotated Project\src\sysbios\sysbios.aem4f
       BIOS.obj                     12814   0         0      
       m3_Hwi_asm.obj               314     0         0      
       m3_TaskSupport_asm.obj       180     0         0      
       m3_Hwi_asm_switch.obj        118     0         0      
    +--+----------------------------+-------+---------+---------+
       Total:                       13426   0         0      
                                                             
    C:\ti\ccs1220\ccs\tools\compiler\ti-cgt-arm_20.2.7.LTS\lib\rtsv7M4_T_le_v4SPD16_eabi.lib
       trgmsg.c.obj                 108     0         288    
       memcpy_t2.asm.obj            156     0         0      
       memset_t2.asm.obj            122     0         0      
       copy_decompress_lzss.c.obj   104     0         0      
       hostwrite.c.obj              88      0         0      
       cpy_tbl.c.obj                76      0         0      
       u_divt2.asm.obj              64      0         0      
       _lock.c.obj                  26      0         8      
       args_main.c.obj              24      0         0      
       strlen.c.obj                 20      0         0      
       copy_decompress_none.c.obj   14      0         0      
       copy_zero_init.c.obj         12      0         0      
[...]
00009674  ti_sysbios_knl_Clock_Object__DESC__C                                 
00009694  ti_sysbios_knl_Event_Object__DESC__C                                 
000096b4  ti_sysbios_knl_Mailbox_Object__DESC__C                               
000096d4  ti_sysbios_knl_Queue_Object__DESC__C                                 
000096f4  ti_sysbios_knl_Semaphore_Object__DESC__C                             
00009714  ti_sysbios_knl_Task_Object__DESC__C                                  
00009734  I2CTiva_fxnTable                                                     
00009750  i2cTivaHWAttrs                                                       
00009768  ti_sysbios_gates_GateHwi_Object__PARAMS__C                           
00009780  ti_sysbios_gates_GateMutex_Object__PARAMS__C                         
00009798  ti_sysbios_knl_Event_Object__PARAMS__C                               
000097b0  ti_sysbios_knl_Queue_Object__PARAMS__C                               
000097c8  GPIOTiva_config                                                      
000097dc  xdc_runtime_Startup_firstFxns__A                                     
000097f0  xdc_runtime_Startup_sfxnRts__A                                       
00009802  ti_sysbios_family_arm_m3_Hwi_Module__id__C                           
00009804  motorLibPWMTimerTivaHWAttrs                                          
00009814  PWM_defaultParams                                                    
00009828  ti_sysbios_family_arm_m3_Hwi_excHookFuncs__A                         
00009830  ti_sysbios_knl_Idle_funcList__C                                      
00009838  xdc_runtime_Startup_firstFxns__C                                     
00009840  xdc_runtime_Startup_lastFxns__C                                      
00009848  ti_catalog_arm_cortexm4_tiva_ce_Boot_A_mustNotUseEnhancedClockMode__C
0000984c  ti_catalog_arm_cortexm4_tiva_ce_Boot_Module__diagsEnabled__C         
00009850  ti_catalog_arm_cortexm4_tiva_ce_Boot_Module__diagsIncluded__C        
00009854  ti_catalog_arm_cortexm4_tiva_ce_Boot_Module__diagsMask__C            
00009858  ti_sysbios_family_arm_lm4_Timer_enableFunc__C                        
0000985c  ti_sysbios_family_arm_lm4_Timer_numTimerDevices__C                   
00009860  ti_sysbios_family_arm_lm4_Timer_startupNeeded__C                     
00009864  ti_sysbios_family_arm_m3_Hwi_E_NMI__C                                
00009868  ti_sysbios_family_arm_m3_Hwi_E_alreadyDefined__C                     
0000986c  ti_sysbios_family_arm_m3_Hwi_E_busFault__C                           
00009870  ti_sysbios_family_arm_m3_Hwi_E_debugMon__C                           
00009874  ti_sysbios_family_arm_m3_Hwi_E_hardFault__C                          
00009878  ti_sysbios_family_arm_m3_Hwi_E_memFault__C                           
0000987c  ti_sysbios_family_arm_m3_Hwi_E_noIsr__C                              
00009880  ti_sysbios_family_arm_m3_Hwi_E_reserved__C                           
00009884  ti_sysbios_family_arm_m3_Hwi_E_svCall__C                             
00009888  ti_sysbios_family_arm_m3_Hwi_E_usageFault__C                         
0000988c  ti_sysbios_family_arm_m3_Hwi_NUM_INTERRUPTS__C                       
00009890  ti_sysbios_family_arm_m3_Hwi_Object__count__C                        
00009894  ti_sysbios_family_arm_m3_Hwi_ccr__C                                  
00009898  ti_sysbios_family_arm_m3_Hwi_excHandlerFunc__C                       
0000989c  ti_sysbios_family_arm_m3_Hwi_excHookFuncs__C                         
000098a0  ti_sysbios_family_arm_m3_Hwi_nullIsrFunc__C                          
000098a4  ti_sysbios_family_arm_m3_Hwi_priGroup__C                             
000098a8  ti_sysbios_family_arm_m3_TaskSupport_stackAlignment__C               
000098ac  ti_sysbios_gates_GateMutex_A_badContext__C                           
000098b0  ti_sysbios_gates_GateMutex_Instance_State_sem__O                     
000098b4  ti_sysbios_gates_GateMutex_Module__diagsEnabled__C                   
000098b8  ti_sysbios_gates_GateMutex_Module__diagsIncluded__C                  
000098bc  ti_sysbios_gates_GateMutex_Module__diagsMask__C                      
000098c0  ti_sysbios_hal_Hwi_E_stackOverflow__C                                
000098c4  ti_sysbios_heaps_HeapMem_A_align__C                                  
000098c8  ti_sysbios_heaps_HeapMem_A_heapSize__C                               
000098cc  ti_sysbios_heaps_HeapMem_A_invalidFree__C                            
000098d0  ti_sysbios_heaps_HeapMem_A_zeroBlock__C                              
000098d4  ti_sysbios_heaps_HeapMem_E_memory__C                                 
000098d8  ti_sysbios_heaps_HeapMem_Module__diagsEnabled__C                     
000098dc  ti_sysbios_heaps_HeapMem_Module__diagsIncluded__C                    
000098e0  ti_sysbios_heaps_HeapMem_Module__diagsMask__C                        
000098e4  ti_sysbios_heaps_HeapMem_Module__gateObj__C                          
000098e8  ti_sysbios_heaps_HeapMem_Object__count__C                            
000098ec  ti_sysbios_heaps_HeapMem_reqAlign__C                                 
000098f0  ti_sysbios_knl_Clock_A_badThreadType__C                              
000098f4  ti_sysbios_knl_Clock_Module_State_clockQ__O                          
000098f8  ti_sysbios_knl_Clock_Module__diagsEnabled__C                         
000098fc  ti_sysbios_knl_Clock_Module__diagsIncluded__C                        
00009900  ti_sysbios_knl_Clock_Module__diagsMask__C                            
00009904  ti_sysbios_knl_Event_Instance_State_pendQ__O                         
00009908  ti_sysbios_knl_Idle_funcList__A                                      
0000990c  ti_sysbios_knl_Mailbox_A_invalidBufSize__C                           
00009910  ti_sysbios_knl_Mailbox_Instance_State_dataQue__O                     
00009914  ti_sysbios_knl_Mailbox_Instance_State_dataSem__O                     
00009918  ti_sysbios_knl_Mailbox_Instance_State_freeQue__O                     
0000991c  ti_sysbios_knl_Mailbox_Instance_State_freeSem__O                     
00009920  ti_sysbios_knl_Mailbox_Module__diagsEnabled__C                       
00009924  ti_sysbios_knl_Mailbox_Module__diagsIncluded__C                      
00009928  ti_sysbios_knl_Mailbox_Module__diagsMask__C                          
0000992c  ti_sysbios_knl_Mailbox_Object__count__C                              
00009930  ti_sysbios_knl_Mailbox_maxTypeAlign__C                               
00009934  ti_sysbios_knl_Semaphore_A_badContext__C                             
00009938  ti_sysbios_knl_Semaphore_A_noEvents__C                               
0000993c  ti_sysbios_knl_Semaphore_A_overflow__C                               
00009940  ti_sysbios_knl_Semaphore_A_pendTaskDisabled__C                       
00009944  ti_sysbios_knl_Semaphore_Instance_State_pendQ__O                     
00009948  ti_sysbios_knl_Semaphore_Module__diagsEnabled__C                     
0000994c  ti_sysbios_knl_Semaphore_Module__diagsIncluded__C                    
00009950  ti_sysbios_knl_Semaphore_Module__diagsMask__C                        
00009954  ti_sysbios_knl_Swi_Object__count__C                                  
00009958  ti_sysbios_knl_Task_A_badPriority__C                                 
0000995c  ti_sysbios_knl_Task_A_badTaskState__C                                
00009960  ti_sysbios_knl_Task_A_badThreadType__C                               
00009964  ti_sysbios_knl_Task_A_noPendElem__C                                  
00009968  ti_sysbios_knl_Task_E_spOutOfBounds__C                               
0000996c  ti_sysbios_knl_Task_E_stackOverflow__C                               
00009970  ti_sysbios_knl_Task_Module_State_inactiveQ__O                        
00009974  ti_sysbios_knl_Task_Module__diagsEnabled__C                          
00009978  ti_sysbios_knl_Task_Module__diagsIncluded__C                         
0000997c  ti_sysbios_knl_Task_Module__diagsMask__C                             
00009980  ti_sysbios_knl_Task_Object__count__C                                 
00009984  ti_sysbios_knl_Task_allBlockedFunc__C                                
00009988  ti_sysbios_knl_Task_defaultStackHeap__C                              
0000998c  ti_sysbios_knl_Task_defaultStackSize__C                              
00009990  ti_sysbios_knl_Task_numConstructedTasks__C                           
00009994  xdc_runtime_Assert_E_assertFailed__C                                 
00009998  xdc_runtime_Core_A_initializedParams__C                              
0000999c  xdc_runtime_Core_Module__diagsEnabled__C                             
000099a0  xdc_runtime_Core_Module__diagsIncluded__C                            
000099a4  xdc_runtime_Core_Module__diagsMask__C                                
000099a8  xdc_runtime_Error_E_generic__C                                       
000099ac  xdc_runtime_Error_E_memory__C                                        
000099b0  xdc_runtime_Error_Module__diagsEnabled__C                            
000099b4  xdc_runtime_Error_Module__diagsIncluded__C                           
000099b8  xdc_runtime_Error_Module__diagsMask__C                               
000099bc  xdc_runtime_Error_Module__loggerFxn8__C                              
000099c0  xdc_runtime_Error_Module__loggerObj__C                               
000099c4  xdc_runtime_Error_policyFxn__C                                       
000099c8  xdc_runtime_Error_raiseHook__C                                       
000099cc  xdc_runtime_IGateProvider_Interface__BASE__C                         
000099d0  xdc_runtime_IHeap_Interface__BASE__C                                 
000099d4  xdc_runtime_IModule_Interface__BASE__C                               
000099d8  xdc_runtime_Log_L_error__C                                           
000099dc  xdc_runtime_Memory_defaultHeapInstance__C                            
000099e0  xdc_runtime_Startup_execImpl__C                                      
000099e4  xdc_runtime_Startup_maxPasses__C                                     
000099e8  xdc_runtime_Startup_sfxnRts__C                                       
000099ec  xdc_runtime_Startup_sfxnTab__C                                       
000099f0  xdc_runtime_SysMin_bufSize__C                                        
000099f4  xdc_runtime_SysMin_outputFunc__C                                     
000099f8  xdc_runtime_System_Module__gateObj__C                                
000099fc  xdc_runtime_System_abortFxn__C                                       
00009a00  xdc_runtime_System_exitFxn__C                                        
00009a04  xdc_runtime_System_extendFxn__C                                      
00009a08  xdc_runtime_System_maxAtexitHandlers__C                              
00009a0c  xdc_runtime_Text_charTab__C                                          
00009a10  xdc_runtime_Text_nameEmpty__C                                        
00009a14  xdc_runtime_Text_nameStatic__C                                       
00009a18  xdc_runtime_Text_nameUnknown__C                                      
00009a1c  xdc_runtime_Text_nodeTab__C                                          
00009a20  xdc_runtime_Text_visitRopeFxn__C                                     
00009a24  ti_sysbios_gates_GateMutex_Module__id__C                             
00009a26  ti_sysbios_hal_Hwi_Module__id__C                                     
00009a28  ti_sysbios_heaps_HeapMem_Module__id__C                               
00009a2a  ti_sysbios_knl_Clock_Module__id__C                                   
00009a2c  ti_sysbios_knl_Mailbox_Module__id__C                                 
00009a2e  ti_sysbios_knl_Semaphore_Module__id__C                               
00009a30  ti_sysbios_knl_Task_Module__id__C                                    
00009a32  xdc_runtime_Core_Module__id__C                                       
00009a34  xdc_runtime_Error_Module__loggerDefined__C                           
00009a36  xdc_runtime_Error_maxDepth__C                                        
00009a38  xdc_runtime_Main_Module__id__C                                       
00009a3a  xdc_runtime_Memory_Module__id__C                                     
00009a3c  xdc_runtime_SysMin_flushAtExit__C                                    
00009a3e  xdc_runtime_Text_charCnt__C                                          
00009a40  xdc_runtime_Text_isLoaded__C                                         
00009a42  xdc_runtime_Text_registryModsLastId__C                               
00009a44  xdc_runtime_Text_unnamedModsLastId__C                                
00009a46  xdc_runtime_Error_policy__C                                          
00009a48  __TI_static_base__                                                   
00009c50  __TI_Handler_Table_Base                                              
00009c5c  __TI_Handler_Table_Limit                                             
00009c70  __TI_CINIT_Base                                                      
00009c88  __TI_CINIT_Limit                                                     
20000000  __start___llvm_prf_cnts                                              
20000000  __stop___llvm_prf_cnts                                               
20000000  ti_sysbios_family_arm_m3_Hwi_ramVectors                              
20000360  ti_sysbios_heaps_HeapMem_Instance_State_0_buf__A                     
20000760  ti_sysbios_family_arm_m3_Hwi_dispatchTable                           
20000ac0  ti_sysbios_knl_Task_Instance_State_0_stack__A                        
20000cc0  MotorTask_Stack                                                      
20000ec0  MotorTransitionTask_Stack                                            
200010c0  task1Stack                                                           
200012c0  __CIOBUF_                                                            
200013e0  i2cTivaObjects                                                       
20001570  xdc_runtime_SysMin_Module_State_0_outbuf__A                          
200015f0  mbxStruct                                                            
2000165c  MotorTask_Struct                                                     
200016ac  MotorTransitionTask_Struct                                           
200016fc  task1Struct                                                          
2000174c  motorLibPWMObjects                                                   
20001784  clk0Struct                                                           
200017c8  HallISR_QueueParams                                                  
200017e0  motorLibPWMTimerObjects                                              
200017f8  evtStruct                                                            
2000180c  HallISR_Queue                                                        
20001818  parmbuf                                                              
20001820  HallISR_QueueHandle                                                  
20001824  clk0Handle                                                           
20001828  evtHandle                                                            
2000182c  gateHwi                                                              
20001834  mbxHandle                                                            
20001838  ti_sysbios_knl_Swi_Module_State_0_readyQ__A                          
200018b8  ti_sysbios_knl_Task_Module_State_0_readyQ__A                         
20001938  ti_sysbios_knl_Task_Object__table__V                                 
20001984  ti_sysbios_knl_Task_Module__state__V                                 
200019c8  ti_sysbios_family_arm_lm4_Timer_Module_State_0_device__A             
20001a08  ti_sysbios_family_arm_lm4_Timer_Object__table__V                     
20001a48  ti_sysbios_gates_GateMutex_Object__table__V                          
20001a80  ti_sysbios_family_arm_m3_Hwi_Module__state__V                        
20001ab4  ti_sysbios_knl_Swi_Object__table__V                                  
20001ae4  ti_sysbios_knl_Clock_Module__state__V                                
20001b10  ti_sysbios_BIOS_Module__state__V                                     
20001b34  gpioCallbackFunctions                                                
20001b54  gpioPinConfigs                                                       
20001b74  ti_sysbios_family_arm_lm4_Timer_Module_State_0_handles__A            
20001b94  ti_sysbios_knl_Swi_Module__state__V                                  
20001bc8  ti_sysbios_family_arm_m3_Hwi_Object__table__V                        
20001be0  ti_sysbios_heaps_HeapMem_Object__table__V                            
20001bf8  ti_sysbios_family_arm_lm4_Timer_Module__state__V                     
20001c04  xdc_runtime_SysMin_Module__state__V                                  
20001c10  _lock                                                                
20001c14  _unlock                                                              
20001c18  ti_sysbios_family_arm_m3_Hwi_Module__root__V                         
20001c20  ti_sysbios_gates_GateHwi_Module__root__V                             
20001c28  ti_sysbios_gates_GateMutex_Module__root__V                           
20001c30  ti_sysbios_heaps_HeapMem_Module__root__V                             
20001c38  ti_sysbios_knl_Clock_Module__root__V                                 
20001c40  ti_sysbios_knl_Event_Module__root__V                                 
20001c48  ti_sysbios_knl_Mailbox_Module__root__V                               
20001c50  ti_sysbios_knl_Queue_Module__root__V                                 
20001c58  ti_sysbios_knl_Semaphore_Module__root__V                             
20001c60  ti_sysbios_knl_Task_Module__root__V                                  
20001c68  xdc_runtime_Registry_Module__state__V                                
20001c70  xdc_runtime_Startup_Module__state__V                                 
20001c78  xdc_runtime_System_Module_State_0_atexitHandlers__A                  
20001c80  xdc_runtime_System_Module__state__V                                  
20001c8d  Hall_a                                                               
20001c8e  Hall_b                                                               
20001c8f  Hall_c                                                               
20001c98  main_func_sp                                                         
20001c9c  ti_sysbios_family_arm_m3_Hwi_Module_State_0_excContext__A            
20001ca0  ti_sysbios_family_arm_m3_Hwi_Module_State_0_excStack__A              
20001ca4  ti_sysbios_gates_GateHwi_Object__table__V                            
20001ca8  ti_sysbios_knl_Task_Module_State_0_idleTask__A                       
20001cac  xdc_runtime_Memory_Module__state__V                                  
20001cb0  ti_sysbios_family_arm_m3_Hwi_Module_State_0_excActive__A             
20001cb2  xdc_runtime_Error_Module__state__V                                   
20001cb8  __stack                                                              
20001fb8  __STACK_END                                                          
e000e000  ti_sysbios_family_arm_m3_Hwi_nvic                                    
ffffffff  __TI_pprof_out_hndl                                                  
ffffffff  __TI_prof_data_size                                                  
ffffffff  __TI_prof_data_start                                                 
ffffffff  __binit__                                                            
ffffffff  __c_args__                                                           
ffffffff  binit                                                                
UNDEFED   SHT$$INIT_ARRAY$$Base                                                
UNDEFED   SHT$$INIT_ARRAY$$Limit                                               

[705 symbols]
