******************************************************************************
                  TI ARM Linker PC v20.2.7                     
******************************************************************************
>> Linked Sat May 27 15:46:38 2023

OUTPUT FILE NAME:   <Get Rotated Project.out>
ENTRY POINT SYMBOL: "_c_int00"  address: 000076b1


MEMORY CONFIGURATION

         name            origin    length      used     unused   attr    fill
----------------------  --------  ---------  --------  --------  ----  --------
  FLASH                 00000000   00100000  0000d456  000f2baa  R  X
  SRAM                  20000000   00040000  00003c7e  0003c382  RW X


SEGMENT ALLOCATION MAP

run origin  load origin   length   init length attrs members
----------  ----------- ---------- ----------- ----- -------
00000000    00000000    0000d460   0000d460    r-x
  00000000    00000000    0000003c   0000003c    r-- .resetVecs
  00000040    00000040    00009c4a   00009c4a    r-x .text
  00009c90    00009c90    00003588   00003588    r-- .const
  0000d218    0000d218    00000248   00000248    r-- .cinit
20000000    20000000    00003c80   00000000    rw-
  20000000    20000000    00000360   00000000    rw- .vecs
  20000360    20000360    0000319c   00000000    rw- .bss
  200034fc    200034fc    00000482   00000000    rw- .data
  20003980    20003980    00000300   00000000    rw- .stack


SECTION ALLOCATION MAP

 output                                  attributes/
section   page    origin      length       input sections
--------  ----  ----------  ----------   ----------------
.text      0    00000040    00009c4a     
                  00000040    00000a4e     rtsv7M4_T_le_v4SPD16_eabi.lib : _printfi.c.obj (.text:__TI_printfi)
                  00000a8e    00000002                                   : _lock.c.obj (.text:_nop)
                  00000a90    000006ac     MotorLib.lib : motorlib.obj (.text)
                  0000113c    00000004     driverlib.lib : i2c.obj (.text:I2CMasterControl)
                  00001140    00000430     sysbios.aem4f : BIOS.obj (.text:ti_sysbios_family_arm_m3_Hwi_excDumpRegs__I)
                  00001570    0000034c     ti.targets.arm.rtsarm.aem4f : System.oem4f (.text:xdc_runtime_System_doPrint__I)
                  000018bc    00000004     driverlib.lib : i2c.obj (.text:I2CMasterDataGet)
                  000018c0    000002d0     sysbios.aem4f : BIOS.obj (.text:ti_sysbios_knl_Semaphore_pend__E)
                  00001b90    00000270     rtsv7M4_T_le_v4SPD16_eabi.lib : _printfi.c.obj (.text:_pconv_a)
                  00001e00    0000026c     sysbios.aem4f : BIOS.obj (.text:ti_sysbios_heaps_HeapMem_free__E)
                  0000206c    00000004     driverlib.lib : i2c.obj (.text:I2CMasterDataPut)
                  00002070    00000250     sysbios.aem4f : BIOS.obj (.text:ti_sysbios_heaps_HeapMem_alloc__E)
                  000022c0    00000240     main.obj (.text:main)
                  00002500    00000234     sysbios.aem4f : BIOS.obj (.text:ti_sysbios_knl_Task_Instance_finalize__E)
                  00002734    00000204     Boot.aem4f : Boot_sysctl.oem4f (.text:ti_catalog_arm_cortexm4_tiva_ce_Boot_sysCtlClockFreqSetI__I)
                  00002938    00000200     rtsv7M4_T_le_v4SPD16_eabi.lib : s_exp2.c.obj (.text:exp2)
                  00002b38    000001f4     sysbios.aem4f : BIOS.obj (.text:ti_sysbios_family_arm_m3_Hwi_excHandlerMax__I)
                  00002d2c    00000004     rtsv7M4_T_le_v4SPD16_eabi.lib : exit.c.obj (.text:abort:abort)
                  00002d30    000001f0     sysbios.aem4f : BIOS.obj (.text:ti_sysbios_knl_Task_sleep__E)
                  00002f20    000001d0     rtsv7M4_T_le_v4SPD16_eabi.lib : _printfi.c.obj (.text:_pconv_g)
                  000030f0    000001c0     sysbios.aem4f : BIOS.obj (.text:ti_sysbios_knl_Task_Instance_init__E)
                  000032b0    000001b6     rtsv7M4_T_le_v4SPD16_eabi.lib : fd_add_t2.asm.obj (.text)
                  00003466    00000002                                   : div0.asm.obj (.text)
                  00003468    00000174     sysbios.aem4f : BIOS.obj (.text:ti_sysbios_family_arm_m3_Hwi_excBusFault__I)
                  000035dc    00000170     drivers_tivaware.aem4f : PWMTiva.oem4f (.text:PWMTiva_open)
                  0000374c    00000004     empty_min_pem4f.oem4f (.text:ti_sysbios_BIOS_RtsGateProxy_enter__E)
                  00003750    00000164     sysbios.aem4f : BIOS.obj (.text:ti_sysbios_family_arm_m3_Hwi_excUsageFault__I)
                  000038b4    00000004     empty_min_pem4f.oem4f (.text:ti_sysbios_BIOS_RtsGateProxy_leave__E)
                  000038b8    00000154     sysbios.aem4f : BIOS.obj (.text:ti_sysbios_knl_Mailbox_Instance_init__E)
                  00003a0c    00000150     drivers_tivaware.aem4f : GPIOTiva.oem4f (.text:GPIO_setConfig)
                  00003b5c    00000004     sysbios.aem4f : BIOS.obj (.text:ti_sysbios_family_arm_lm4_Timer_masterEnable__I)
                  00003b60    00000148                   : BIOS.obj (.text:ti_sysbios_family_arm_m3_Hwi_excMemFault__I)
                  00003ca8    0000013c     rtsv7M4_T_le_v4SPD16_eabi.lib : _printfi.c.obj (.text:_pconv_e)
                  00003de4    00000004     empty_min_pem4f.oem4f (.text:ti_sysbios_family_arm_m3_Hwi_destruct)
                  00003de8    0000013c     sysbios.aem4f : BIOS.obj (.text:ti_sysbios_heaps_HeapMem_Instance_init__E)
                  00003f24    00000136     rtsv7M4_T_le_v4SPD16_eabi.lib : fd_div_t2.asm.obj (.text)
                  0000405a    00000130     driverlib.lib : gpio.obj (.text:GPIOPadConfigSet)
                  0000418a    00000002     empty_min_pem4f.oem4f (.text:ti_sysbios_BIOS_nullFunc__I)
                  0000418c    00000124     rtsv7M4_T_le_v4SPD16_eabi.lib : _printfi.c.obj (.text:fcvt)
                  000042b0    00000120     sysbios.aem4f : BIOS.obj (.text:ti_sysbios_family_arm_lm4_Timer_start__E)
                  000043d0    0000011c                   : BIOS.obj (.text:ti_sysbios_knl_Clock_Instance_init__E)
                  000044ec    00000118     ti.targets.arm.rtsarm.aem4f : Error.oem4f (.text:xdc_runtime_Error_policyDefault__E)
                  00004604    00000114     drivers_tivaware.aem4f : PWMTimerTiva.oem4f (.text:PWMTimerTiva_open)
                  00004718    00000110     rtsv7M4_T_le_v4SPD16_eabi.lib : s_scalbn.c.obj (.text:scalbn)
                  00004828    0000010c     driverlib.lib : sysctl.obj (.text:SysCtlClockGet)
                  00004934    00000100     ti.targets.arm.rtsarm.aem4f : Core-mem.oem4f (.text:xdc_runtime_Core_createObject__I)
                  00004a34    000000fc     rtsv7M4_T_le_v4SPD16_eabi.lib : fd_mul_t2.asm.obj (.text)
                  00004b30    000000f8     ti.targets.arm.rtsarm.aem4f : Startup.oem4f (.text:xdc_runtime_Startup_startMods__I)
                  00004c28    000000f8     empty_min_pem4f.oem4f (.text:xdc_runtime_System_printfExtend__I)
                  00004d20    000000f4     OurOpto.obj (.text:I2C_Opto3001Fxn)
                  00004e14    000000f4     sysbios.aem4f : m3_Hwi_asm.obj (.text:ti_sysbios_family_arm_m3_Hwi_dispatch__I)
                  00004f08    000000f0     drivers_tivaware.aem4f : PWMTiva.oem4f (.text:PWMTiva_setDuty)
                  00004ff8    000000ec     sysbios.aem4f : BIOS.obj (.text:ti_sysbios_knl_Semaphore_post__E)
                  000050e4    000000e0     drivers_tivaware.aem4f : I2CTiva.oem4f (.text:I2CTiva_open)
                  000051c4    000000d6                            : I2CTiva.oem4f (.text:I2CTiva_hwiFxn)
                  0000529a    00000002     empty_min_pem4f.oem4f (.text:xdc_runtime_Startup_reset__I)
                  0000529c    000000d4     OurMotors.obj (.text:MotorMonitorTask)
                  00005370    000000cc     ti.targets.arm.rtsarm.aem4f : Core-smem.oem4f (.text:xdc_runtime_Core_constructObject__I)
                  0000543c    00000004     empty_min_pem4f.oem4f (.text:ti_sysbios_family_arm_m3_TaskSupport_Module__startupDone__S)
                  00005440    000000bc     sysbios.aem4f : BIOS.obj (.text:ti_sysbios_family_arm_m3_Hwi_excDebugMon__I)
                  000054fc    00000004     empty_min_pem4f.oem4f (.text:ti_sysbios_heaps_HeapMem_Module_GateProxy_enter__E)
                  00005500    000000bc     sysbios.aem4f : BIOS.obj (.text:ti_sysbios_family_arm_m3_Hwi_excHardFault__I)
                  000055bc    000000b9     OurMotors.obj (.text:WriteAMessage)
                  00005675    00000003     --HOLE-- [fill = 0]
                  00005678    000000b8     EK_TM4C1294XL.obj (.text:EK_TM4C1294XL_initGeneral)
                  00005730    000000b8     drivers_tivaware.aem4f : PWMTimerTiva.oem4f (.text:PWMTimerTiva_setDuty)
                  000057e8    000000b4     sysbios.aem4f : BIOS.obj (.text:ti_sysbios_gates_GateMutex_enter__E)
                  0000589c    00000004     empty_min_pem4f.oem4f (.text:ti_sysbios_heaps_HeapMem_Module_GateProxy_leave__E)
                  000058a0    000000b4     sysbios.aem4f : BIOS.obj (.text:ti_sysbios_knl_Task_checkStacks__E)
                  00005954    000000b1     rtsv7M4_T_le_v4SPD16_eabi.lib : _printfi.c.obj (.text:_ltostr)
                  00005a05    00000003     --HOLE-- [fill = 0]
                  00005a08    000000ac     sysbios.aem4f : BIOS.obj (.text:ti_sysbios_family_arm_lm4_Timer_enableTiva__I)
                  00005ab4    00000004     empty_min_pem4f.oem4f (.text:ti_sysbios_knl_Clock_TimerProxy_getMaxTicks__E)
                  00005ab8    000000a8     sysbios.aem4f : BIOS.obj (.text:ti_sysbios_family_arm_lm4_Timer_enableTimers__I)
                  00005b60    000000a4     OurMotors.obj (.text:MotorTask)
                  00005c04    000000a0     auto_init.aem4f : auto_init.oem4f (.text)
                  00005ca4    000000a0     ti.targets.arm.rtsarm.aem4f : Text.oem4f (.text:xdc_runtime_Text_putMod__E)
                  00005d44    0000009c     rtsv7M4_T_le_v4SPD16_eabi.lib : memcpy_t2.asm.obj (.text)
                  00005de0    0000009c     sysbios.aem4f : BIOS.obj (.text:ti_sysbios_knl_Semaphore_Instance_init__E)
                  00005e7c    0000009a     ti.targets.arm.rtsarm.aem4f : Text.oem4f (.text:xdc_runtime_Text_putSite__E)
                  00005f16    00000002     --HOLE-- [fill = 0]
                  00005f18    00000098     i2cOptDriver.obj (.text:readI2C)
                  00005fb0    00000098     Boot.aem4f : Boot.oem4f (.text:ti_catalog_arm_cortexm4_tiva_ce_Boot_sysCtlClockFreqSet__E)
                  00006048    00000096     rtsv7M4_T_le_v4SPD16_eabi.lib : ull_div_t2.asm.obj (.text)
                  000060de    00000002     --HOLE-- [fill = 0]
                  000060e0    00000094     sysbios.aem4f : BIOS.obj (.text:ti_sysbios_family_arm_m3_Hwi_Instance_init__E)
                  00006174    00000004     empty_min_pem4f.oem4f (.text:ti_sysbios_knl_Queue_destruct)
                  00006178    00000094     sysbios.aem4f : BIOS.obj (.text:ti_sysbios_family_arm_m3_Hwi_initNVIC__E)
                  0000620c    00000004     empty_min_pem4f.oem4f (.text:ti_sysbios_knl_Semaphore_destruct)
                  00006210    00000094     sysbios.aem4f : BIOS.obj (.text:ti_sysbios_knl_Task_postInit__I)
                  000062a4    0000008c     drivers_tivaware.aem4f : GPIOTiva.oem4f (.text:GPIO_init)
                  00006330    0000008c     sysbios.aem4f : m3_TaskSupport_asm.obj (.text:ti_sysbios_family_arm_m3_TaskSupport_buildTaskStack)
                  000063bc    00000088     drivers_tivaware.aem4f : PWMTiva.oem4f (.text:PWMTiva_control)
                  00006444    00000004     ti.targets.arm.rtsarm.aem4f : Error.oem4f (.text:xdc_runtime_Error_getSite__E)
                  00006448    00000088     sysbios.aem4f : BIOS.obj (.text:ti_sysbios_knl_Mailbox_Module_startup__E)
                  000064d0    00000088                   : BIOS.obj (.text:ti_sysbios_knl_Mailbox_pend__E)
                  00006558    00000088                   : BIOS.obj (.text:ti_sysbios_knl_Mailbox_post__E)
                  000065e0    00000086     rtsv7M4_T_le_v4SPD16_eabi.lib : fd_cmp_t2.asm.obj (.text:__aeabi_cdcmple)
                  00006666    00000086                                   : fd_cmp_t2.asm.obj (.text:__aeabi_cdrcmple)
                  000066ec    00000004     empty_min_pem4f.oem4f (.text:xdc_runtime_System_Module_GateProxy_enter__E)
                  000066f0    00000084     sysbios.aem4f : BIOS.obj (.text:ti_sysbios_family_arm_m3_Hwi_postInit__I)
                  00006774    0000007e     drivers_tivaware.aem4f : I2CTiva.oem4f (.text:I2CTiva_transfer)
                  000067f2    0000007a     rtsv7M4_T_le_v4SPD16_eabi.lib : memset_t2.asm.obj (.text)
                  0000686c    00000004     empty_min_pem4f.oem4f (.text:xdc_runtime_System_Module_GateProxy_leave__E)
                  00006870    00000074     sysbios.aem4f : BIOS.obj (.text:ti_sysbios_knl_Clock_start__E)
                  000068e4    00000074     i2cOptDriver.obj (.text:writeI2C)
                  00006958    00000070     opt3001.obj (.text:sensorOpt3001Convert)
                  000069c8    00000070     sysbios.aem4f : BIOS.obj (.text:ti_sysbios_knl_Clock_workFunc__E)
                  00006a38    00000070                   : BIOS.obj (.text:ti_sysbios_knl_Mailbox_Instance_finalize__E)
                  00006aa8    00000070                   : BIOS.obj (.text:ti_sysbios_knl_Task_exit__E)
                  00006b18    0000006e     rtsv7M4_T_le_v4SPD16_eabi.lib : _printfi.c.obj (.text:_mcpy)
                  00006b86    0000006e                                   : fd_tos_t2.asm.obj (.text)
                  00006bf4    0000006d     ti.targets.arm.rtsarm.aem4f : System.oem4f (.text:xdc_runtime_System_formatNum__I)
                  00006c61    00000003     --HOLE-- [fill = 0]
                  00006c64    0000006c     OurMotors.obj (.text:HallSensorA_isr)
                  00006cd0    0000006c     OurMotors.obj (.text:HallSensorB_isr)
                  00006d3c    0000006c     OurMotors.obj (.text:HallSensorC_isr)
                  00006da8    0000006c     drivers_tivaware.aem4f : PWMTimerTiva.oem4f (.text:PWMTimerTiva_control)
                  00006e14    00000004     ti.targets.arm.rtsarm.aem4f : System.oem4f (.text:xdc_runtime_System_aprintf_va__F)
                  00006e18    0000006c     sysbios.aem4f : BIOS.obj (.text:ti_sysbios_knl_Swi_restoreHwi__E)
                  00006e84    0000006c     ti.targets.arm.rtsarm.aem4f : Error.oem4f (.text:xdc_runtime_Error_print__E)
                  00006ef0    0000006c                                 : Memory.oem4f (.text:xdc_runtime_Memory_alloc__E)
                  00006f5c    0000006a     drivers_tivaware.aem4f : PWMTiva.oem4f (.text:PWMTiva_close)
                  00006fc6    00000002     --HOLE-- [fill = 0]
                  00006fc8    00000068     EK_TM4C1294XL.obj (.text:EK_TM4C1294XL_initI2C)
                  00007030    00000068     rtsv7M4_T_le_v4SPD16_eabi.lib : copy_decompress_lzss.c.obj (.text:decompress:lzss:__TI_decompress_lzss)
                  00007098    00000066     ti.targets.arm.rtsarm.aem4f : Core-mem.oem4f (.text:xdc_runtime_Core_deleteObject__I)
                  000070fe    00000002     --HOLE-- [fill = 0]
                  00007100    00000064     drivers_tivaware.aem4f : GPIOTiva.oem4f (.text:GPIO_hwiIntFxn)
                  00007164    00000064     rtsv7M4_T_le_v4SPD16_eabi.lib : s_frexp.c.obj (.text:frexp)
                  000071c8    00000064     sysbios.aem4f : BIOS.obj (.text:ti_sysbios_family_arm_lm4_Timer_Module_startup__E)
                  0000722c    00000064     empty_min_pem4f.oem4f (.text:ti_sysbios_family_arm_m3_Hwi_create)
                  00007290    00000064     sysbios.aem4f : BIOS.obj (.text:ti_sysbios_family_arm_m3_Hwi_dispatchC__I)
                  000072f4    00000062     drivers_tivaware.aem4f : I2CTiva.oem4f (.text:I2CTiva_primeTransfer)
                  00007356    00000062     opt3001.obj (.text:sensorOpt3001Read)
                  000073b8    00000060     driverlib.lib : timer.obj (.text:TimerConfigure)
                  00007418    00000060     sysbios.aem4f : BIOS.obj (.text:ti_sysbios_knl_Task_schedule__I)
                  00007478    0000005e     opt3001.obj (.text:sensorOpt3001Test)
                  000074d6    00000002     --HOLE-- [fill = 0]
                  000074d8    0000005c     sysbios.aem4f : BIOS.obj (.text:ti_sysbios_knl_Swi_run__I)
                  00007534    00000004     ti.targets.arm.rtsarm.aem4f : System.oem4f (.text:xdc_runtime_System_printf_va__F)
                  00007538    0000005c     sysbios.aem4f : BIOS.obj (.text:ti_sysbios_knl_Swi_schedule__I)
                  00007594    00000004     --HOLE-- [fill = 0]
                  00007598    0000005c                   : BIOS.obj (.text:ti_sysbios_knl_Task_Module_startup__E)
                  000075f4    00000004     --HOLE-- [fill = 0]
                  000075f8    0000005c                   : BIOS.obj (.text:ti_sysbios_knl_Task_startCore__E)
                  00007654    0000005b     ti.targets.arm.rtsarm.aem4f : Text.oem4f (.text:xdc_runtime_Text_putLab__E)
                  000076af    00000001     --HOLE-- [fill = 0]
                  000076b0    00000058     boot.aem4f : boot.oem4f (.text)
                  00007708    00000058     rtsv7M4_T_le_v4SPD16_eabi.lib : hostwrite.c.obj (.text:HOSTwrite)
                  00007760    00000058     empty_min_pem4f.oem4f (.text:ti_sysbios_family_arm_m3_Hwi_construct)
                  000077b8    00000058     sysbios.aem4f : m3_Hwi_asm_switch.obj (.text:ti_sysbios_family_arm_m3_Hwi_initStacks__E)
                  00007810    00000058     empty_min_pem4f.oem4f (.text:ti_sysbios_knl_Mailbox_construct)
                  00007868    00000056     driverlib.lib : gpio.obj (.text:GPIOIntTypeSet)
                  000078be    00000056     rtsv7M4_T_le_v4SPD16_eabi.lib : _printfi.c.obj (.text:_pconv_f)
                  00007914    00000054                                   : _ltoa.c.obj (.text:__TI_ltoa)
                  00007968    00000054     main.obj (.text:i2c_init)
                  000079bc    00000054     empty_min_pem4f.oem4f (.text:ti_sysbios_knl_Task_construct)
                  00007a10    00000054     ti.targets.arm.rtsarm.aem4f : Assert.oem4f (.text:xdc_runtime_Assert_raise__I)
                  00007a64    00000052     rtsv7M4_T_le_v4SPD16_eabi.lib : _printfi.c.obj (.text:_ecpy)
                  00007ab6    00000002     --HOLE-- [fill = 0]
                  00007ab8    00000050     drivers_tivaware.aem4f : GPIOTiva.oem4f (.text:GPIO_setCallback)
                  00007b08    00000050                            : GPIOTiva.oem4f (.text:GPIO_toggle)
                  00007b58    00000050                            : GPIOTiva.oem4f (.text:GPIO_write)
                  00007ba8    00000050     Boot.aem4f : Boot_sysctl.oem4f (.text:_SysCtlFrequencyGet)
                  00007bf8    00000050     sysbios.aem4f : BIOS.obj (.text:ti_sysbios_family_arm_m3_Hwi_Module_startup__E)
                  00007c48    00000050     ti.targets.arm.rtsarm.aem4f : Startup.oem4f (.text:xdc_runtime_Startup_exec__E)
                  00007c98    00000050                                 : Text.oem4f (.text:xdc_runtime_Text_visitRope2__I)
                  00007ce8    0000004e     OurMotors.obj (.text:MotorsPrelude)
                  00007d36    00000002     --HOLE-- [fill = 0]
                  00007d38    0000004c     rtsv7M4_T_le_v4SPD16_eabi.lib : atoi.c.obj (.text:atoi)
                  00007d84    0000004c                                   : cpy_tbl.c.obj (.text:copy_in)
                  00007dd0    0000004c     sysbios.aem4f : BIOS.obj (.text:ti_sysbios_family_arm_lm4_Timer_setAvailMask__E)
                  00007e1c    00000004     --HOLE-- [fill = 0]
                  00007e20    0000004c                   : BIOS.obj (.text:ti_sysbios_heaps_HeapMem_getStats__E)
                  00007e6c    00000004     --HOLE-- [fill = 0]
                  00007e70    0000004c                   : BIOS.obj (.text:ti_sysbios_knl_Swi_runLoop__I)
                  00007ebc    00000004     --HOLE-- [fill = 0]
                  00007ec0    0000004c                   : BIOS.obj (.text:ti_sysbios_knl_Task_allBlockedFunction__I)
                  00007f0c    0000004a     drivers_tivaware.aem4f : PWMTimerTiva.oem4f (.text:PWMTimerTiva_close)
                  00007f56    00000002     --HOLE-- [fill = 0]
                  00007f58    00000048     driverlib.lib : gpio.obj (.text:GPIOPinConfigure)
                  00007fa0    00000048                   : i2c.obj (.text:I2CMasterInitExpClk)
                  00007fe8    00000048     rtsv7M4_T_le_v4SPD16_eabi.lib : fd_toi_t2.asm.obj (.text)
                  00008030    00000048     sysbios.aem4f : BIOS.obj (.text:ti_sysbios_family_arm_m3_Hwi_disableInterrupt__E)
                  00008078    00000048                   : BIOS.obj (.text:ti_sysbios_family_arm_m3_Hwi_enableInterrupt__E)
                  000080c0    00000048                   : BIOS.obj (.text:ti_sysbios_family_arm_m3_Hwi_excReserved__I)
                  00008108    00000046     ti.targets.arm.rtsarm.aem4f : Core-params.oem4f (.text:xdc_runtime_Core_assignParams__I)
                  0000814e    00000002     --HOLE-- [fill = 0]
                  00008150    00000044     sysbios.aem4f : BIOS.obj (.text:ti_sysbios_family_arm_lm4_Timer_isrStub__E)
                  00008194    00000004     --HOLE-- [fill = 0]
                  00008198    00000044                   : BIOS.obj (.text:ti_sysbios_family_arm_m3_Hwi_getStackInfo__E)
                  000081dc    00000004     --HOLE-- [fill = 0]
                  000081e0    00000044                   : BIOS.obj (.text:ti_sysbios_knl_Mailbox_postInit__I)
                  00008224    00000004     --HOLE-- [fill = 0]
                  00008228    00000044                   : BIOS.obj (.text:ti_sysbios_knl_Swi_post__E)
                  0000826c    00000044     ti.targets.arm.rtsarm.aem4f : Error.oem4f (.text:xdc_runtime_Error_setX__E)
                  000082b0    00000044                                 : SysMin.oem4f (.text:xdc_runtime_SysMin_flush__E)
                  000082f4    00000044                                 : Text.oem4f (.text:xdc_runtime_Text_xprintf__I)
                  00008338    00000040     OurMotors.obj (.text:ConfigureMotors)
                  00008378    00000040     rtsv7M4_T_le_v4SPD16_eabi.lib : u_divt2.asm.obj (.text)
                  000083b8    00000040                                   : sprintf.c.obj (.text:sprintf)
                  000083f8    00000040     sysbios.aem4f : BIOS.obj (.text:ti_sysbios_family_arm_lm4_Timer_startup__E)
                  00008438    0000003e     rtsv7M4_T_le_v4SPD16_eabi.lib : _printfi.c.obj (.text:_fcpy)
                  00008476    00000002     --HOLE-- [fill = 0]
                  00008478    0000003c     sysbios.aem4f : BIOS.obj (.text:ti_sysbios_family_arm_m3_Hwi_excSvCall__I)
                  000084b4    00000004     --HOLE-- [fill = 0]
                  000084b8    0000003c                   : BIOS.obj (.text:ti_sysbios_heaps_HeapMem_init__I)
                  000084f4    00000004     --HOLE-- [fill = 0]
                  000084f8    0000003c                   : BIOS.obj (.text:ti_sysbios_knl_Swi_restore__E)
                  00008534    0000003a     drivers_tivaware.aem4f : I2CTiva.oem4f (.text:I2CTiva_completeTransfer)
                  0000856e    00000002     --HOLE-- [fill = 0]
                  00008570    00000038                            : I2C.oem4f (.text:I2C_init)
                  000085a8    00000038                            : PWM.oem4f (.text:PWM_init)
                  000085e0    00000038     driverlib.lib : sysctl.obj (.text:SysCtlPeripheralReady)
                  00008618    00000038     rtsv7M4_T_le_v4SPD16_eabi.lib : trgmsg.c.obj (.text:__TI_writemsg)
                  00008650    00000038     OurMotors.obj (.text:kill_motors)
                  00008688    00000038     rtsv7M4_T_le_v4SPD16_eabi.lib : fs_tod_t2.asm.obj (.text)
                  000086c0    00000038     sysbios.aem4f : BIOS.obj (.text:ti_sysbios_family_arm_m3_Hwi_excNoIsr__I)
                  000086f8    00000038                   : BIOS.obj (.text:ti_sysbios_knl_Task_processVitalTaskFlag__I)
                  00008730    00000038     ti.targets.arm.rtsarm.aem4f : SysMin.oem4f (.text:xdc_runtime_SysMin_putch__E)
                  00008768    00000038                                 : System.oem4f (.text:xdc_runtime_System_atexit__E)
                  000087a0    00000036     drivers_tivaware.aem4f : I2CTiva.oem4f (.text:I2CTiva_close)
                  000087d6    00000036     opt3001.obj (.text:sensorOpt3001Enable)
                  0000880c    00000034     driverlib.lib : sysctl.obj (.text:SysCtlPeripheralEnable)
                  00008840    00000034     rtsv7M4_T_le_v4SPD16_eabi.lib : trgmsg.c.obj (.text:__TI_readmsg)
                  00008874    00000004     --HOLE-- [fill = 0]
                  00008878    00000034     sysbios.aem4f : BIOS.obj (.text:ti_sysbios_family_arm_m3_Hwi_Instance_finalize__E)
                  000088ac    00000004     --HOLE-- [fill = 0]
                  000088b0    00000034                   : BIOS.obj (.text:ti_sysbios_family_arm_m3_Hwi_excNmi__I)
                  000088e4    00000004     --HOLE-- [fill = 0]
                  000088e8    00000034                   : BIOS.obj (.text:ti_sysbios_hal_Hwi_checkStack)
                  0000891c    00000034     empty_min_pem4f.oem4f (.text:ti_sysbios_knl_Clock_construct)
                  00008950    00000034     ti.targets.arm.rtsarm.aem4f : Core-label.oem4f (.text:xdc_runtime_Core_assignLabel__I)
                  00008984    00000033                                 : Text.oem4f (.text:xdc_runtime_Text_printVisFxn__I)
                  000089b7    00000001     --HOLE-- [fill = 0]
                  000089b8    00000032     sysbios.aem4f : BIOS.obj (.text:ti_sysbios_hal_Hwi_initStack)
                  000089ea    00000002     --HOLE-- [fill = 0]
                  000089ec    00000030     drivers_tivaware.aem4f : GPIOTiva.oem4f (.text:GPIO_enableInt)
                  00008a1c    00000030                            : I2C.oem4f (.text:I2C_open)
                  00008a4c    00000030                            : PWMTiva.oem4f (.text:PWMTiva_init)
                  00008a7c    00000030                            : PWM.oem4f (.text:PWM_open)
                  00008aac    00000030     empty_min_pem4f.oem4f (.text:ti_sysbios_BIOS_atExitFunc__I)
                  00008adc    00000004     --HOLE-- [fill = 0]
                  00008ae0    00000030     sysbios.aem4f : BIOS.obj (.text:ti_sysbios_family_arm_lm4_Timer_stop__E)
                  00008b10    00000030                   : BIOS.obj (.text:ti_sysbios_family_arm_m3_TaskSupport_start__E)
                  00008b40    00000030     empty_min_pem4f.oem4f (.text:ti_sysbios_gates_GateHwi_Object__create__S)
                  00008b70    00000030     empty_min_pem4f.oem4f (.text:ti_sysbios_gates_GateMutex_Object__create__S)
                  00008ba0    00000030     empty_min_pem4f.oem4f (.text:ti_sysbios_heaps_HeapMem_Object__create__S)
                  00008bd0    00000030     empty_min_pem4f.oem4f (.text:ti_sysbios_knl_Semaphore_construct)
                  00008c00    00000030     sysbios.aem4f : BIOS.obj (.text:ti_sysbios_knl_Semaphore_pendTimeout__I)
                  00008c30    00000030                   : BIOS.obj (.text:ti_sysbios_knl_Task_unblockI__E)
                  00008c60    00000030     ti.targets.arm.rtsarm.aem4f : SysMin.oem4f (.text:xdc_runtime_SysMin_abort__E)
                  00008c90    00000030                                 : System.oem4f (.text:xdc_runtime_System_processAtExit__E)
                  00008cc0    0000002e     rtsv7M4_T_le_v4SPD16_eabi.lib : i_tofd_t2.asm.obj (.text)
                  00008cee    00000002     --HOLE-- [fill = 0]
                  00008cf0    0000002c     OurTimers.obj (.text:clk0_swi_clk_fxn)
                  00008d1c    0000002c     empty_min_pem4f.oem4f (.text:ti_sysbios_knl_Clock_doTick__I)
                  00008d48    0000002c     empty_min_pem4f.oem4f (.text:ti_sysbios_knl_Event_construct)
                  00008d74    0000002c     empty_min_pem4f.oem4f (.text:ti_sysbios_knl_Queue_construct)
                  00008da0    0000002c     sysbios.aem4f : BIOS.obj (.text:ti_sysbios_knl_Task_restore__E)
                  00008dcc    0000002c     ti.targets.arm.rtsarm.aem4f : Text.oem4f (.text:xdc_runtime_Text_cordText__E)
                  00008df8    0000002a     driverlib.lib : gpio.obj (.text:GPIODirModeSet)
                  00008e22    0000002a     ti.targets.arm.rtsarm.aem4f : System.oem4f (.text:xdc_runtime_System_putchar__I)
                  00008e4c    00000004     --HOLE-- [fill = 0]
                  00008e50    00000028     sysbios.aem4f : BIOS.obj (.text:ti_sysbios_knl_Swi_Module_startup__E)
                  00008e78    00000026                   : m3_Hwi_asm.obj (.text:ti_sysbios_family_arm_m3_Hwi_pendSV__I)
                  00008e9e    00000026     ti.targets.arm.rtsarm.aem4f : System.oem4f (.text:xdc_runtime_System_avprintf__E)
                  00008ec4    00000024     OurMotors.obj (.text:CalcMotorSpeed)
                  00008ee8    00000024     empty_min_pem4f.oem4f (.text:ti_sysbios_BIOS_errorRaiseHook__I)
                  00008f0c    00000024     empty_min_pem4f.oem4f (.text:ti_sysbios_BIOS_registerRTSLock__I)
                  00008f30    00000024     empty_min_pem4f.oem4f (.text:ti_sysbios_BIOS_removeRTSLock__I)
                  00008f54    00000024     empty_min_pem4f.oem4f (.text:ti_sysbios_BIOS_startFunc__I)
                  00008f78    00000024     empty_min_pem4f.oem4f (.text:ti_sysbios_gates_GateMutex_Object__delete__S)
                  00008f9c    00000004     --HOLE-- [fill = 0]
                  00008fa0    00000024     sysbios.aem4f : BIOS.obj (.text:ti_sysbios_knl_Clock_Module_startup__E)
                  00008fc4    00000004     --HOLE-- [fill = 0]
                  00008fc8    00000024                   : BIOS.obj (.text:ti_sysbios_knl_Task_restoreHwi__E)
                  00008fec    00000024     ti.targets.arm.rtsarm.aem4f : System.oem4f (.text:xdc_runtime_System_vprintf__E)
                  00009010    00000022     OurMotors.obj (.text:ConfigureMotorPins)
                  00009032    00000022     driverlib.lib : pwm.obj (.text:PWMGenConfigure)
                  00009054    00000022     drivers_tivaware.aem4f : PWMTiva.oem4f (.text:PWMTiva_getPeriodCounts)
                  00009076    00000002     --HOLE-- [fill = 0]
                  00009078    00000022     sysbios.aem4f : BIOS.obj (.text:ti_sysbios_family_arm_lm4_Timer_write__I)
                  0000909a    00000022     empty_min_pem4f.oem4f (.text:xdc_runtime_SysMin_output__I)
                  000090bc    00000020     Boot.aem4f : Boot_sysctl.oem4f (.text:_SysCtlMemTimingGet)
                  000090dc    00000020     rtsv7M4_T_le_v4SPD16_eabi.lib : u_tofd_t2.asm.obj (.text)
                  000090fc    00000020     empty_min_pem4f.oem4f (.text:ti_sysbios_BIOS_rtsLock__I)
                  0000911c    00000020     sysbios.aem4f : m3_Hwi_asm.obj (.text:ti_sysbios_family_arm_m3_Hwi_excHandlerAsm__I)
                  0000913c    00000004     --HOLE-- [fill = 0]
                  00009140    00000020                   : BIOS.obj (.text:ti_sysbios_family_arm_m3_Hwi_excHandler__I)
                  00009160    00000020     empty_min_pem4f.oem4f (.text:ti_sysbios_gates_GateHwi_Object__delete__S)
                  00009180    00000020     empty_min_pem4f.oem4f (.text:ti_sysbios_heaps_HeapMem_Object__delete__S)
                  000091a0    00000020     sysbios.aem4f : BIOS.obj (.text:ti_sysbios_knl_Idle_run__E)
                  000091c0    00000020     empty_min_pem4f.oem4f (.text:ti_sysbios_knl_Semaphore_Object__destruct__S)
                  000091e0    00000020     ti.targets.arm.rtsarm.aem4f : Registry.oem4f (.text:xdc_runtime_Registry_findById__E)
                  00009200    00000020                                 : SysMin.oem4f (.text:xdc_runtime_SysMin_Module_startup__E)
                  00009220    0000001e     driverlib.lib : pwm.obj (.text:PWMPulseWidthSet)
                  0000923e    0000001e     drivers_tivaware.aem4f : PWMTiva.oem4f (.text:PWMTiva_getPeriodMicroSecs)
                  0000925c    0000001e     sysbios.aem4f : m3_Hwi_asm_switch.obj (.text:ti_sysbios_family_xxx_Hwi_switchAndRunFunc)
                  0000927a    0000001c     drivers_tivaware.aem4f : GPIOTiva.oem4f (.text:getGpioIntIndex)
                  00009296    00000002     --HOLE-- [fill = 0]
                  00009298    0000001c     OurMotors.obj (.text:kick_motors_on)
                  000092b4    0000001c     rtsv7M4_T_le_v4SPD16_eabi.lib : memccpy.c.obj (.text:memccpy)
                  000092d0    0000001c     empty_min_pem4f.oem4f (.text:ti_sysbios_family_arm_m3_Hwi_Object__destruct__S)
                  000092ec    00000004     --HOLE-- [fill = 0]
                  000092f0    0000001c     sysbios.aem4f : BIOS.obj (.text:ti_sysbios_gates_GateMutex_Instance_init__E)
                  0000930c    0000001c     empty_min_pem4f.oem4f (.text:ti_sysbios_knl_Queue_Object__destruct__S)
                  00009328    0000001c     sysbios.aem4f : BIOS.obj (.text:ti_sysbios_knl_Queue_put__E)
                  00009344    00000004     --HOLE-- [fill = 0]
                  00009348    0000001c                   : BIOS.obj (.text:ti_sysbios_knl_Task_enter__I)
                  00009364    0000001c     ti.targets.arm.rtsarm.aem4f : Error.oem4f (.text:xdc_runtime_Error_raiseX__E)
                  00009380    0000001c                                 : Memory.oem4f (.text:xdc_runtime_Memory_valloc__E)
                  0000939c    0000001c                                 : SysMin.oem4f (.text:xdc_runtime_SysMin_exit__E)
                  000093b8    0000001c                                 : System.oem4f (.text:xdc_runtime_System_abort__E)
                  000093d4    0000001a     rtsv7M4_T_le_v4SPD16_eabi.lib : s_copysign.c.obj (.text:copysign)
                  000093ee    0000001a     empty_min_pem4f.oem4f (.text:ti_sysbios_family_arm_m3_Hwi_Handle__label__S)
                  00009408    0000001a     empty_min_pem4f.oem4f (.text:ti_sysbios_gates_GateHwi_Handle__label__S)
                  00009422    0000001a     empty_min_pem4f.oem4f (.text:ti_sysbios_gates_GateMutex_Handle__label__S)
                  0000943c    0000001a     empty_min_pem4f.oem4f (.text:ti_sysbios_heaps_HeapMem_Handle__label__S)
                  00009456    0000001a     empty_min_pem4f.oem4f (.text:ti_sysbios_knl_Swi_Handle__label__S)
                  00009470    0000001a     empty_min_pem4f.oem4f (.text:ti_sysbios_knl_Task_Handle__label__S)
                  0000948a    0000001a     empty_min_pem4f.oem4f (.text:xdc_runtime_System_aprintf__E)
                  000094a4    0000001a     empty_min_pem4f.oem4f (.text:xdc_runtime_System_printf__E)
                  000094be    00000018     driverlib.lib : gpio.obj (.text:GPIOPinTypeGPIOOutput)
                  000094d6    00000018                   : timer.obj (.text:TimerControlLevel)
                  000094ee    00000002     --HOLE-- [fill = 0]
                  000094f0    00000018     rtsv7M4_T_le_v4SPD16_eabi.lib : args_main.c.obj (.text:_args_main)
                  00009508    00000018                                   : sprintf.c.obj (.text:_outs)
                  00009520    00000018     empty_min_pem4f.oem4f (.text:ti_sysbios_BIOS_rtsUnlock__I)
                  00009538    00000018     empty_min_pem4f.oem4f (.text:ti_sysbios_family_arm_lm4_Timer_Module__startupDone__F)
                  00009550    00000018     empty_min_pem4f.oem4f (.text:ti_sysbios_family_arm_m3_Hwi_Module__startupDone__F)
                  00009568    00000018     sysbios.aem4f : m3_TaskSupport_asm.obj (.text:ti_sysbios_family_arm_m3_TaskSupport_swap__E)
                  00009580    00000018                   : BIOS.obj (.text:ti_sysbios_gates_GateMutex_leave__E)
                  00009598    00000018                   : BIOS.obj (.text:ti_sysbios_knl_Task_sleepTimeout__I)
                  000095b0    00000018     ti.targets.arm.rtsarm.aem4f : Error.oem4f (.text:xdc_runtime_Error_check__E)
                  000095c8    00000018                                 : System.oem4f (.text:xdc_runtime_System_exit__E)
                  000095e0    00000018                                 : Text.oem4f (.text:xdc_runtime_Text_ropeText__E)
                  000095f8    00000016     driverlib.lib : i2c.obj (.text:I2CMasterErr)
                  0000960e    00000016     rtsv7M4_T_le_v4SPD16_eabi.lib : strchr.c.obj (.text:strchr)
                  00009624    00000016     empty_min_pem4f.oem4f (.text:ti_sysbios_BIOS_exitFunc__I)
                  0000963a    00000016     main.obj (.text:ti_sysbios_knl_Clock_Params_init)
                  00009650    00000016     main.obj (.text:ti_sysbios_knl_Event_Params_init)
                  00009666    00000016     main.obj (.text:ti_sysbios_knl_Mailbox_Params_init)
                  0000967c    00000016     OurMotors.obj (.text:ti_sysbios_knl_Queue_Params_init)
                  00009692    00000016     main.obj (.text:ti_sysbios_knl_Task_Params_init)
                  000096a8    00000014     driverlib.lib : pwm.obj (.text:PWMClockSet)
                  000096bc    00000014                   : sysctl.obj (.text:SysCtlPWMClockSet)
                  000096d0    00000014                   : timer.obj (.text:TimerDisable)
                  000096e4    00000014     rtsv7M4_T_le_v4SPD16_eabi.lib : strlen.c.obj (.text:strlen)
                  000096f8    00000014     empty_min_pem4f.oem4f (.text:ti_sysbios_family_arm_m3_Hwi_Object__get__S)
                  0000970c    00000004     --HOLE-- [fill = 0]
                  00009710    00000014     sysbios.aem4f : BIOS.obj (.text:ti_sysbios_family_arm_m3_Hwi_switchFromBootStack__E)
                  00009724    00000014     empty_min_pem4f.oem4f (.text:ti_sysbios_heaps_HeapMem_Object__get__S)
                  00009738    00000014     sysbios.aem4f : BIOS.obj (.text:ti_sysbios_knl_Event_Instance_init__E)
                  0000974c    00000014     empty_min_pem4f.oem4f (.text:ti_sysbios_knl_Swi_Object__get__S)
                  00009760    00000012     driverlib.lib : gpio.obj (.text:GPIOPinTypeI2C)
                  00009772    00000012                   : gpio.obj (.text:GPIOPinTypeI2CSCL)
                  00009784    00000012                   : gpio.obj (.text:GPIOPinTypePWM)
                  00009796    00000012                   : gpio.obj (.text:GPIOPinTypeTimer)
                  000097a8    00000012                   : pwm.obj (.text:PWMGenPeriodGet)
                  000097ba    00000012                   : pwm.obj (.text:PWMOutputInvert)
                  000097cc    00000012                   : pwm.obj (.text:PWMOutputState)
                  000097de    00000012                   : timer.obj (.text:TimerLoadSet)
                  000097f0    00000012                   : timer.obj (.text:TimerMatchSet)
                  00009802    00000012                   : timer.obj (.text:TimerPrescaleMatchSet)
                  00009814    00000012                   : timer.obj (.text:TimerPrescaleSet)
                  00009826    00000002     --HOLE-- [fill = 0]
                  00009828    00000012     sysbios.aem4f : BIOS.obj (.text:ti_sysbios_hal_Hwi_Module_startup__E)
                  0000983a    00000012     rtsv7M4_T_le_v4SPD16_eabi.lib : wcslen.c.obj (.text:wcslen)
                  0000984c    00000012     empty_min_pem4f.oem4f (.text:xdc_runtime_Startup_exec__I)
                  0000985e    00000002     --HOLE-- [fill = 0]
                  00009860    00000010     empty_min_pem4f.oem4f (.text:.bootCodeSection:ti_catalog_arm_cortexm4_tiva_ce_Boot_init__I)
                  00009870    00000010     drivers_tivaware.aem4f : I2C.oem4f (.text:I2C_Params_init)
                  00009880    00000010     driverlib.lib : pwm.obj (.text:PWMGenPeriodSet)
                  00009890    00000010     drivers_tivaware.aem4f : PWM.oem4f (.text:PWM_Params_init)
                  000098a0    00000010     sysbios.aem4f : BIOS.obj (.text:ti_sysbios_BIOS_getCpuFreq__E)
                  000098b0    00000010                   : BIOS.obj (.text:ti_sysbios_BIOS_setThreadType__E)
                  000098c0    00000010                   : BIOS.obj (.text:ti_sysbios_BIOS_start__E)
                  000098d0    00000010                   : m3_TaskSupport_asm.obj (.text:ti_sysbios_family_arm_m3_TaskSupport_glue)
                  000098e0    00000010                   : BIOS.obj (.text:ti_sysbios_gates_GateMutex_Instance_finalize__E)
                  000098f0    00000010     empty_min_pem4f.oem4f (.text:ti_sysbios_knl_Mailbox_Object__get__S)
                  00009900    00000010     sysbios.aem4f : BIOS.obj (.text:ti_sysbios_knl_Semaphore_Instance_finalize__E)
                  00009910    00000010                   : BIOS.obj (.text:ti_sysbios_knl_Swi_disable__E)
                  00009920    00000010     empty_min_pem4f.oem4f (.text:ti_sysbios_knl_Task_Object__get__S)
                  00009930    00000010     sysbios.aem4f : BIOS.obj (.text:ti_sysbios_knl_Task_disable__E)
                  00009940    00000010     ti.targets.arm.rtsarm.aem4f : Gate.oem4f (.text:xdc_runtime_Gate_leaveSystem__E)
                  00009950    00000010                                 : Memory.oem4f (.text:xdc_runtime_Memory_free__E)
                  00009960    00000010                                 : SysMin.oem4f (.text:xdc_runtime_SysMin_ready__E)
                  00009970    00000010                                 : System.oem4f (.text:xdc_runtime_System_vsnprintf__E)
                  00009980    00000010     empty_min_pem4f.oem4f (.text:xdc_runtime_Text_visitRope__I)
                  00009990    0000000e     driverlib.lib : gpio.obj (.text:GPIOIntStatus)
                  0000999e    0000000e                   : timer.obj (.text:TimerEnable)
                  000099ac    0000000e     rtsv7M4_T_le_v4SPD16_eabi.lib : copy_decompress_none.c.obj (.text:decompress:none:__TI_decompress_none)
                  000099ba    00000006     driverlib.lib : gpio.obj (.text:GPIOIntClear)
                  000099c0    0000000e     sysbios.aem4f : BIOS.obj (.text:ti_sysbios_knl_Idle_loop__E)
                  000099ce    00000002     --HOLE-- [fill = 0]
                  000099d0    0000000e                   : BIOS.obj (.text:ti_sysbios_knl_Queue_empty__E)
                  000099de    0000000c     driverlib.lib : gpio.obj (.text:GPIOIntEnable)
                  000099ea    0000000c                   : pwm.obj (.text:PWMGenDisable)
                  000099f6    0000000c                   : pwm.obj (.text:PWMGenEnable)
                  00009a02    00000002     --HOLE-- [fill = 0]
                  00009a04    0000000c     rtsv7M4_T_le_v4SPD16_eabi.lib : _lock.c.obj (.text:_register_lock)
                  00009a10    0000000c                                   : _lock.c.obj (.text:_register_unlock)
                  00009a1c    0000000c                                   : copy_zero_init.c.obj (.text:decompress:ZI:__TI_zero_init)
                  00009a28    0000000c     opt3001.obj (.text:sensorOpt3001Init)
                  00009a34    00000004     --HOLE-- [fill = 0]
                  00009a38    0000000c     sysbios.aem4f : BIOS.obj (.text:ti_sysbios_family_arm_lm4_Timer_getAvailMask__E)
                  00009a44    00000004     --HOLE-- [fill = 0]
                  00009a48    0000000c                   : BIOS.obj (.text:ti_sysbios_family_arm_lm4_Timer_getMaxTicks__E)
                  00009a54    0000000c     empty_min_pem4f.oem4f (.text:ti_sysbios_family_arm_m3_Hwi_Params__init__S)
                  00009a60    0000000c     sysbios.aem4f : BIOS.obj (.text:ti_sysbios_family_arm_m3_Hwi_disableFxn__E)
                  00009a6c    00000004     --HOLE-- [fill = 0]
                  00009a70    0000000c                   : BIOS.obj (.text:ti_sysbios_family_arm_m3_TaskSupport_checkStack__E)
                  00009a7c    00000004     --HOLE-- [fill = 0]
                  00009a80    0000000c                   : BIOS.obj (.text:ti_sysbios_family_arm_m3_TaskSupport_getStackAlignment__E)
                  00009a8c    00000004     --HOLE-- [fill = 0]
                  00009a90    0000000c                   : BIOS.obj (.text:ti_sysbios_gates_GateHwi_enter__E)
                  00009a9c    0000000c     empty_min_pem4f.oem4f (.text:ti_sysbios_knl_Clock_Params__init__S)
                  00009aa8    0000000c     main.obj (.text:ti_sysbios_knl_Clock_handle)
                  00009ab4    0000000c     empty_min_pem4f.oem4f (.text:ti_sysbios_knl_Event_Params__init__S)
                  00009ac0    0000000c     main.obj (.text:ti_sysbios_knl_Event_handle)
                  00009acc    0000000c     empty_min_pem4f.oem4f (.text:ti_sysbios_knl_Mailbox_Params__init__S)
                  00009ad8    0000000c     main.obj (.text:ti_sysbios_knl_Mailbox_handle)
                  00009ae4    0000000c     empty_min_pem4f.oem4f (.text:ti_sysbios_knl_Queue_Object__get__S)
                  00009af0    0000000c     empty_min_pem4f.oem4f (.text:ti_sysbios_knl_Queue_Params__init__S)
                  00009afc    0000000c     OurMotors.obj (.text:ti_sysbios_knl_Queue_handle)
                  00009b08    0000000c     empty_min_pem4f.oem4f (.text:ti_sysbios_knl_Semaphore_Params__init__S)
                  00009b14    0000000c     empty_min_pem4f.oem4f (.text:ti_sysbios_knl_Task_Params__init__S)
                  00009b20    0000000c     ti.targets.arm.rtsarm.aem4f : Error.oem4f (.text:xdc_runtime_Error_init__E)
                  00009b2c    0000000c                                 : Gate.oem4f (.text:xdc_runtime_Gate_enterSystem__E)
                  00009b38    0000000c                                 : Memory.oem4f (.text:xdc_runtime_Memory_calloc__E)
                  00009b44    0000000c                                 : Memory.oem4f (.text:xdc_runtime_Memory_getMaxDefaultTypeAlign__E)
                  00009b50    0000000a     driverlib.lib : i2c.obj (.text:I2CMasterDisable)
                  00009b5a    0000000a                   : i2c.obj (.text:I2CMasterEnable)
                  00009b64    0000000a     drivers_tivaware.aem4f : I2CTiva.oem4f (.text:I2CTiva_init)
                  00009b6e    0000000a                            : PWMTimerTiva.oem4f (.text:PWMTimerTiva_getPeriodCounts)
                  00009b78    0000000a                            : PWM.oem4f (.text:PWM_setDuty)
                  00009b82    0000000a     rtsv7M4_T_le_v4SPD16_eabi.lib : sprintf.c.obj (.text:_outc)
                  00009b8c    0000000a     empty_min_pem4f.oem4f (.text:xdc_runtime_IHeap_alloc)
                  00009b96    0000000a     empty_min_pem4f.oem4f (.text:xdc_runtime_IHeap_free)
                  00009ba0    00000008     EK_TM4C1294XL.obj (.text:EK_TM4C1294XL_initGPIO)
                  00009ba8    00000008     driverlib.lib : i2c.obj (.text:I2CMasterBusBusy)
                  00009bb0    00000008                   : i2c.obj (.text:I2CMasterBusy)
                  00009bb8    00000008                   : i2c.obj (.text:I2CMasterIntClear)
                  00009bc0    00000008                   : i2c.obj (.text:I2CMasterSlaveAddrSet)
                  00009bc8    00000008     drivers_tivaware.aem4f : I2CTiva.oem4f (.text:I2CTiva_blockingCallback)
                  00009bd0    00000008                            : PWMTimerTiva.oem4f (.text:PWMTimerTiva_init)
                  00009bd8    00000008     OurMotors.obj (.text:SW1_ISR)
                  00009be0    00000008     OurMotors.obj (.text:SW2_ISR)
                  00009be8    00000008     rtsv7M4_T_le_v4SPD16_eabi.lib : errno.c.obj (.text:__aeabi_errno_addr)
                  00009bf0    00000008     sysbios.aem4f : BIOS.obj (.text:ti_sysbios_family_arm_lm4_Timer_masterDisable__I)
                  00009bf8    00000008                   : BIOS.obj (.text:ti_sysbios_family_arm_m3_Hwi_doSwiRestore__I)
                  00009c00    00000008                   : BIOS.obj (.text:ti_sysbios_family_arm_m3_Hwi_startup__E)
                  00009c08    00000006     driverlib.lib : gpio.obj (.text:GPIOPinRead)
                  00009c0e    00000006                   : gpio.obj (.text:GPIOPinWrite)
                  00009c14    00000006                   : i2c.obj (.text:I2CMasterIntDisable)
                  00009c1a    00000006                   : i2c.obj (.text:I2CMasterIntEnable)
                  00009c20    00000006     drivers_tivaware.aem4f : I2CTiva.oem4f (.text:I2CTiva_control)
                  00009c26    00000006                            : PWMTimerTiva.oem4f (.text:PWMTimerTiva_getPeriodMicroSecs)
                  00009c2c    00000006     driverlib.lib : sysctl.obj (.text:SysCtlDelay)
                  00009c32    00000006     ti.targets.arm.rtsarm.aem4f : System.oem4f (.text:xdc_runtime_System_Module_startup__E)
                  00009c38    00000006     sysbios.aem4f : BIOS.obj (.text:ti_sysbios_family_arm_m3_Hwi_doTaskRestore__I)
                  00009c3e    00000002     --HOLE-- [fill = 0]
                  00009c40    00000006                   : BIOS.obj (.text:ti_sysbios_family_arm_m3_Hwi_restoreFxn__E)
                  00009c46    00000002     --HOLE-- [fill = 0]
                  00009c48    00000006                   : BIOS.obj (.text:ti_sysbios_gates_GateHwi_leave__E)
                  00009c4e    00000002     --HOLE-- [fill = 0]
                  00009c50    00000006                   : BIOS.obj (.text:ti_sysbios_heaps_HeapMem_isBlocking__E)
                  00009c56    00000002     --HOLE-- [fill = 0]
                  00009c58    00000006                   : BIOS.obj (.text:ti_sysbios_knl_Queue_Instance_init__E)
                  00009c5e    00000002     --HOLE-- [fill = 0]
                  00009c60    00000006                   : BIOS.obj (.text:ti_sysbios_knl_Swi_startup__E)
                  00009c66    00000002     --HOLE-- [fill = 0]
                  00009c68    00000004                   : BIOS.obj (.text:ti_sysbios_gates_GateHwi_query__E)
                  00009c6c    00000004     --HOLE-- [fill = 0]
                  00009c70    00000004                   : BIOS.obj (.text:ti_sysbios_gates_GateMutex_query__E)
                  00009c74    00000004     --HOLE-- [fill = 0]
                  00009c78    00000004                   : BIOS.obj (.text:ti_sysbios_knl_Task_startup__E)
                  00009c7c    00000004     --HOLE-- [fill = 0]
                  00009c80    00000002                   : BIOS.obj (.text:ti_sysbios_gates_GateHwi_Instance_init__E)
                  00009c82    00000006     --HOLE-- [fill = 0]
                  00009c88    00000002                   : BIOS.obj (.text:ti_sysbios_knl_Clock_logTick__E)

.const     0    00009c90    00003588     
                  00009c90    000018f6     empty_min_pem4f.oem4f (.const:xdc_runtime_Text_charTab__A)
                  0000b586    00000002     empty_min_pem4f.oem4f (.const:ti_catalog_arm_cortexm4_tiva_ce_Boot_Module__id__C)
                  0000b588    00001000     rtsv7M4_T_le_v4SPD16_eabi.lib : s_exp2.c.obj (.const:tbl)
                  0000c588    00000120     Boot.aem4f : Boot_sysctl.oem4f (.const:g_pppui32XTALtoVCO)
                  0000c6a8    00000101     rtsv7M4_T_le_v4SPD16_eabi.lib : ctype.c.obj (.const:.string:_ctypes_)
                  0000c7a9    00000001     empty_min_pem4f.oem4f (.const:xdc_runtime_Error_policy__C)
                  0000c7aa    000000c4     empty_min_pem4f.oem4f (.const:xdc_runtime_Text_nodeTab__A)
                  0000c86e    00000002     empty_min_pem4f.oem4f (.const:ti_sysbios_family_arm_m3_Hwi_Module__id__C)
                  0000c870    00000090     driverlib.lib : gpio.obj (.const:g_pui32GPIOBaseAddrs)
                  0000c900    0000006c     Boot.aem4f : Boot_sysctl.oem4f (.const:g_pui32Xtals)
                  0000c96c    0000006c     driverlib.lib : sysctl.obj (.const:g_pui32Xtals)
                  0000c9d8    00000060     MotorLib.lib : motorlib.obj (.const:PWM_config)
                  0000ca38    00000054     drivers_tivaware.aem4f : GPIOTiva.oem4f (.const:.string)
                  0000ca8c    00000054     MotorLib.lib : motorlib.obj (.const:motorLibPWMTivaHWAttrs)
                  0000cae0    00000048     empty_min_pem4f.oem4f (.const:.string)
                  0000cb28    00000048     drivers_tivaware.aem4f : GPIOTiva.oem4f (.const:gpioBaseAddresses)
                  0000cb70    0000003c     empty_min_pem4f.oem4f (.const:ti_sysbios_knl_Task_Object__PARAMS__C)
                  0000cbac    00000034     empty_min_pem4f.oem4f (.const:ti_sysbios_knl_Mailbox_Object__PARAMS__C)
                  0000cbe0    00000030     Boot.aem4f : Boot_sysctl.oem4f (.const:g_sXTALtoMEMTIM)
                  0000cc10    00000030     empty_min_pem4f.oem4f (.const:ti_sysbios_family_arm_m3_Hwi_Object__PARAMS__C)
                  0000cc40    00000028     empty_min_pem4f.oem4f (.const:ti_sysbios_heaps_HeapMem_Module__FXNS__C)
                  0000cc68    00000024     EK_TM4C1294XL.obj (.const:I2C_config)
                  0000cc8c    00000024     EK_TM4C1294XL.obj (.const:i2cTivaHWAttrs)
                  0000ccb0    00000024     empty_min_pem4f.oem4f (.const:ti_sysbios_gates_GateHwi_Module__FXNS__C)
                  0000ccd4    00000024     empty_min_pem4f.oem4f (.const:ti_sysbios_gates_GateMutex_Module__FXNS__C)
                  0000ccf8    00000024     empty_min_pem4f.oem4f (.const:ti_sysbios_heaps_HeapMem_Object__PARAMS__C)
                  0000cd1c    00000024     empty_min_pem4f.oem4f (.const:ti_sysbios_knl_Clock_Object__PARAMS__C)
                  0000cd40    00000024     empty_min_pem4f.oem4f (.const:ti_sysbios_knl_Semaphore_Object__PARAMS__C)
                  0000cd64    00000024     empty_min_pem4f.oem4f (.const:xdc_runtime_Startup_sfxnTab__A)
                  0000cd88    00000020     drivers_tivaware.aem4f : PWMTimerTiva.oem4f (.const)
                  0000cda8    00000020                            : PWMTiva.oem4f (.const)
                  0000cdc8    00000020     empty_min_pem4f.oem4f (.const:ti_sysbios_family_arm_m3_Hwi_Object__DESC__C)
                  0000cde8    00000020     empty_min_pem4f.oem4f (.const:ti_sysbios_gates_GateHwi_Object__DESC__C)
                  0000ce08    00000020     empty_min_pem4f.oem4f (.const:ti_sysbios_gates_GateMutex_Object__DESC__C)
                  0000ce28    00000020     empty_min_pem4f.oem4f (.const:ti_sysbios_heaps_HeapMem_Object__DESC__C)
                  0000ce48    00000020     empty_min_pem4f.oem4f (.const:ti_sysbios_knl_Clock_Object__DESC__C)
                  0000ce68    00000020     empty_min_pem4f.oem4f (.const:ti_sysbios_knl_Event_Object__DESC__C)
                  0000ce88    00000020     empty_min_pem4f.oem4f (.const:ti_sysbios_knl_Mailbox_Object__DESC__C)
                  0000cea8    00000020     empty_min_pem4f.oem4f (.const:ti_sysbios_knl_Queue_Object__DESC__C)
                  0000cec8    00000020     empty_min_pem4f.oem4f (.const:ti_sysbios_knl_Semaphore_Object__DESC__C)
                  0000cee8    00000020     empty_min_pem4f.oem4f (.const:ti_sysbios_knl_Task_Object__DESC__C)
                  0000cf08    0000001c     drivers_tivaware.aem4f : I2CTiva.oem4f (.const)
                  0000cf24    00000018     empty_min_pem4f.oem4f (.const:ti_sysbios_gates_GateHwi_Object__PARAMS__C)
                  0000cf3c    00000018     empty_min_pem4f.oem4f (.const:ti_sysbios_gates_GateMutex_Object__PARAMS__C)
                  0000cf54    00000018     empty_min_pem4f.oem4f (.const:ti_sysbios_knl_Event_Object__PARAMS__C)
                  0000cf6c    00000018     empty_min_pem4f.oem4f (.const:ti_sysbios_knl_Queue_Object__PARAMS__C)
                  0000cf84    00000014     EK_TM4C1294XL.obj (.const:GPIOTiva_config)
                  0000cf98    00000014     empty_min_pem4f.oem4f (.const:xdc_runtime_Startup_firstFxns__A)
                  0000cfac    00000012     empty_min_pem4f.oem4f (.const:xdc_runtime_Startup_sfxnRts__A)
                  0000cfbe    00000002     empty_min_pem4f.oem4f (.const:ti_sysbios_gates_GateMutex_Module__id__C)
                  0000cfc0    00000010     drivers_tivaware.aem4f : I2C.oem4f (.const)
                  0000cfd0    00000010     MotorLib.lib : motorlib.obj (.const:motorLibPWMTimerTivaHWAttrs)
                  0000cfe0    0000000c     drivers_tivaware.aem4f : PWM.oem4f (.const)
                  0000cfec    00000008     Boot.aem4f : Boot_sysctl.oem4f (.const)
                  0000cff4    00000008     empty_min_pem4f.oem4f (.const:ti_sysbios_family_arm_m3_Hwi_excHookFuncs__A)
                  0000cffc    00000008     empty_min_pem4f.oem4f (.const:ti_sysbios_knl_Idle_funcList__C)
                  0000d004    00000008     empty_min_pem4f.oem4f (.const:xdc_runtime_Startup_firstFxns__C)
                  0000d00c    00000008     empty_min_pem4f.oem4f (.const:xdc_runtime_Startup_lastFxns__C)
                  0000d014    00000004     empty_min_pem4f.oem4f (.const:ti_catalog_arm_cortexm4_tiva_ce_Boot_A_mustNotUseEnhancedClockMode__C)
                  0000d018    00000004     empty_min_pem4f.oem4f (.const:ti_catalog_arm_cortexm4_tiva_ce_Boot_Module__diagsEnabled__C)
                  0000d01c    00000004     empty_min_pem4f.oem4f (.const:ti_catalog_arm_cortexm4_tiva_ce_Boot_Module__diagsIncluded__C)
                  0000d020    00000004     empty_min_pem4f.oem4f (.const:ti_catalog_arm_cortexm4_tiva_ce_Boot_Module__diagsMask__C)
                  0000d024    00000004     empty_min_pem4f.oem4f (.const:ti_sysbios_family_arm_lm4_Timer_enableFunc__C)
                  0000d028    00000004     empty_min_pem4f.oem4f (.const:ti_sysbios_family_arm_lm4_Timer_numTimerDevices__C)
                  0000d02c    00000004     empty_min_pem4f.oem4f (.const:ti_sysbios_family_arm_lm4_Timer_startupNeeded__C)
                  0000d030    00000004     empty_min_pem4f.oem4f (.const:ti_sysbios_family_arm_m3_Hwi_E_NMI__C)
                  0000d034    00000004     empty_min_pem4f.oem4f (.const:ti_sysbios_family_arm_m3_Hwi_E_alreadyDefined__C)
                  0000d038    00000004     empty_min_pem4f.oem4f (.const:ti_sysbios_family_arm_m3_Hwi_E_busFault__C)
                  0000d03c    00000004     empty_min_pem4f.oem4f (.const:ti_sysbios_family_arm_m3_Hwi_E_debugMon__C)
                  0000d040    00000004     empty_min_pem4f.oem4f (.const:ti_sysbios_family_arm_m3_Hwi_E_hardFault__C)
                  0000d044    00000004     empty_min_pem4f.oem4f (.const:ti_sysbios_family_arm_m3_Hwi_E_memFault__C)
                  0000d048    00000004     empty_min_pem4f.oem4f (.const:ti_sysbios_family_arm_m3_Hwi_E_noIsr__C)
                  0000d04c    00000004     empty_min_pem4f.oem4f (.const:ti_sysbios_family_arm_m3_Hwi_E_reserved__C)
                  0000d050    00000004     empty_min_pem4f.oem4f (.const:ti_sysbios_family_arm_m3_Hwi_E_svCall__C)
                  0000d054    00000004     empty_min_pem4f.oem4f (.const:ti_sysbios_family_arm_m3_Hwi_E_usageFault__C)
                  0000d058    00000004     empty_min_pem4f.oem4f (.const:ti_sysbios_family_arm_m3_Hwi_NUM_INTERRUPTS__C)
                  0000d05c    00000004     empty_min_pem4f.oem4f (.const:ti_sysbios_family_arm_m3_Hwi_Object__count__C)
                  0000d060    00000004     empty_min_pem4f.oem4f (.const:ti_sysbios_family_arm_m3_Hwi_ccr__C)
                  0000d064    00000004     empty_min_pem4f.oem4f (.const:ti_sysbios_family_arm_m3_Hwi_excHandlerFunc__C)
                  0000d068    00000004     empty_min_pem4f.oem4f (.const:ti_sysbios_family_arm_m3_Hwi_excHookFuncs__C)
                  0000d06c    00000004     empty_min_pem4f.oem4f (.const:ti_sysbios_family_arm_m3_Hwi_nullIsrFunc__C)
                  0000d070    00000004     empty_min_pem4f.oem4f (.const:ti_sysbios_family_arm_m3_Hwi_priGroup__C)
                  0000d074    00000004     empty_min_pem4f.oem4f (.const:ti_sysbios_family_arm_m3_TaskSupport_stackAlignment__C)
                  0000d078    00000004     empty_min_pem4f.oem4f (.const:ti_sysbios_gates_GateMutex_A_badContext__C)
                  0000d07c    00000004     empty_min_pem4f.oem4f (.const:ti_sysbios_gates_GateMutex_Instance_State_sem__O)
                  0000d080    00000004     empty_min_pem4f.oem4f (.const:ti_sysbios_gates_GateMutex_Module__diagsEnabled__C)
                  0000d084    00000004     empty_min_pem4f.oem4f (.const:ti_sysbios_gates_GateMutex_Module__diagsIncluded__C)
                  0000d088    00000004     empty_min_pem4f.oem4f (.const:ti_sysbios_gates_GateMutex_Module__diagsMask__C)
                  0000d08c    00000004     empty_min_pem4f.oem4f (.const:ti_sysbios_hal_Hwi_E_stackOverflow__C)
                  0000d090    00000004     empty_min_pem4f.oem4f (.const:ti_sysbios_heaps_HeapMem_A_align__C)
                  0000d094    00000004     empty_min_pem4f.oem4f (.const:ti_sysbios_heaps_HeapMem_A_heapSize__C)
                  0000d098    00000004     empty_min_pem4f.oem4f (.const:ti_sysbios_heaps_HeapMem_A_invalidFree__C)
                  0000d09c    00000004     empty_min_pem4f.oem4f (.const:ti_sysbios_heaps_HeapMem_A_zeroBlock__C)
                  0000d0a0    00000004     empty_min_pem4f.oem4f (.const:ti_sysbios_heaps_HeapMem_E_memory__C)
                  0000d0a4    00000004     empty_min_pem4f.oem4f (.const:ti_sysbios_heaps_HeapMem_Module__diagsEnabled__C)
                  0000d0a8    00000004     empty_min_pem4f.oem4f (.const:ti_sysbios_heaps_HeapMem_Module__diagsIncluded__C)
                  0000d0ac    00000004     empty_min_pem4f.oem4f (.const:ti_sysbios_heaps_HeapMem_Module__diagsMask__C)
                  0000d0b0    00000004     empty_min_pem4f.oem4f (.const:ti_sysbios_heaps_HeapMem_Module__gateObj__C)
                  0000d0b4    00000004     empty_min_pem4f.oem4f (.const:ti_sysbios_heaps_HeapMem_Object__count__C)
                  0000d0b8    00000004     empty_min_pem4f.oem4f (.const:ti_sysbios_heaps_HeapMem_reqAlign__C)
                  0000d0bc    00000004     empty_min_pem4f.oem4f (.const:ti_sysbios_knl_Clock_A_badThreadType__C)
                  0000d0c0    00000004     empty_min_pem4f.oem4f (.const:ti_sysbios_knl_Clock_Module_State_clockQ__O)
                  0000d0c4    00000004     empty_min_pem4f.oem4f (.const:ti_sysbios_knl_Clock_Module__diagsEnabled__C)
                  0000d0c8    00000004     empty_min_pem4f.oem4f (.const:ti_sysbios_knl_Clock_Module__diagsIncluded__C)
                  0000d0cc    00000004     empty_min_pem4f.oem4f (.const:ti_sysbios_knl_Clock_Module__diagsMask__C)
                  0000d0d0    00000004     empty_min_pem4f.oem4f (.const:ti_sysbios_knl_Event_Instance_State_pendQ__O)
                  0000d0d4    00000004     empty_min_pem4f.oem4f (.const:ti_sysbios_knl_Idle_funcList__A)
                  0000d0d8    00000004     empty_min_pem4f.oem4f (.const:ti_sysbios_knl_Mailbox_A_invalidBufSize__C)
                  0000d0dc    00000004     empty_min_pem4f.oem4f (.const:ti_sysbios_knl_Mailbox_Instance_State_dataQue__O)
                  0000d0e0    00000004     empty_min_pem4f.oem4f (.const:ti_sysbios_knl_Mailbox_Instance_State_dataSem__O)
                  0000d0e4    00000004     empty_min_pem4f.oem4f (.const:ti_sysbios_knl_Mailbox_Instance_State_freeQue__O)
                  0000d0e8    00000004     empty_min_pem4f.oem4f (.const:ti_sysbios_knl_Mailbox_Instance_State_freeSem__O)
                  0000d0ec    00000004     empty_min_pem4f.oem4f (.const:ti_sysbios_knl_Mailbox_Module__diagsEnabled__C)
                  0000d0f0    00000004     empty_min_pem4f.oem4f (.const:ti_sysbios_knl_Mailbox_Module__diagsIncluded__C)
                  0000d0f4    00000004     empty_min_pem4f.oem4f (.const:ti_sysbios_knl_Mailbox_Module__diagsMask__C)
                  0000d0f8    00000004     empty_min_pem4f.oem4f (.const:ti_sysbios_knl_Mailbox_Object__count__C)
                  0000d0fc    00000004     empty_min_pem4f.oem4f (.const:ti_sysbios_knl_Mailbox_maxTypeAlign__C)
                  0000d100    00000004     empty_min_pem4f.oem4f (.const:ti_sysbios_knl_Semaphore_A_badContext__C)
                  0000d104    00000004     empty_min_pem4f.oem4f (.const:ti_sysbios_knl_Semaphore_A_noEvents__C)
                  0000d108    00000004     empty_min_pem4f.oem4f (.const:ti_sysbios_knl_Semaphore_A_overflow__C)
                  0000d10c    00000004     empty_min_pem4f.oem4f (.const:ti_sysbios_knl_Semaphore_A_pendTaskDisabled__C)
                  0000d110    00000004     empty_min_pem4f.oem4f (.const:ti_sysbios_knl_Semaphore_Instance_State_pendQ__O)
                  0000d114    00000004     empty_min_pem4f.oem4f (.const:ti_sysbios_knl_Semaphore_Module__diagsEnabled__C)
                  0000d118    00000004     empty_min_pem4f.oem4f (.const:ti_sysbios_knl_Semaphore_Module__diagsIncluded__C)
                  0000d11c    00000004     empty_min_pem4f.oem4f (.const:ti_sysbios_knl_Semaphore_Module__diagsMask__C)
                  0000d120    00000004     empty_min_pem4f.oem4f (.const:ti_sysbios_knl_Swi_Object__count__C)
                  0000d124    00000004     empty_min_pem4f.oem4f (.const:ti_sysbios_knl_Task_A_badPriority__C)
                  0000d128    00000004     empty_min_pem4f.oem4f (.const:ti_sysbios_knl_Task_A_badTaskState__C)
                  0000d12c    00000004     empty_min_pem4f.oem4f (.const:ti_sysbios_knl_Task_A_badThreadType__C)
                  0000d130    00000004     empty_min_pem4f.oem4f (.const:ti_sysbios_knl_Task_A_badTimeout__C)
                  0000d134    00000004     empty_min_pem4f.oem4f (.const:ti_sysbios_knl_Task_A_noPendElem__C)
                  0000d138    00000004     empty_min_pem4f.oem4f (.const:ti_sysbios_knl_Task_A_sleepTaskDisabled__C)
                  0000d13c    00000004     empty_min_pem4f.oem4f (.const:ti_sysbios_knl_Task_E_spOutOfBounds__C)
                  0000d140    00000004     empty_min_pem4f.oem4f (.const:ti_sysbios_knl_Task_E_stackOverflow__C)
                  0000d144    00000004     empty_min_pem4f.oem4f (.const:ti_sysbios_knl_Task_Module_State_inactiveQ__O)
                  0000d148    00000004     empty_min_pem4f.oem4f (.const:ti_sysbios_knl_Task_Module__diagsEnabled__C)
                  0000d14c    00000004     empty_min_pem4f.oem4f (.const:ti_sysbios_knl_Task_Module__diagsIncluded__C)
                  0000d150    00000004     empty_min_pem4f.oem4f (.const:ti_sysbios_knl_Task_Module__diagsMask__C)
                  0000d154    00000004     empty_min_pem4f.oem4f (.const:ti_sysbios_knl_Task_Object__count__C)
                  0000d158    00000004     empty_min_pem4f.oem4f (.const:ti_sysbios_knl_Task_allBlockedFunc__C)
                  0000d15c    00000004     empty_min_pem4f.oem4f (.const:ti_sysbios_knl_Task_defaultStackHeap__C)
                  0000d160    00000004     empty_min_pem4f.oem4f (.const:ti_sysbios_knl_Task_defaultStackSize__C)
                  0000d164    00000004     empty_min_pem4f.oem4f (.const:ti_sysbios_knl_Task_numConstructedTasks__C)
                  0000d168    00000004     empty_min_pem4f.oem4f (.const:xdc_runtime_Assert_E_assertFailed__C)
                  0000d16c    00000004     empty_min_pem4f.oem4f (.const:xdc_runtime_Core_A_initializedParams__C)
                  0000d170    00000004     empty_min_pem4f.oem4f (.const:xdc_runtime_Core_Module__diagsEnabled__C)
                  0000d174    00000004     empty_min_pem4f.oem4f (.const:xdc_runtime_Core_Module__diagsIncluded__C)
                  0000d178    00000004     empty_min_pem4f.oem4f (.const:xdc_runtime_Core_Module__diagsMask__C)
                  0000d17c    00000004     empty_min_pem4f.oem4f (.const:xdc_runtime_Error_E_generic__C)
                  0000d180    00000004     empty_min_pem4f.oem4f (.const:xdc_runtime_Error_E_memory__C)
                  0000d184    00000004     empty_min_pem4f.oem4f (.const:xdc_runtime_Error_Module__diagsEnabled__C)
                  0000d188    00000004     empty_min_pem4f.oem4f (.const:xdc_runtime_Error_Module__diagsIncluded__C)
                  0000d18c    00000004     empty_min_pem4f.oem4f (.const:xdc_runtime_Error_Module__diagsMask__C)
                  0000d190    00000004     empty_min_pem4f.oem4f (.const:xdc_runtime_Error_Module__loggerFxn8__C)
                  0000d194    00000004     empty_min_pem4f.oem4f (.const:xdc_runtime_Error_Module__loggerObj__C)
                  0000d198    00000004     empty_min_pem4f.oem4f (.const:xdc_runtime_Error_policyFxn__C)
                  0000d19c    00000004     empty_min_pem4f.oem4f (.const:xdc_runtime_Error_raiseHook__C)
                  0000d1a0    00000004     empty_min_pem4f.oem4f (.const:xdc_runtime_IGateProvider_Interface__BASE__C)
                  0000d1a4    00000004     empty_min_pem4f.oem4f (.const:xdc_runtime_IHeap_Interface__BASE__C)
                  0000d1a8    00000004     empty_min_pem4f.oem4f (.const:xdc_runtime_IModule_Interface__BASE__C)
                  0000d1ac    00000004     empty_min_pem4f.oem4f (.const:xdc_runtime_Log_L_error__C)
                  0000d1b0    00000004     empty_min_pem4f.oem4f (.const:xdc_runtime_Memory_defaultHeapInstance__C)
                  0000d1b4    00000004     empty_min_pem4f.oem4f (.const:xdc_runtime_Startup_execImpl__C)
                  0000d1b8    00000004     empty_min_pem4f.oem4f (.const:xdc_runtime_Startup_maxPasses__C)
                  0000d1bc    00000004     empty_min_pem4f.oem4f (.const:xdc_runtime_Startup_sfxnRts__C)
                  0000d1c0    00000004     empty_min_pem4f.oem4f (.const:xdc_runtime_Startup_sfxnTab__C)
                  0000d1c4    00000004     empty_min_pem4f.oem4f (.const:xdc_runtime_SysMin_bufSize__C)
                  0000d1c8    00000004     empty_min_pem4f.oem4f (.const:xdc_runtime_SysMin_outputFunc__C)
                  0000d1cc    00000004     empty_min_pem4f.oem4f (.const:xdc_runtime_System_Module__gateObj__C)
                  0000d1d0    00000004     empty_min_pem4f.oem4f (.const:xdc_runtime_System_abortFxn__C)
                  0000d1d4    00000004     empty_min_pem4f.oem4f (.const:xdc_runtime_System_exitFxn__C)
                  0000d1d8    00000004     empty_min_pem4f.oem4f (.const:xdc_runtime_System_extendFxn__C)
                  0000d1dc    00000004     empty_min_pem4f.oem4f (.const:xdc_runtime_System_maxAtexitHandlers__C)
                  0000d1e0    00000004     empty_min_pem4f.oem4f (.const:xdc_runtime_Text_charTab__C)
                  0000d1e4    00000004     empty_min_pem4f.oem4f (.const:xdc_runtime_Text_nameEmpty__C)
                  0000d1e8    00000004     empty_min_pem4f.oem4f (.const:xdc_runtime_Text_nameStatic__C)
                  0000d1ec    00000004     empty_min_pem4f.oem4f (.const:xdc_runtime_Text_nameUnknown__C)
                  0000d1f0    00000004     empty_min_pem4f.oem4f (.const:xdc_runtime_Text_nodeTab__C)
                  0000d1f4    00000004     empty_min_pem4f.oem4f (.const:xdc_runtime_Text_visitRopeFxn__C)
                  0000d1f8    00000002     empty_min_pem4f.oem4f (.const:ti_sysbios_hal_Hwi_Module__id__C)
                  0000d1fa    00000002     empty_min_pem4f.oem4f (.const:ti_sysbios_heaps_HeapMem_Module__id__C)
                  0000d1fc    00000002     empty_min_pem4f.oem4f (.const:ti_sysbios_knl_Clock_Module__id__C)
                  0000d1fe    00000002     empty_min_pem4f.oem4f (.const:ti_sysbios_knl_Mailbox_Module__id__C)
                  0000d200    00000002     empty_min_pem4f.oem4f (.const:ti_sysbios_knl_Semaphore_Module__id__C)
                  0000d202    00000002     empty_min_pem4f.oem4f (.const:ti_sysbios_knl_Task_Module__id__C)
                  0000d204    00000002     empty_min_pem4f.oem4f (.const:xdc_runtime_Core_Module__id__C)
                  0000d206    00000002     empty_min_pem4f.oem4f (.const:xdc_runtime_Error_Module__loggerDefined__C)
                  0000d208    00000002     empty_min_pem4f.oem4f (.const:xdc_runtime_Error_maxDepth__C)
                  0000d20a    00000002     empty_min_pem4f.oem4f (.const:xdc_runtime_Main_Module__id__C)
                  0000d20c    00000002     empty_min_pem4f.oem4f (.const:xdc_runtime_Memory_Module__id__C)
                  0000d20e    00000002     empty_min_pem4f.oem4f (.const:xdc_runtime_SysMin_flushAtExit__C)
                  0000d210    00000002     empty_min_pem4f.oem4f (.const:xdc_runtime_Text_charCnt__C)
                  0000d212    00000002     empty_min_pem4f.oem4f (.const:xdc_runtime_Text_isLoaded__C)
                  0000d214    00000002     empty_min_pem4f.oem4f (.const:xdc_runtime_Text_registryModsLastId__C)
                  0000d216    00000002     empty_min_pem4f.oem4f (.const:xdc_runtime_Text_unnamedModsLastId__C)

.cinit     0    0000d218    00000248     
                  0000d218    00000211     (.cinit..data.load) [load image, compression = lzss]
                  0000d429    00000003     --HOLE-- [fill = 0]
                  0000d42c    0000000c     (__TI_handler_table)
                  0000d438    00000008     (.cinit..bss.load) [load image, compression = zero_init]
                  0000d440    00000008     (.cinit..vecs.load) [load image, compression = zero_init]
                  0000d448    00000018     (__TI_cinit_table)

.init_array 
*          0    00000000    00000000     UNINITIALIZED

.resetVecs 
*          0    00000000    0000003c     
                  00000000    0000003c     empty_min_pem4f.oem4f (.resetVecs)

.bss       0    20000360    0000319c     UNINITIALIZED
                  20000360    00001000     (.common:task1Stack)
                  20001360    00001000     (.common:taskOpt3001Stack)
                  20002360    00000400     (.common:ti_sysbios_heaps_HeapMem_Instance_State_0_buf__A)
                  20002760    00000360     (.common:ti_sysbios_family_arm_m3_Hwi_dispatchTable)
                  20002ac0    00000200     empty_min_pem4f.oem4f (.bss:taskStackSection)
                  20002cc0    00000200     (.common:MotorTask_Stack)
                  20002ec0    00000180     (.common:i2cTivaObjects)
                  20003040    00000120     rtsv7M4_T_le_v4SPD16_eabi.lib : trgmsg.c.obj (.bss:_CIOBUF_)
                  20003160    00000090     drivers_tivaware.aem4f : GPIOTiva.oem4f (.bss:gpioCallbackInfo)
                  200031f0    00000080     (.common:xdc_runtime_SysMin_Module_State_0_outbuf__A)
                  20003270    0000006c     (.common:mbxStruct)
                  200032dc    00000050     (.common:MotorTask_Struct)
                  2000332c    00000050     (.common:task1Struct)
                  2000337c    00000050     (.common:taskOpt3001Struct)
                  200033cc    00000038     (.common:motorLibPWMObjects)
                  20003404    00000024     (.common:CalcMotorSpeed_clkStruct)
                  20003428    00000024     (.common:clk0Struct)
                  2000344c    00000020     MotorLib.lib : motorlib.obj (.bss:PWMStruct)
                  2000346c    00000018     (.common:HallISR_QueueParams)
                  20003484    00000018     (.common:motorLibPWMTimerObjects)
                  2000349c    00000014     (.common:evtStruct)
                  200034b0    00000010     (.common:i2cParams)
                  200034c0    0000000c     (.common:HallISR_Queue)
                  200034cc    00000008     (.common:parmbuf)
                  200034d4    00000004     (.common:CalcMotorSpeed_clkHandle)
                  200034d8    00000004     (.common:HallISR_QueueHandle)
                  200034dc    00000004     (.common:SpeedCounter)
                  200034e0    00000004     (.common:SpeedValue)
                  200034e4    00000004     (.common:clk0Handle)
                  200034e8    00000004     (.common:evtHandle)
                  200034ec    00000004     (.common:gateHwi)
                  200034f0    00000004     (.common:gpioInterruptVectors)
                  200034f4    00000004     (.common:i2c)
                  200034f8    00000004     (.common:mbxHandle)

.data      0    200034fc    00000482     UNINITIALIZED
                  200034fc    00000080     empty_min_pem4f.oem4f (.data:ti_sysbios_knl_Swi_Module_State_0_readyQ__A)
                  2000357c    00000080     empty_min_pem4f.oem4f (.data:ti_sysbios_knl_Task_Module_State_0_readyQ__A)
                  200035fc    0000004c     empty_min_pem4f.oem4f (.data:ti_sysbios_knl_Task_Object__table__V)
                  20003648    00000044     empty_min_pem4f.oem4f (.data:ti_sysbios_knl_Task_Module__state__V)
                  2000368c    00000040     empty_min_pem4f.oem4f (.data:ti_sysbios_family_arm_lm4_Timer_Module_State_0_device__A)
                  200036cc    00000040     empty_min_pem4f.oem4f (.data:ti_sysbios_family_arm_lm4_Timer_Object__table__V)
                  2000370c    00000038     empty_min_pem4f.oem4f (.data:ti_sysbios_gates_GateMutex_Object__table__V)
                  20003744    00000034     empty_min_pem4f.oem4f (.data:ti_sysbios_family_arm_m3_Hwi_Module__state__V)
                  20003778    00000030     empty_min_pem4f.oem4f (.data:ti_sysbios_knl_Swi_Object__table__V)
                  200037a8    0000002c     empty_min_pem4f.oem4f (.data:ti_sysbios_knl_Clock_Module__state__V)
                  200037d4    00000024     empty_min_pem4f.oem4f (.data:ti_sysbios_BIOS_Module__state__V)
                  200037f8    00000020     EK_TM4C1294XL.obj (.data:gpioCallbackFunctions)
                  20003818    00000020     EK_TM4C1294XL.obj (.data:gpioPinConfigs)
                  20003838    00000020     empty_min_pem4f.oem4f (.data:ti_sysbios_family_arm_lm4_Timer_Module_State_0_handles__A)
                  20003858    0000001c     empty_min_pem4f.oem4f (.data:ti_sysbios_knl_Swi_Module__state__V)
                  20003874    00000018     drivers_tivaware.aem4f : PWMTiva.oem4f (.data)
                  2000388c    00000018     empty_min_pem4f.oem4f (.data:ti_sysbios_family_arm_m3_Hwi_Object__table__V)
                  200038a4    00000018     empty_min_pem4f.oem4f (.data:ti_sysbios_heaps_HeapMem_Object__table__V)
                  200038bc    0000000c     empty_min_pem4f.oem4f (.data:ti_sysbios_family_arm_lm4_Timer_Module__state__V)
                  200038c8    0000000c     empty_min_pem4f.oem4f (.data:xdc_runtime_SysMin_Module__state__V)
                  200038d4    00000008     rtsv7M4_T_le_v4SPD16_eabi.lib : _lock.c.obj (.data:$O1$$)
                  200038dc    00000008     empty_min_pem4f.oem4f (.data:ti_sysbios_family_arm_m3_Hwi_Module__root__V)
                  200038e4    00000008     empty_min_pem4f.oem4f (.data:ti_sysbios_gates_GateHwi_Module__root__V)
                  200038ec    00000008     empty_min_pem4f.oem4f (.data:ti_sysbios_gates_GateMutex_Module__root__V)
                  200038f4    00000008     empty_min_pem4f.oem4f (.data:ti_sysbios_heaps_HeapMem_Module__root__V)
                  200038fc    00000008     empty_min_pem4f.oem4f (.data:ti_sysbios_knl_Clock_Module__root__V)
                  20003904    00000008     empty_min_pem4f.oem4f (.data:ti_sysbios_knl_Event_Module__root__V)
                  2000390c    00000008     empty_min_pem4f.oem4f (.data:ti_sysbios_knl_Mailbox_Module__root__V)
                  20003914    00000008     empty_min_pem4f.oem4f (.data:ti_sysbios_knl_Queue_Module__root__V)
                  2000391c    00000008     empty_min_pem4f.oem4f (.data:ti_sysbios_knl_Semaphore_Module__root__V)
                  20003924    00000008     empty_min_pem4f.oem4f (.data:ti_sysbios_knl_Task_Module__root__V)
                  2000392c    00000008     empty_min_pem4f.oem4f (.data:xdc_runtime_Registry_Module__state__V)
[...]
0000cf3c  ti_sysbios_gates_GateMutex_Object__PARAMS__C                         
0000cf54  ti_sysbios_knl_Event_Object__PARAMS__C                               
0000cf6c  ti_sysbios_knl_Queue_Object__PARAMS__C                               
0000cf84  GPIOTiva_config                                                      
0000cf98  xdc_runtime_Startup_firstFxns__A                                     
0000cfac  xdc_runtime_Startup_sfxnRts__A                                       
0000cfbe  ti_sysbios_gates_GateMutex_Module__id__C                             
0000cfc0  I2C_defaultParams                                                    
0000cfd0  motorLibPWMTimerTivaHWAttrs                                          
0000cfe0  PWM_defaultParams                                                    
0000cff4  ti_sysbios_family_arm_m3_Hwi_excHookFuncs__A                         
0000cffc  ti_sysbios_knl_Idle_funcList__C                                      
0000d004  xdc_runtime_Startup_firstFxns__C                                     
0000d00c  xdc_runtime_Startup_lastFxns__C                                      
0000d014  ti_catalog_arm_cortexm4_tiva_ce_Boot_A_mustNotUseEnhancedClockMode__C
0000d018  ti_catalog_arm_cortexm4_tiva_ce_Boot_Module__diagsEnabled__C         
0000d01c  ti_catalog_arm_cortexm4_tiva_ce_Boot_Module__diagsIncluded__C        
0000d020  ti_catalog_arm_cortexm4_tiva_ce_Boot_Module__diagsMask__C            
0000d024  ti_sysbios_family_arm_lm4_Timer_enableFunc__C                        
0000d028  ti_sysbios_family_arm_lm4_Timer_numTimerDevices__C                   
0000d02c  ti_sysbios_family_arm_lm4_Timer_startupNeeded__C                     
0000d030  ti_sysbios_family_arm_m3_Hwi_E_NMI__C                                
0000d034  ti_sysbios_family_arm_m3_Hwi_E_alreadyDefined__C                     
0000d038  ti_sysbios_family_arm_m3_Hwi_E_busFault__C                           
0000d03c  ti_sysbios_family_arm_m3_Hwi_E_debugMon__C                           
0000d040  ti_sysbios_family_arm_m3_Hwi_E_hardFault__C                          
0000d044  ti_sysbios_family_arm_m3_Hwi_E_memFault__C                           
0000d048  ti_sysbios_family_arm_m3_Hwi_E_noIsr__C                              
0000d04c  ti_sysbios_family_arm_m3_Hwi_E_reserved__C                           
0000d050  ti_sysbios_family_arm_m3_Hwi_E_svCall__C                             
0000d054  ti_sysbios_family_arm_m3_Hwi_E_usageFault__C                         
0000d058  ti_sysbios_family_arm_m3_Hwi_NUM_INTERRUPTS__C                       
0000d05c  ti_sysbios_family_arm_m3_Hwi_Object__count__C                        
0000d060  ti_sysbios_family_arm_m3_Hwi_ccr__C                                  
0000d064  ti_sysbios_family_arm_m3_Hwi_excHandlerFunc__C                       
0000d068  ti_sysbios_family_arm_m3_Hwi_excHookFuncs__C                         
0000d06c  ti_sysbios_family_arm_m3_Hwi_nullIsrFunc__C                          
0000d070  ti_sysbios_family_arm_m3_Hwi_priGroup__C                             
0000d074  ti_sysbios_family_arm_m3_TaskSupport_stackAlignment__C               
0000d078  ti_sysbios_gates_GateMutex_A_badContext__C                           
0000d07c  ti_sysbios_gates_GateMutex_Instance_State_sem__O                     
0000d080  ti_sysbios_gates_GateMutex_Module__diagsEnabled__C                   
0000d084  ti_sysbios_gates_GateMutex_Module__diagsIncluded__C                  
0000d088  ti_sysbios_gates_GateMutex_Module__diagsMask__C                      
0000d08c  ti_sysbios_hal_Hwi_E_stackOverflow__C                                
0000d090  ti_sysbios_heaps_HeapMem_A_align__C                                  
0000d094  ti_sysbios_heaps_HeapMem_A_heapSize__C                               
0000d098  ti_sysbios_heaps_HeapMem_A_invalidFree__C                            
0000d09c  ti_sysbios_heaps_HeapMem_A_zeroBlock__C                              
0000d0a0  ti_sysbios_heaps_HeapMem_E_memory__C                                 
0000d0a4  ti_sysbios_heaps_HeapMem_Module__diagsEnabled__C                     
0000d0a8  ti_sysbios_heaps_HeapMem_Module__diagsIncluded__C                    
0000d0ac  ti_sysbios_heaps_HeapMem_Module__diagsMask__C                        
0000d0b0  ti_sysbios_heaps_HeapMem_Module__gateObj__C                          
0000d0b4  ti_sysbios_heaps_HeapMem_Object__count__C                            
0000d0b8  ti_sysbios_heaps_HeapMem_reqAlign__C                                 
0000d0bc  ti_sysbios_knl_Clock_A_badThreadType__C                              
0000d0c0  ti_sysbios_knl_Clock_Module_State_clockQ__O                          
0000d0c4  ti_sysbios_knl_Clock_Module__diagsEnabled__C                         
0000d0c8  ti_sysbios_knl_Clock_Module__diagsIncluded__C                        
0000d0cc  ti_sysbios_knl_Clock_Module__diagsMask__C                            
0000d0d0  ti_sysbios_knl_Event_Instance_State_pendQ__O                         
0000d0d4  ti_sysbios_knl_Idle_funcList__A                                      
0000d0d8  ti_sysbios_knl_Mailbox_A_invalidBufSize__C                           
0000d0dc  ti_sysbios_knl_Mailbox_Instance_State_dataQue__O                     
0000d0e0  ti_sysbios_knl_Mailbox_Instance_State_dataSem__O                     
0000d0e4  ti_sysbios_knl_Mailbox_Instance_State_freeQue__O                     
0000d0e8  ti_sysbios_knl_Mailbox_Instance_State_freeSem__O                     
0000d0ec  ti_sysbios_knl_Mailbox_Module__diagsEnabled__C                       
0000d0f0  ti_sysbios_knl_Mailbox_Module__diagsIncluded__C                      
0000d0f4  ti_sysbios_knl_Mailbox_Module__diagsMask__C                          
0000d0f8  ti_sysbios_knl_Mailbox_Object__count__C                              
0000d0fc  ti_sysbios_knl_Mailbox_maxTypeAlign__C                               
0000d100  ti_sysbios_knl_Semaphore_A_badContext__C                             
0000d104  ti_sysbios_knl_Semaphore_A_noEvents__C                               
0000d108  ti_sysbios_knl_Semaphore_A_overflow__C                               
0000d10c  ti_sysbios_knl_Semaphore_A_pendTaskDisabled__C                       
0000d110  ti_sysbios_knl_Semaphore_Instance_State_pendQ__O                     
0000d114  ti_sysbios_knl_Semaphore_Module__diagsEnabled__C                     
0000d118  ti_sysbios_knl_Semaphore_Module__diagsIncluded__C                    
0000d11c  ti_sysbios_knl_Semaphore_Module__diagsMask__C                        
0000d120  ti_sysbios_knl_Swi_Object__count__C                                  
0000d124  ti_sysbios_knl_Task_A_badPriority__C                                 
0000d128  ti_sysbios_knl_Task_A_badTaskState__C                                
0000d12c  ti_sysbios_knl_Task_A_badThreadType__C                               
0000d130  ti_sysbios_knl_Task_A_badTimeout__C                                  
0000d134  ti_sysbios_knl_Task_A_noPendElem__C                                  
0000d138  ti_sysbios_knl_Task_A_sleepTaskDisabled__C                           
0000d13c  ti_sysbios_knl_Task_E_spOutOfBounds__C                               
0000d140  ti_sysbios_knl_Task_E_stackOverflow__C                               
0000d144  ti_sysbios_knl_Task_Module_State_inactiveQ__O                        
0000d148  ti_sysbios_knl_Task_Module__diagsEnabled__C                          
0000d14c  ti_sysbios_knl_Task_Module__diagsIncluded__C                         
0000d150  ti_sysbios_knl_Task_Module__diagsMask__C                             
0000d154  ti_sysbios_knl_Task_Object__count__C                                 
0000d158  ti_sysbios_knl_Task_allBlockedFunc__C                                
0000d15c  ti_sysbios_knl_Task_defaultStackHeap__C                              
0000d160  ti_sysbios_knl_Task_defaultStackSize__C                              
0000d164  ti_sysbios_knl_Task_numConstructedTasks__C                           
0000d168  xdc_runtime_Assert_E_assertFailed__C                                 
0000d16c  xdc_runtime_Core_A_initializedParams__C                              
0000d170  xdc_runtime_Core_Module__diagsEnabled__C                             
0000d174  xdc_runtime_Core_Module__diagsIncluded__C                            
0000d178  xdc_runtime_Core_Module__diagsMask__C                                
0000d17c  xdc_runtime_Error_E_generic__C                                       
0000d180  xdc_runtime_Error_E_memory__C                                        
0000d184  xdc_runtime_Error_Module__diagsEnabled__C                            
0000d188  xdc_runtime_Error_Module__diagsIncluded__C                           
0000d18c  xdc_runtime_Error_Module__diagsMask__C                               
0000d190  xdc_runtime_Error_Module__loggerFxn8__C                              
0000d194  xdc_runtime_Error_Module__loggerObj__C                               
0000d198  xdc_runtime_Error_policyFxn__C                                       
0000d19c  xdc_runtime_Error_raiseHook__C                                       
0000d1a0  xdc_runtime_IGateProvider_Interface__BASE__C                         
0000d1a4  xdc_runtime_IHeap_Interface__BASE__C                                 
0000d1a8  xdc_runtime_IModule_Interface__BASE__C                               
0000d1ac  xdc_runtime_Log_L_error__C                                           
0000d1b0  xdc_runtime_Memory_defaultHeapInstance__C                            
0000d1b4  xdc_runtime_Startup_execImpl__C                                      
0000d1b8  xdc_runtime_Startup_maxPasses__C                                     
0000d1bc  xdc_runtime_Startup_sfxnRts__C                                       
0000d1c0  xdc_runtime_Startup_sfxnTab__C                                       
0000d1c4  xdc_runtime_SysMin_bufSize__C                                        
0000d1c8  xdc_runtime_SysMin_outputFunc__C                                     
0000d1cc  xdc_runtime_System_Module__gateObj__C                                
0000d1d0  xdc_runtime_System_abortFxn__C                                       
0000d1d4  xdc_runtime_System_exitFxn__C                                        
0000d1d8  xdc_runtime_System_extendFxn__C                                      
0000d1dc  xdc_runtime_System_maxAtexitHandlers__C                              
0000d1e0  xdc_runtime_Text_charTab__C                                          
0000d1e4  xdc_runtime_Text_nameEmpty__C                                        
0000d1e8  xdc_runtime_Text_nameStatic__C                                       
0000d1ec  xdc_runtime_Text_nameUnknown__C                                      
0000d1f0  xdc_runtime_Text_nodeTab__C                                          
0000d1f4  xdc_runtime_Text_visitRopeFxn__C                                     
0000d1f8  ti_sysbios_hal_Hwi_Module__id__C                                     
0000d1fa  ti_sysbios_heaps_HeapMem_Module__id__C                               
0000d1fc  ti_sysbios_knl_Clock_Module__id__C                                   
0000d1fe  ti_sysbios_knl_Mailbox_Module__id__C                                 
0000d200  ti_sysbios_knl_Semaphore_Module__id__C                               
0000d202  ti_sysbios_knl_Task_Module__id__C                                    
0000d204  xdc_runtime_Core_Module__id__C                                       
0000d206  xdc_runtime_Error_Module__loggerDefined__C                           
0000d208  xdc_runtime_Error_maxDepth__C                                        
0000d20a  xdc_runtime_Main_Module__id__C                                       
0000d20c  xdc_runtime_Memory_Module__id__C                                     
0000d20e  xdc_runtime_SysMin_flushAtExit__C                                    
0000d210  xdc_runtime_Text_charCnt__C                                          
0000d212  xdc_runtime_Text_isLoaded__C                                         
0000d214  xdc_runtime_Text_registryModsLastId__C                               
0000d216  xdc_runtime_Text_unnamedModsLastId__C                                
0000d218  __TI_static_base__                                                   
0000d42c  __TI_Handler_Table_Base                                              
0000d438  __TI_Handler_Table_Limit                                             
0000d448  __TI_CINIT_Base                                                      
0000d460  __TI_CINIT_Limit                                                     
20000000  __start___llvm_prf_cnts                                              
20000000  __stop___llvm_prf_cnts                                               
20000000  ti_sysbios_family_arm_m3_Hwi_ramVectors                              
20000360  task1Stack                                                           
20001360  taskOpt3001Stack                                                     
20002360  ti_sysbios_heaps_HeapMem_Instance_State_0_buf__A                     
20002760  ti_sysbios_family_arm_m3_Hwi_dispatchTable                           
20002ac0  ti_sysbios_knl_Task_Instance_State_0_stack__A                        
20002cc0  MotorTask_Stack                                                      
20002ec0  i2cTivaObjects                                                       
20003040  __CIOBUF_                                                            
200031f0  xdc_runtime_SysMin_Module_State_0_outbuf__A                          
20003270  mbxStruct                                                            
200032dc  MotorTask_Struct                                                     
2000332c  task1Struct                                                          
2000337c  taskOpt3001Struct                                                    
200033cc  motorLibPWMObjects                                                   
20003404  CalcMotorSpeed_clkStruct                                             
20003428  clk0Struct                                                           
2000346c  HallISR_QueueParams                                                  
20003484  motorLibPWMTimerObjects                                              
2000349c  evtStruct                                                            
200034b0  i2cParams                                                            
200034c0  HallISR_Queue                                                        
200034cc  parmbuf                                                              
200034d4  CalcMotorSpeed_clkHandle                                             
200034d8  HallISR_QueueHandle                                                  
200034dc  SpeedCounter                                                         
200034e0  SpeedValue                                                           
200034e4  clk0Handle                                                           
200034e8  evtHandle                                                            
200034ec  gateHwi                                                              
200034f4  i2c                                                                  
200034f8  mbxHandle                                                            
200034fc  ti_sysbios_knl_Swi_Module_State_0_readyQ__A                          
2000357c  ti_sysbios_knl_Task_Module_State_0_readyQ__A                         
200035fc  ti_sysbios_knl_Task_Object__table__V                                 
20003648  ti_sysbios_knl_Task_Module__state__V                                 
2000368c  ti_sysbios_family_arm_lm4_Timer_Module_State_0_device__A             
200036cc  ti_sysbios_family_arm_lm4_Timer_Object__table__V                     
2000370c  ti_sysbios_gates_GateMutex_Object__table__V                          
20003744  ti_sysbios_family_arm_m3_Hwi_Module__state__V                        
20003778  ti_sysbios_knl_Swi_Object__table__V                                  
200037a8  ti_sysbios_knl_Clock_Module__state__V                                
200037d4  ti_sysbios_BIOS_Module__state__V                                     
200037f8  gpioCallbackFunctions                                                
20003818  gpioPinConfigs                                                       
20003838  ti_sysbios_family_arm_lm4_Timer_Module_State_0_handles__A            
20003858  ti_sysbios_knl_Swi_Module__state__V                                  
2000388c  ti_sysbios_family_arm_m3_Hwi_Object__table__V                        
200038a4  ti_sysbios_heaps_HeapMem_Object__table__V                            
200038bc  ti_sysbios_family_arm_lm4_Timer_Module__state__V                     
200038c8  xdc_runtime_SysMin_Module__state__V                                  
200038d4  _lock                                                                
200038d8  _unlock                                                              
200038dc  ti_sysbios_family_arm_m3_Hwi_Module__root__V                         
200038e4  ti_sysbios_gates_GateHwi_Module__root__V                             
200038ec  ti_sysbios_gates_GateMutex_Module__root__V                           
200038f4  ti_sysbios_heaps_HeapMem_Module__root__V                             
200038fc  ti_sysbios_knl_Clock_Module__root__V                                 
20003904  ti_sysbios_knl_Event_Module__root__V                                 
2000390c  ti_sysbios_knl_Mailbox_Module__root__V                               
20003914  ti_sysbios_knl_Queue_Module__root__V                                 
2000391c  ti_sysbios_knl_Semaphore_Module__root__V                             
20003924  ti_sysbios_knl_Task_Module__root__V                                  
2000392c  xdc_runtime_Registry_Module__state__V                                
20003934  xdc_runtime_Startup_Module__state__V                                 
2000393c  xdc_runtime_System_Module_State_0_atexitHandlers__A                  
20003944  xdc_runtime_System_Module__state__V                                  
20003951  Hall_a                                                               
20003952  Hall_b                                                               
20003953  Hall_c                                                               
20003954  DRIVE_RULESET                                                        
20003956  ti_sysbios_family_arm_m3_Hwi_Module_State_0_excActive__A             
20003960  errno                                                                
20003964  main_func_sp                                                         
20003968  ti_sysbios_family_arm_m3_Hwi_Module_State_0_excContext__A            
2000396c  ti_sysbios_family_arm_m3_Hwi_Module_State_0_excStack__A              
20003970  ti_sysbios_gates_GateHwi_Object__table__V                            
20003974  ti_sysbios_knl_Task_Module_State_0_idleTask__A                       
20003978  xdc_runtime_Memory_Module__state__V                                  
2000397c  xdc_runtime_Error_Module__state__V                                   
20003980  __stack                                                              
20003c80  __STACK_END                                                          
e000e000  ti_sysbios_family_arm_m3_Hwi_nvic                                    
ffffffff  __TI_pprof_out_hndl                                                  
ffffffff  __TI_prof_data_size                                                  
ffffffff  __TI_prof_data_start                                                 
ffffffff  __binit__                                                            
ffffffff  __c_args__                                                           
ffffffff  binit                                                                
UNDEFED   SHT$$INIT_ARRAY$$Base                                                
UNDEFED   SHT$$INIT_ARRAY$$Limit                                               

[769 symbols]
