******************************************************************************
                  TI ARM Linker PC v20.2.7                     
******************************************************************************
>> Linked Sun Apr 23 17:33:53 2023

OUTPUT FILE NAME:   <Lab_4_Task_B.out>
ENTRY POINT SYMBOL: "_c_int00"  address: 00006089


MEMORY CONFIGURATION

         name            origin    length      used     unused   attr    fill
----------------------  --------  ---------  --------  --------  ----  --------
  FLASH                 00000000   00100000  0000b2ce  000f4d32  R  X
  SRAM                  20000000   00040000  00001c27  0003e3d9  RW X


SEGMENT ALLOCATION MAP

run origin  load origin   length   init length attrs members
----------  ----------- ---------- ----------- ----- -------
00000000    00000000    0000b2d8   0000b2d8    r-x
  00000000    00000000    0000003c   0000003c    r-- .resetVecs
  00000040    00000040    00007e22   00007e22    r-x .text
  00007e68    00007e68    00003260   00003260    r-- .const
  0000b0c8    0000b0c8    00000210   00000210    r-- .cinit
20000000    20000000    00001c30   00000000    rw-
  20000000    20000000    00000360   00000000    rw- .vecs
  20000360    20000360    000011a5   00000000    rw- .bss
  20001508    20001508    00000422   00000000    rw- .data
  20001930    20001930    00000300   00000000    rw- .stack


SECTION ALLOCATION MAP

 output                                  attributes/
section   page    origin      length       input sections
--------  ----  ----------  ----------   ----------------
.text      0    00000040    00007e22     
                  00000040    00000a4e     rtsv7M4_T_le_v4SPD16_eabi.lib : _printfi.c.obj (.text:__TI_printfi)
                  00000a8e    00000002                                   : _lock.c.obj (.text:_nop)
                  00000a90    00000430     sysbios.aem4f : BIOS.obj (.text:ti_sysbios_family_arm_m3_Hwi_excDumpRegs__I)
                  00000ec0    0000034c     ti.targets.arm.rtsarm.aem4f : System.oem4f (.text:xdc_runtime_System_doPrint__I)
                  0000120c    00000004     driverlib.lib : i2c.obj (.text:I2CMasterControl)
                  00001210    000002d0     sysbios.aem4f : BIOS.obj (.text:ti_sysbios_knl_Semaphore_pend__E)
                  000014e0    00000270     rtsv7M4_T_le_v4SPD16_eabi.lib : _printfi.c.obj (.text:_pconv_a)
                  00001750    0000026c     sysbios.aem4f : BIOS.obj (.text:ti_sysbios_heaps_HeapMem_free__E)
                  000019bc    00000004     driverlib.lib : i2c.obj (.text:I2CMasterDataGet)
                  000019c0    00000250     sysbios.aem4f : BIOS.obj (.text:ti_sysbios_heaps_HeapMem_alloc__E)
                  00001c10    00000234                   : BIOS.obj (.text:ti_sysbios_knl_Task_Instance_finalize__E)
                  00001e44    00000204     Boot.aem4f : Boot_sysctl.oem4f (.text:ti_catalog_arm_cortexm4_tiva_ce_Boot_sysCtlClockFreqSetI__I)
                  00002048    00000200     rtsv7M4_T_le_v4SPD16_eabi.lib : s_exp2.c.obj (.text:exp2)
                  00002248    000001f4     sysbios.aem4f : BIOS.obj (.text:ti_sysbios_family_arm_m3_Hwi_excHandlerMax__I)
                  0000243c    00000004     driverlib.lib : i2c.obj (.text:I2CMasterDataPut)
                  00002440    000001f0     sysbios.aem4f : BIOS.obj (.text:ti_sysbios_knl_Task_sleep__E)
                  00002630    000001d0     rtsv7M4_T_le_v4SPD16_eabi.lib : _printfi.c.obj (.text:_pconv_g)
                  00002800    000001c0     sysbios.aem4f : BIOS.obj (.text:ti_sysbios_knl_Task_Instance_init__E)
                  000029c0    000001b6     rtsv7M4_T_le_v4SPD16_eabi.lib : fd_add_t2.asm.obj (.text)
                  00002b76    00000002                                   : div0.asm.obj (.text)
                  00002b78    00000174     sysbios.aem4f : BIOS.obj (.text:ti_sysbios_family_arm_m3_Hwi_excBusFault__I)
                  00002cec    00000004     rtsv7M4_T_le_v4SPD16_eabi.lib : exit.c.obj (.text:abort:abort)
                  00002cf0    00000164     sysbios.aem4f : BIOS.obj (.text:ti_sysbios_family_arm_m3_Hwi_excUsageFault__I)
                  00002e54    00000150     drivers_tivaware.aem4f : GPIOTiva.oem4f (.text:GPIO_setConfig)
                  00002fa4    00000004     empty_pem4f.oem4f (.text:ti_sysbios_BIOS_RtsGateProxy_enter__E)
                  00002fa8    00000148     sysbios.aem4f : BIOS.obj (.text:ti_sysbios_family_arm_m3_Hwi_excMemFault__I)
                  000030f0    0000013c     rtsv7M4_T_le_v4SPD16_eabi.lib : _printfi.c.obj (.text:_pconv_e)
                  0000322c    00000004     empty_pem4f.oem4f (.text:ti_sysbios_BIOS_RtsGateProxy_leave__E)
                  00003230    0000013c     sysbios.aem4f : BIOS.obj (.text:ti_sysbios_heaps_HeapMem_Instance_init__E)
                  0000336c    00000136     rtsv7M4_T_le_v4SPD16_eabi.lib : fd_div_t2.asm.obj (.text)
                  000034a2    00000006     driverlib.lib : gpio.obj (.text:GPIOIntClear)
                  000034a8    00000134     sysbios.aem4f : BIOS.obj (.text:ti_sysbios_family_arm_lm4_Timer_start__E)
                  000035dc    00000130     driverlib.lib : gpio.obj (.text:GPIOPadConfigSet)
                  0000370c    00000124     rtsv7M4_T_le_v4SPD16_eabi.lib : _printfi.c.obj (.text:fcvt)
                  00003830    00000118     ti.targets.arm.rtsarm.aem4f : Error.oem4f (.text:xdc_runtime_Error_policyDefault__E)
                  00003948    00000110     rtsv7M4_T_le_v4SPD16_eabi.lib : s_scalbn.c.obj (.text:scalbn)
                  00003a58    00000100     ti.targets.arm.rtsarm.aem4f : Core-mem.oem4f (.text:xdc_runtime_Core_createObject__I)
                  00003b58    000000fc     rtsv7M4_T_le_v4SPD16_eabi.lib : fd_mul_t2.asm.obj (.text)
                  00003c54    000000f8     ti.targets.arm.rtsarm.aem4f : Startup.oem4f (.text:xdc_runtime_Startup_startMods__I)
                  00003d4c    000000f8     empty_pem4f.oem4f (.text:xdc_runtime_System_printfExtend__I)
                  00003e44    000000f4     Lab_4_Task_B.obj (.text:I2CluxFxn)
                  00003f38    000000f4     sysbios.aem4f : m3_Hwi_asm.obj (.text:ti_sysbios_family_arm_m3_Hwi_dispatch__I)
                  0000402c    00000004                   : BIOS.obj (.text:ti_sysbios_family_arm_lm4_Timer_masterEnable__I)
                  00004030    000000ec                   : BIOS.obj (.text:ti_sysbios_knl_Semaphore_post__E)
                  0000411c    000000e8     Lab_4_Task_B.obj (.text:main)
                  00004204    000000e0     drivers_tivaware.aem4f : I2CTiva.oem4f (.text:I2CTiva_open)
                  000042e4    000000d6                            : I2CTiva.oem4f (.text:I2CTiva_hwiFxn)
                  000043ba    00000002     empty_pem4f.oem4f (.text:ti_sysbios_BIOS_nullFunc__I)
                  000043bc    000000cc     ti.targets.arm.rtsarm.aem4f : Core-smem.oem4f (.text:xdc_runtime_Core_constructObject__I)
                  00004488    000000c5     opt3001.obj (.text:sensorOpt3001Test)
                  0000454d    00000001     --HOLE-- [fill = 0]
                  0000454e    00000002     empty_pem4f.oem4f (.text:xdc_runtime_Startup_reset__I)
                  00004550    000000bc     sysbios.aem4f : BIOS.obj (.text:ti_sysbios_family_arm_m3_Hwi_excDebugMon__I)
                  0000460c    00000004     empty_pem4f.oem4f (.text:ti_sysbios_family_arm_m3_Hwi_destruct)
                  00004610    000000bc     sysbios.aem4f : BIOS.obj (.text:ti_sysbios_family_arm_m3_Hwi_excHardFault__I)
                  000046cc    000000b8     EK_TM4C1294XL.obj (.text:EK_TM4C1294XL_initGeneral)
                  00004784    00000004     empty_pem4f.oem4f (.text:ti_sysbios_family_arm_m3_TaskSupport_Module__startupDone__S)
                  00004788    000000b4     sysbios.aem4f : BIOS.obj (.text:ti_sysbios_gates_GateMutex_enter__E)
                  0000483c    00000004     empty_pem4f.oem4f (.text:ti_sysbios_heaps_HeapMem_Module_GateProxy_enter__E)
                  00004840    000000b4     sysbios.aem4f : BIOS.obj (.text:ti_sysbios_knl_Task_checkStacks__E)
                  000048f4    000000b1     rtsv7M4_T_le_v4SPD16_eabi.lib : _printfi.c.obj (.text:_ltostr)
                  000049a5    00000003     --HOLE-- [fill = 0]
                  000049a8    000000ac     sysbios.aem4f : BIOS.obj (.text:ti_sysbios_family_arm_lm4_Timer_enableTiva__I)
                  00004a54    00000004     empty_pem4f.oem4f (.text:ti_sysbios_heaps_HeapMem_Module_GateProxy_leave__E)
                  00004a58    000000a8     sysbios.aem4f : BIOS.obj (.text:ti_sysbios_family_arm_lm4_Timer_enableTimers__I)
                  00004b00    000000a8                   : BIOS.obj (.text:ti_sysbios_knl_Task_postInit__I)
                  00004ba8    000000a0     auto_init.aem4f : auto_init.oem4f (.text)
                  00004c48    000000a0     Lab_4_Task_B.obj (.text:writeI2C)
                  00004ce8    000000a0     ti.targets.arm.rtsarm.aem4f : Text.oem4f (.text:xdc_runtime_Text_putMod__E)
                  00004d88    0000009c     EK_TM4C1294XL.obj (.text:EK_TM4C1294XL_initI2C)
                  00004e24    0000009c     rtsv7M4_T_le_v4SPD16_eabi.lib : memcpy_t2.asm.obj (.text)
                  00004ec0    0000009c     sysbios.aem4f : BIOS.obj (.text:ti_sysbios_knl_Semaphore_Instance_init__E)
                  00004f5c    0000009a     ti.targets.arm.rtsarm.aem4f : Text.oem4f (.text:xdc_runtime_Text_putSite__E)
                  00004ff6    00000002     --HOLE-- [fill = 0]
                  00004ff8    00000098     Boot.aem4f : Boot.oem4f (.text:ti_catalog_arm_cortexm4_tiva_ce_Boot_sysCtlClockFreqSet__E)
                  00005090    00000096     rtsv7M4_T_le_v4SPD16_eabi.lib : ull_div_t2.asm.obj (.text)
                  00005126    00000002     --HOLE-- [fill = 0]
                  00005128    00000094     sysbios.aem4f : BIOS.obj (.text:ti_sysbios_family_arm_m3_Hwi_Instance_init__E)
                  000051bc    00000004     empty_pem4f.oem4f (.text:ti_sysbios_knl_Clock_TimerProxy_getMaxTicks__E)
                  000051c0    00000094     sysbios.aem4f : BIOS.obj (.text:ti_sysbios_family_arm_m3_Hwi_initNVIC__E)
                  00005254    0000008c     drivers_tivaware.aem4f : GPIOTiva.oem4f (.text:GPIO_init)
                  000052e0    0000008c     sysbios.aem4f : m3_TaskSupport_asm.obj (.text:ti_sysbios_family_arm_m3_TaskSupport_buildTaskStack)
                  0000536c    00000088     Lab_4_Task_B.obj (.text:readI2C)
                  000053f4    00000086     rtsv7M4_T_le_v4SPD16_eabi.lib : fd_cmp_t2.asm.obj (.text:__aeabi_cdcmple)
                  0000547a    00000086                                   : fd_cmp_t2.asm.obj (.text:__aeabi_cdrcmple)
                  00005500    00000084     sysbios.aem4f : BIOS.obj (.text:ti_sysbios_family_arm_m3_Hwi_postInit__I)
                  00005584    0000007e     drivers_tivaware.aem4f : I2CTiva.oem4f (.text:I2CTiva_transfer)
                  00005602    0000007a     rtsv7M4_T_le_v4SPD16_eabi.lib : memset_t2.asm.obj (.text)
                  0000567c    00000070     opt3001.obj (.text:sensorOpt3001Convert)
                  000056ec    00000004     empty_pem4f.oem4f (.text:ti_sysbios_knl_Queue_destruct)
                  000056f0    00000070     sysbios.aem4f : BIOS.obj (.text:ti_sysbios_knl_Clock_workFunc__E)
                  00005760    00000070                   : BIOS.obj (.text:ti_sysbios_knl_Task_exit__E)
                  000057d0    0000006e     rtsv7M4_T_le_v4SPD16_eabi.lib : _printfi.c.obj (.text:_mcpy)
                  0000583e    0000006e                                   : fd_tos_t2.asm.obj (.text)
                  000058ac    0000006d     ti.targets.arm.rtsarm.aem4f : System.oem4f (.text:xdc_runtime_System_formatNum__I)
                  00005919    00000001     --HOLE-- [fill = 0]
                  0000591a    00000006     driverlib.lib : gpio.obj (.text:GPIOPinWrite)
                  00005920    0000006c     sysbios.aem4f : BIOS.obj (.text:ti_sysbios_knl_Swi_restoreHwi__E)
                  0000598c    0000006c     ti.targets.arm.rtsarm.aem4f : Error.oem4f (.text:xdc_runtime_Error_print__E)
                  000059f8    0000006c                                 : Memory.oem4f (.text:xdc_runtime_Memory_alloc__E)
                  00005a64    00000068     rtsv7M4_T_le_v4SPD16_eabi.lib : copy_decompress_lzss.c.obj (.text:decompress:lzss:__TI_decompress_lzss)
                  00005acc    00000066     ti.targets.arm.rtsarm.aem4f : Core-mem.oem4f (.text:xdc_runtime_Core_deleteObject__I)
                  00005b32    00000002     --HOLE-- [fill = 0]
                  00005b34    00000064     drivers_tivaware.aem4f : GPIOTiva.oem4f (.text:GPIO_hwiIntFxn)
                  00005b98    00000064     rtsv7M4_T_le_v4SPD16_eabi.lib : s_frexp.c.obj (.text:frexp)
                  00005bfc    00000004     empty_pem4f.oem4f (.text:ti_sysbios_knl_Semaphore_destruct)
                  00005c00    00000064     sysbios.aem4f : BIOS.obj (.text:ti_sysbios_family_arm_lm4_Timer_Module_startup__E)
                  00005c64    00000064     empty_pem4f.oem4f (.text:ti_sysbios_family_arm_m3_Hwi_create)
                  00005cc8    00000064     sysbios.aem4f : BIOS.obj (.text:ti_sysbios_family_arm_m3_Hwi_dispatchC__I)
                  00005d2c    00000062     drivers_tivaware.aem4f : I2CTiva.oem4f (.text:I2CTiva_primeTransfer)
                  00005d8e    00000062     opt3001.obj (.text:sensorOpt3001Read)
                  00005df0    00000060     sysbios.aem4f : BIOS.obj (.text:ti_sysbios_family_arm_lm4_Timer_isrStub__E)
                  00005e50    00000060                   : BIOS.obj (.text:ti_sysbios_knl_Task_schedule__I)
                  00005eb0    0000005c                   : BIOS.obj (.text:ti_sysbios_knl_Swi_run__I)
                  00005f0c    00000004     ti.targets.arm.rtsarm.aem4f : Error.oem4f (.text:xdc_runtime_Error_getSite__E)
                  00005f10    0000005c     sysbios.aem4f : BIOS.obj (.text:ti_sysbios_knl_Swi_schedule__I)
                  00005f6c    00000004     empty_pem4f.oem4f (.text:xdc_runtime_System_Module_GateProxy_enter__E)
                  00005f70    0000005c     sysbios.aem4f : BIOS.obj (.text:ti_sysbios_knl_Task_Module_startup__E)
                  00005fcc    00000004     empty_pem4f.oem4f (.text:xdc_runtime_System_Module_GateProxy_leave__E)
                  00005fd0    0000005c     sysbios.aem4f : BIOS.obj (.text:ti_sysbios_knl_Task_startCore__E)
                  0000602c    0000005b     ti.targets.arm.rtsarm.aem4f : Text.oem4f (.text:xdc_runtime_Text_putLab__E)
                  00006087    00000001     --HOLE-- [fill = 0]
                  00006088    00000058     boot.aem4f : boot.oem4f (.text)
                  000060e0    00000058     rtsv7M4_T_le_v4SPD16_eabi.lib : hostwrite.c.obj (.text:HOSTwrite)
                  00006138    00000058     empty_pem4f.oem4f (.text:ti_sysbios_family_arm_m3_Hwi_construct)
                  00006190    00000058     sysbios.aem4f : m3_Hwi_asm_switch.obj (.text:ti_sysbios_family_arm_m3_Hwi_initStacks__E)
                  000061e8    00000056     driverlib.lib : gpio.obj (.text:GPIOIntTypeSet)
                  0000623e    00000056     rtsv7M4_T_le_v4SPD16_eabi.lib : _printfi.c.obj (.text:_pconv_f)
                  00006294    00000054                                   : _ltoa.c.obj (.text:__TI_ltoa)
                  000062e8    00000054     empty_pem4f.oem4f (.text:ti_sysbios_knl_Task_construct)
                  0000633c    00000054     ti.targets.arm.rtsarm.aem4f : Assert.oem4f (.text:xdc_runtime_Assert_raise__I)
                  00006390    00000052     rtsv7M4_T_le_v4SPD16_eabi.lib : _printfi.c.obj (.text:_ecpy)
                  000063e2    00000002     --HOLE-- [fill = 0]
                  000063e4    00000050     drivers_tivaware.aem4f : GPIOTiva.oem4f (.text:GPIO_setCallback)
                  00006434    00000050                            : GPIOTiva.oem4f (.text:GPIO_write)
                  00006484    00000050     Boot.aem4f : Boot_sysctl.oem4f (.text:_SysCtlFrequencyGet)
                  000064d4    00000004     ti.targets.arm.rtsarm.aem4f : System.oem4f (.text:xdc_runtime_System_aprintf_va__F)
                  000064d8    00000050     sysbios.aem4f : BIOS.obj (.text:ti_sysbios_family_arm_m3_Hwi_Module_startup__E)
                  00006528    00000050     ti.targets.arm.rtsarm.aem4f : Startup.oem4f (.text:xdc_runtime_Startup_exec__E)
                  00006578    00000050                                 : Text.oem4f (.text:xdc_runtime_Text_visitRope2__I)
                  000065c8    0000004c     rtsv7M4_T_le_v4SPD16_eabi.lib : atoi.c.obj (.text:atoi)
                  00006614    0000004c                                   : cpy_tbl.c.obj (.text:copy_in)
                  00006660    0000004c     opt3001.obj (.text:sensorOpt3001Enable)
                  000066ac    00000004     ti.targets.arm.rtsarm.aem4f : System.oem4f (.text:xdc_runtime_System_printf_va__F)
                  000066b0    0000004c     sysbios.aem4f : BIOS.obj (.text:ti_sysbios_heaps_HeapMem_getStats__E)
                  000066fc    00000004     --HOLE-- [fill = 0]
                  00006700    0000004c                   : BIOS.obj (.text:ti_sysbios_knl_Swi_runLoop__I)
                  0000674c    00000004     --HOLE-- [fill = 0]
                  00006750    0000004c                   : BIOS.obj (.text:ti_sysbios_knl_Task_allBlockedFunction__I)
                  0000679c    00000048     driverlib.lib : gpio.obj (.text:GPIOPinConfigure)
                  000067e4    00000048                   : i2c.obj (.text:I2CMasterInitExpClk)
                  0000682c    00000048     rtsv7M4_T_le_v4SPD16_eabi.lib : fd_toi_t2.asm.obj (.text)
                  00006874    00000004     --HOLE-- [fill = 0]
                  00006878    00000048     sysbios.aem4f : BIOS.obj (.text:ti_sysbios_family_arm_m3_Hwi_disableInterrupt__E)
                  000068c0    00000048                   : BIOS.obj (.text:ti_sysbios_family_arm_m3_Hwi_enableInterrupt__E)
                  00006908    00000048                   : BIOS.obj (.text:ti_sysbios_family_arm_m3_Hwi_excReserved__I)
                  00006950    00000046     ti.targets.arm.rtsarm.aem4f : Core-params.oem4f (.text:xdc_runtime_Core_assignParams__I)
                  00006996    00000002     --HOLE-- [fill = 0]
                  00006998    00000044     sysbios.aem4f : BIOS.obj (.text:ti_sysbios_family_arm_m3_Hwi_getStackInfo__E)
                  000069dc    00000004     --HOLE-- [fill = 0]
                  000069e0    00000044                   : BIOS.obj (.text:ti_sysbios_knl_Swi_post__E)
                  00006a24    00000044     ti.targets.arm.rtsarm.aem4f : Error.oem4f (.text:xdc_runtime_Error_setX__E)
                  00006a68    00000044                                 : SysMin.oem4f (.text:xdc_runtime_SysMin_flush__E)
                  00006aac    00000044                                 : Text.oem4f (.text:xdc_runtime_Text_xprintf__I)
                  00006af0    00000040     rtsv7M4_T_le_v4SPD16_eabi.lib : u_divt2.asm.obj (.text)
                  00006b30    00000040                                   : sprintf.c.obj (.text:sprintf)
                  00006b70    00000040     sysbios.aem4f : BIOS.obj (.text:ti_sysbios_family_arm_lm4_Timer_startup__E)
                  00006bb0    0000003e     rtsv7M4_T_le_v4SPD16_eabi.lib : _printfi.c.obj (.text:_fcpy)
                  00006bee    00000002     --HOLE-- [fill = 0]
                  00006bf0    0000003c     sysbios.aem4f : BIOS.obj (.text:ti_sysbios_family_arm_m3_Hwi_excSvCall__I)
                  00006c2c    00000004     --HOLE-- [fill = 0]
                  00006c30    0000003c                   : BIOS.obj (.text:ti_sysbios_heaps_HeapMem_init__I)
                  00006c6c    00000004     --HOLE-- [fill = 0]
                  00006c70    0000003c                   : BIOS.obj (.text:ti_sysbios_knl_Swi_restore__E)
                  00006cac    0000003a     drivers_tivaware.aem4f : I2CTiva.oem4f (.text:I2CTiva_completeTransfer)
                  00006ce6    00000002     --HOLE-- [fill = 0]
                  00006ce8    00000038                            : I2C.oem4f (.text:I2C_init)
                  00006d20    00000038     rtsv7M4_T_le_v4SPD16_eabi.lib : trgmsg.c.obj (.text:__TI_writemsg)
                  00006d58    00000038                                   : fs_tod_t2.asm.obj (.text)
                  00006d90    00000038     sysbios.aem4f : BIOS.obj (.text:ti_sysbios_family_arm_m3_Hwi_excNoIsr__I)
                  00006dc8    00000038                   : BIOS.obj (.text:ti_sysbios_knl_Task_processVitalTaskFlag__I)
                  00006e00    00000038     ti.targets.arm.rtsarm.aem4f : SysMin.oem4f (.text:xdc_runtime_SysMin_putch__E)
                  00006e38    00000038                                 : System.oem4f (.text:xdc_runtime_System_atexit__E)
                  00006e70    00000036     drivers_tivaware.aem4f : I2CTiva.oem4f (.text:I2CTiva_close)
                  00006ea6    00000002     --HOLE-- [fill = 0]
                  00006ea8    00000034     driverlib.lib : sysctl.obj (.text:SysCtlPeripheralEnable)
                  00006edc    00000034     rtsv7M4_T_le_v4SPD16_eabi.lib : trgmsg.c.obj (.text:__TI_readmsg)
                  00006f10    00000034     sysbios.aem4f : BIOS.obj (.text:ti_sysbios_family_arm_m3_Hwi_Instance_finalize__E)
                  00006f44    00000004     --HOLE-- [fill = 0]
                  00006f48    00000034                   : BIOS.obj (.text:ti_sysbios_family_arm_m3_Hwi_excNmi__I)
                  00006f7c    00000004     --HOLE-- [fill = 0]
                  00006f80    00000034                   : BIOS.obj (.text:ti_sysbios_hal_Hwi_checkStack)
                  00006fb4    00000034     ti.targets.arm.rtsarm.aem4f : Core-label.oem4f (.text:xdc_runtime_Core_assignLabel__I)
                  00006fe8    00000033                                 : Text.oem4f (.text:xdc_runtime_Text_printVisFxn__I)
                  0000701b    00000005     --HOLE-- [fill = 0]
                  00007020    00000032     sysbios.aem4f : BIOS.obj (.text:ti_sysbios_hal_Hwi_initStack)
                  00007052    00000002     --HOLE-- [fill = 0]
                  00007054    00000030     drivers_tivaware.aem4f : I2C.oem4f (.text:I2C_open)
                  00007084    00000030     empty_pem4f.oem4f (.text:ti_sysbios_BIOS_atExitFunc__I)
                  000070b4    00000004     --HOLE-- [fill = 0]
                  000070b8    00000030     sysbios.aem4f : BIOS.obj (.text:ti_sysbios_family_arm_lm4_Timer_stop__E)
                  000070e8    00000030                   : BIOS.obj (.text:ti_sysbios_family_arm_m3_TaskSupport_start__E)
                  00007118    00000030     empty_pem4f.oem4f (.text:ti_sysbios_gates_GateHwi_Object__create__S)
                  00007148    00000030     empty_pem4f.oem4f (.text:ti_sysbios_gates_GateMutex_Object__create__S)
                  00007178    00000030     empty_pem4f.oem4f (.text:ti_sysbios_heaps_HeapMem_Object__create__S)
                  000071a8    00000030     empty_pem4f.oem4f (.text:ti_sysbios_knl_Semaphore_construct)
                  000071d8    00000030     sysbios.aem4f : BIOS.obj (.text:ti_sysbios_knl_Semaphore_pendTimeout__I)
                  00007208    00000030                   : BIOS.obj (.text:ti_sysbios_knl_Task_unblockI__E)
                  00007238    00000030     ti.targets.arm.rtsarm.aem4f : SysMin.oem4f (.text:xdc_runtime_SysMin_abort__E)
                  00007268    00000030                                 : System.oem4f (.text:xdc_runtime_System_processAtExit__E)
                  00007298    0000002e     rtsv7M4_T_le_v4SPD16_eabi.lib : i_tofd_t2.asm.obj (.text)
                  000072c6    00000002     --HOLE-- [fill = 0]
                  000072c8    0000002c     empty_pem4f.oem4f (.text:ti_sysbios_knl_Clock_doTick__I)
                  000072f4    0000002c     empty_pem4f.oem4f (.text:ti_sysbios_knl_Queue_construct)
                  00007320    0000002c     sysbios.aem4f : BIOS.obj (.text:ti_sysbios_knl_Task_restore__E)
                  0000734c    0000002c     ti.targets.arm.rtsarm.aem4f : Text.oem4f (.text:xdc_runtime_Text_cordText__E)
                  00007378    0000002a     driverlib.lib : gpio.obj (.text:GPIODirModeSet)
                  000073a2    0000002a     ti.targets.arm.rtsarm.aem4f : System.oem4f (.text:xdc_runtime_System_putchar__I)
                  000073cc    00000004     --HOLE-- [fill = 0]
                  000073d0    00000028     sysbios.aem4f : BIOS.obj (.text:ti_sysbios_knl_Swi_Module_startup__E)
                  000073f8    00000026                   : m3_Hwi_asm.obj (.text:ti_sysbios_family_arm_m3_Hwi_pendSV__I)
                  0000741e    00000026     ti.targets.arm.rtsarm.aem4f : System.oem4f (.text:xdc_runtime_System_avprintf__E)
                  00007444    00000024     empty_pem4f.oem4f (.text:ti_sysbios_BIOS_errorRaiseHook__I)
                  00007468    00000024     empty_pem4f.oem4f (.text:ti_sysbios_BIOS_registerRTSLock__I)
                  0000748c    00000024     empty_pem4f.oem4f (.text:ti_sysbios_BIOS_removeRTSLock__I)
                  000074b0    00000024     empty_pem4f.oem4f (.text:ti_sysbios_BIOS_startFunc__I)
                  000074d4    00000024     empty_pem4f.oem4f (.text:ti_sysbios_gates_GateMutex_Object__delete__S)
                  000074f8    00000024     sysbios.aem4f : BIOS.obj (.text:ti_sysbios_knl_Clock_Module_startup__E)
                  0000751c    00000004     --HOLE-- [fill = 0]
                  00007520    00000024                   : BIOS.obj (.text:ti_sysbios_knl_Task_restoreHwi__E)
                  00007544    00000024     ti.targets.arm.rtsarm.aem4f : System.oem4f (.text:xdc_runtime_System_vprintf__E)
                  00007568    00000022     sysbios.aem4f : BIOS.obj (.text:ti_sysbios_family_arm_lm4_Timer_write__I)
                  0000758a    00000022     empty_pem4f.oem4f (.text:xdc_runtime_SysMin_output__I)
                  000075ac    00000020     Boot.aem4f : Boot_sysctl.oem4f (.text:_SysCtlMemTimingGet)
                  000075cc    00000020     rtsv7M4_T_le_v4SPD16_eabi.lib : u_tofd_t2.asm.obj (.text)
                  000075ec    00000020     empty_pem4f.oem4f (.text:ti_sysbios_BIOS_rtsLock__I)
                  0000760c    00000020     sysbios.aem4f : m3_Hwi_asm.obj (.text:ti_sysbios_family_arm_m3_Hwi_excHandlerAsm__I)
                  0000762c    00000004     --HOLE-- [fill = 0]
                  00007630    00000020                   : BIOS.obj (.text:ti_sysbios_family_arm_m3_Hwi_excHandler__I)
                  00007650    00000020     empty_pem4f.oem4f (.text:ti_sysbios_gates_GateHwi_Object__delete__S)
                  00007670    00000020     empty_pem4f.oem4f (.text:ti_sysbios_heaps_HeapMem_Object__delete__S)
                  00007690    00000020     sysbios.aem4f : BIOS.obj (.text:ti_sysbios_knl_Idle_run__E)
                  000076b0    00000020     empty_pem4f.oem4f (.text:ti_sysbios_knl_Semaphore_Object__destruct__S)
                  000076d0    00000020     ti.targets.arm.rtsarm.aem4f : Registry.oem4f (.text:xdc_runtime_Registry_findById__E)
                  000076f0    00000020                                 : SysMin.oem4f (.text:xdc_runtime_SysMin_Module_startup__E)
                  00007710    0000001e     sysbios.aem4f : m3_Hwi_asm_switch.obj (.text:ti_sysbios_family_xxx_Hwi_switchAndRunFunc)
                  0000772e    0000001c     drivers_tivaware.aem4f : GPIOTiva.oem4f (.text:getGpioIntIndex)
                  0000774a    0000001c     rtsv7M4_T_le_v4SPD16_eabi.lib : memccpy.c.obj (.text:memccpy)
                  00007766    00000002     --HOLE-- [fill = 0]
                  00007768    0000001c     empty_pem4f.oem4f (.text:ti_sysbios_family_arm_m3_Hwi_Object__destruct__S)
                  00007784    00000004     --HOLE-- [fill = 0]
                  00007788    0000001c     sysbios.aem4f : BIOS.obj (.text:ti_sysbios_gates_GateMutex_Instance_init__E)
                  000077a4    0000001c     empty_pem4f.oem4f (.text:ti_sysbios_knl_Queue_Object__destruct__S)
                  000077c0    0000001c     sysbios.aem4f : BIOS.obj (.text:ti_sysbios_knl_Task_enter__I)
                  000077dc    0000001c     ti.targets.arm.rtsarm.aem4f : Error.oem4f (.text:xdc_runtime_Error_raiseX__E)
                  000077f8    0000001c                                 : Memory.oem4f (.text:xdc_runtime_Memory_valloc__E)
                  00007814    0000001c                                 : SysMin.oem4f (.text:xdc_runtime_SysMin_exit__E)
                  00007830    0000001c                                 : System.oem4f (.text:xdc_runtime_System_abort__E)
                  0000784c    0000001a     rtsv7M4_T_le_v4SPD16_eabi.lib : s_copysign.c.obj (.text:copysign)
                  00007866    0000001a     empty_pem4f.oem4f (.text:ti_sysbios_family_arm_m3_Hwi_Handle__label__S)
                  00007880    0000001a     empty_pem4f.oem4f (.text:ti_sysbios_gates_GateHwi_Handle__label__S)
                  0000789a    0000001a     empty_pem4f.oem4f (.text:ti_sysbios_gates_GateMutex_Handle__label__S)
                  000078b4    0000001a     empty_pem4f.oem4f (.text:ti_sysbios_heaps_HeapMem_Handle__label__S)
                  000078ce    0000001a     empty_pem4f.oem4f (.text:ti_sysbios_knl_Swi_Handle__label__S)
                  000078e8    0000001a     empty_pem4f.oem4f (.text:ti_sysbios_knl_Task_Handle__label__S)
                  00007902    0000001a     empty_pem4f.oem4f (.text:xdc_runtime_System_aprintf__E)
                  0000791c    0000001a     empty_pem4f.oem4f (.text:xdc_runtime_System_printf__E)
                  00007936    00000002     --HOLE-- [fill = 0]
                  00007938    00000018     rtsv7M4_T_le_v4SPD16_eabi.lib : args_main.c.obj (.text:_args_main)
                  00007950    00000018                                   : sprintf.c.obj (.text:_outs)
                  00007968    00000018     empty_pem4f.oem4f (.text:ti_sysbios_BIOS_rtsUnlock__I)
                  00007980    00000018     empty_pem4f.oem4f (.text:ti_sysbios_family_arm_lm4_Timer_Module__startupDone__F)
                  00007998    00000018     empty_pem4f.oem4f (.text:ti_sysbios_family_arm_m3_Hwi_Module__startupDone__F)
                  000079b0    00000018     sysbios.aem4f : m3_TaskSupport_asm.obj (.text:ti_sysbios_family_arm_m3_TaskSupport_swap__E)
                  000079c8    00000018                   : BIOS.obj (.text:ti_sysbios_gates_GateMutex_leave__E)
                  000079e0    00000018                   : BIOS.obj (.text:ti_sysbios_knl_Task_sleepTimeout__I)
                  000079f8    00000018     ti.targets.arm.rtsarm.aem4f : Error.oem4f (.text:xdc_runtime_Error_check__E)
                  00007a10    00000018                                 : System.oem4f (.text:xdc_runtime_System_exit__E)
                  00007a28    00000018                                 : Text.oem4f (.text:xdc_runtime_Text_ropeText__E)
                  00007a40    00000016     driverlib.lib : i2c.obj (.text:I2CMasterErr)
                  00007a56    00000016     rtsv7M4_T_le_v4SPD16_eabi.lib : strchr.c.obj (.text:strchr)
                  00007a6c    00000016     empty_pem4f.oem4f (.text:ti_sysbios_BIOS_exitFunc__I)
                  00007a82    00000016     Lab_4_Task_B.obj (.text:ti_sysbios_knl_Task_Params_init)
                  00007a98    00000014     rtsv7M4_T_le_v4SPD16_eabi.lib : strlen.c.obj (.text:strlen)
                  00007aac    00000014     empty_pem4f.oem4f (.text:ti_sysbios_family_arm_m3_Hwi_Object__get__S)
                  00007ac0    00000014     sysbios.aem4f : BIOS.obj (.text:ti_sysbios_family_arm_m3_Hwi_switchFromBootStack__E)
                  00007ad4    00000014     empty_pem4f.oem4f (.text:ti_sysbios_heaps_HeapMem_Object__get__S)
                  00007ae8    00000014     empty_pem4f.oem4f (.text:ti_sysbios_knl_Swi_Object__get__S)
                  00007afc    00000012     driverlib.lib : gpio.obj (.text:GPIOPinTypeI2C)
                  00007b0e    00000012                   : gpio.obj (.text:GPIOPinTypeI2CSCL)
                  00007b20    00000012     sysbios.aem4f : BIOS.obj (.text:ti_sysbios_hal_Hwi_Module_startup__E)
                  00007b32    00000012     rtsv7M4_T_le_v4SPD16_eabi.lib : wcslen.c.obj (.text:wcslen)
                  00007b44    00000012     empty_pem4f.oem4f (.text:xdc_runtime_Startup_exec__I)
                  00007b56    00000002     --HOLE-- [fill = 0]
                  00007b58    00000010     empty_pem4f.oem4f (.text:.bootCodeSection:ti_catalog_arm_cortexm4_tiva_ce_Boot_init__I)
                  00007b68    00000010     drivers_tivaware.aem4f : I2C.oem4f (.text:I2C_Params_init)
                  00007b78    00000010     sysbios.aem4f : BIOS.obj (.text:ti_sysbios_BIOS_getCpuFreq__E)
                  00007b88    00000010                   : BIOS.obj (.text:ti_sysbios_BIOS_setThreadType__E)
                  00007b98    00000010                   : BIOS.obj (.text:ti_sysbios_BIOS_start__E)
                  00007ba8    00000010                   : m3_TaskSupport_asm.obj (.text:ti_sysbios_family_arm_m3_TaskSupport_glue)
                  00007bb8    00000010                   : BIOS.obj (.text:ti_sysbios_gates_GateMutex_Instance_finalize__E)
                  00007bc8    00000010                   : BIOS.obj (.text:ti_sysbios_knl_Semaphore_Instance_finalize__E)
                  00007bd8    00000010                   : BIOS.obj (.text:ti_sysbios_knl_Swi_disable__E)
                  00007be8    00000010     empty_pem4f.oem4f (.text:ti_sysbios_knl_Task_Object__get__S)
                  00007bf8    00000010     sysbios.aem4f : BIOS.obj (.text:ti_sysbios_knl_Task_disable__E)
                  00007c08    00000010     ti.targets.arm.rtsarm.aem4f : Gate.oem4f (.text:xdc_runtime_Gate_leaveSystem__E)
                  00007c18    00000010                                 : Memory.oem4f (.text:xdc_runtime_Memory_free__E)
                  00007c28    00000010                                 : SysMin.oem4f (.text:xdc_runtime_SysMin_ready__E)
                  00007c38    00000010                                 : System.oem4f (.text:xdc_runtime_System_vsnprintf__E)
                  00007c48    00000010     empty_pem4f.oem4f (.text:xdc_runtime_Text_visitRope__I)
                  00007c58    0000000e     driverlib.lib : gpio.obj (.text:GPIOIntStatus)
                  00007c66    0000000e     rtsv7M4_T_le_v4SPD16_eabi.lib : copy_decompress_none.c.obj (.text:decompress:none:__TI_decompress_none)
                  00007c74    00000004     --HOLE-- [fill = 0]
                  00007c78    0000000e     sysbios.aem4f : BIOS.obj (.text:ti_sysbios_knl_Idle_loop__E)
                  00007c86    00000002     --HOLE-- [fill = 0]
                  00007c88    0000000e                   : BIOS.obj (.text:ti_sysbios_knl_Queue_empty__E)
                  00007c96    00000002     --HOLE-- [fill = 0]
                  00007c98    0000000c     rtsv7M4_T_le_v4SPD16_eabi.lib : _lock.c.obj (.text:_register_lock)
                  00007ca4    0000000c                                   : _lock.c.obj (.text:_register_unlock)
                  00007cb0    0000000c                                   : copy_zero_init.c.obj (.text:decompress:ZI:__TI_zero_init)
                  00007cbc    0000000c     opt3001.obj (.text:sensorOpt3001Init)
                  00007cc8    0000000c     sysbios.aem4f : BIOS.obj (.text:ti_sysbios_family_arm_lm4_Timer_getMaxTicks__E)
                  00007cd4    0000000c     empty_pem4f.oem4f (.text:ti_sysbios_family_arm_m3_Hwi_Params__init__S)
                  00007ce0    0000000c     sysbios.aem4f : BIOS.obj (.text:ti_sysbios_family_arm_m3_Hwi_disableFxn__E)
                  00007cec    00000004     --HOLE-- [fill = 0]
                  00007cf0    0000000c                   : BIOS.obj (.text:ti_sysbios_family_arm_m3_TaskSupport_checkStack__E)
                  00007cfc    00000004     --HOLE-- [fill = 0]
                  00007d00    0000000c                   : BIOS.obj (.text:ti_sysbios_family_arm_m3_TaskSupport_getStackAlignment__E)
                  00007d0c    00000004     --HOLE-- [fill = 0]
                  00007d10    0000000c                   : BIOS.obj (.text:ti_sysbios_gates_GateHwi_enter__E)
                  00007d1c    0000000c     empty_pem4f.oem4f (.text:ti_sysbios_knl_Queue_Object__get__S)
                  00007d28    0000000c     empty_pem4f.oem4f (.text:ti_sysbios_knl_Semaphore_Params__init__S)
                  00007d34    0000000c     empty_pem4f.oem4f (.text:ti_sysbios_knl_Task_Params__init__S)
                  00007d40    0000000c     ti.targets.arm.rtsarm.aem4f : Error.oem4f (.text:xdc_runtime_Error_init__E)
                  00007d4c    0000000c                                 : Gate.oem4f (.text:xdc_runtime_Gate_enterSystem__E)
                  00007d58    0000000c                                 : Memory.oem4f (.text:xdc_runtime_Memory_calloc__E)
                  00007d64    0000000c                                 : Memory.oem4f (.text:xdc_runtime_Memory_getMaxDefaultTypeAlign__E)
                  00007d70    0000000a     driverlib.lib : i2c.obj (.text:I2CMasterDisable)
                  00007d7a    0000000a                   : i2c.obj (.text:I2CMasterEnable)
                  00007d84    0000000a     drivers_tivaware.aem4f : I2CTiva.oem4f (.text:I2CTiva_init)
                  00007d8e    0000000a                            : I2C.oem4f (.text:I2C_transfer)
                  00007d98    0000000a     rtsv7M4_T_le_v4SPD16_eabi.lib : sprintf.c.obj (.text:_outc)
                  00007da2    0000000a     empty_pem4f.oem4f (.text:xdc_runtime_IHeap_alloc)
                  00007dac    0000000a     empty_pem4f.oem4f (.text:xdc_runtime_IHeap_free)
                  00007db6    00000008     EK_TM4C1294XL.obj (.text:EK_TM4C1294XL_initGPIO)
                  00007dbe    00000008     driverlib.lib : i2c.obj (.text:I2CMasterIntClear)
                  00007dc6    00000008                   : i2c.obj (.text:I2CMasterSlaveAddrSet)
                  00007dce    00000008     drivers_tivaware.aem4f : I2CTiva.oem4f (.text:I2CTiva_blockingCallback)
                  00007dd6    00000002     --HOLE-- [fill = 0]
                  00007dd8    00000008     rtsv7M4_T_le_v4SPD16_eabi.lib : errno.c.obj (.text:__aeabi_errno_addr)
                  00007de0    00000008     sysbios.aem4f : BIOS.obj (.text:ti_sysbios_family_arm_lm4_Timer_masterDisable__I)
                  00007de8    00000008                   : BIOS.obj (.text:ti_sysbios_family_arm_m3_Hwi_doSwiRestore__I)
                  00007df0    00000008                   : BIOS.obj (.text:ti_sysbios_family_arm_m3_Hwi_startup__E)
                  00007df8    00000006     driverlib.lib : i2c.obj (.text:I2CMasterIntDisable)
                  00007dfe    00000006                   : i2c.obj (.text:I2CMasterIntEnable)
                  00007e04    00000006     drivers_tivaware.aem4f : I2CTiva.oem4f (.text:I2CTiva_control)
                  00007e0a    00000006     ti.targets.arm.rtsarm.aem4f : System.oem4f (.text:xdc_runtime_System_Module_startup__E)
                  00007e10    00000006     sysbios.aem4f : BIOS.obj (.text:ti_sysbios_family_arm_m3_Hwi_doTaskRestore__I)
                  00007e16    00000002     --HOLE-- [fill = 0]
                  00007e18    00000006                   : BIOS.obj (.text:ti_sysbios_family_arm_m3_Hwi_restoreFxn__E)
                  00007e1e    00000002     --HOLE-- [fill = 0]
                  00007e20    00000006                   : BIOS.obj (.text:ti_sysbios_gates_GateHwi_leave__E)
                  00007e26    00000002     --HOLE-- [fill = 0]
                  00007e28    00000006                   : BIOS.obj (.text:ti_sysbios_heaps_HeapMem_isBlocking__E)
                  00007e2e    00000002     --HOLE-- [fill = 0]
                  00007e30    00000006                   : BIOS.obj (.text:ti_sysbios_knl_Queue_Instance_init__E)
                  00007e36    00000002     --HOLE-- [fill = 0]
                  00007e38    00000006                   : BIOS.obj (.text:ti_sysbios_knl_Swi_startup__E)
                  00007e3e    00000002     --HOLE-- [fill = 0]
                  00007e40    00000004                   : BIOS.obj (.text:ti_sysbios_gates_GateHwi_query__E)
                  00007e44    00000004     --HOLE-- [fill = 0]
                  00007e48    00000004                   : BIOS.obj (.text:ti_sysbios_gates_GateMutex_query__E)
                  00007e4c    00000004     --HOLE-- [fill = 0]
                  00007e50    00000004                   : BIOS.obj (.text:ti_sysbios_knl_Task_startup__E)
                  00007e54    00000004     --HOLE-- [fill = 0]
                  00007e58    00000002                   : BIOS.obj (.text:ti_sysbios_gates_GateHwi_Instance_init__E)
                  00007e5a    00000006     --HOLE-- [fill = 0]
                  00007e60    00000002                   : BIOS.obj (.text:ti_sysbios_knl_Clock_logTick__E)

.const     0    00007e68    00003260     
                  00007e68    00001861     empty_pem4f.oem4f (.const:xdc_runtime_Text_charTab__A)
                  000096c9    00000001     empty_pem4f.oem4f (.const:xdc_runtime_Error_policy__C)
                  000096ca    00000002     empty_pem4f.oem4f (.const:ti_catalog_arm_cortexm4_tiva_ce_Boot_Module__id__C)
                  000096cc    00000004     empty_pem4f.oem4f (.const:ti_catalog_arm_cortexm4_tiva_ce_Boot_A_mustNotUseEnhancedClockMode__C)
                  000096d0    00001000     rtsv7M4_T_le_v4SPD16_eabi.lib : s_exp2.c.obj (.const:tbl)
                  0000a6d0    00000120     Boot.aem4f : Boot_sysctl.oem4f (.const:g_pppui32XTALtoVCO)
                  0000a7f0    00000101     rtsv7M4_T_le_v4SPD16_eabi.lib : ctype.c.obj (.const:.string:_ctypes_)
                  0000a8f1    00000001     --HOLE-- [fill = 0]
                  0000a8f2    000000bc     empty_pem4f.oem4f (.const:xdc_runtime_Text_nodeTab__A)
                  0000a9ae    00000002     empty_pem4f.oem4f (.const:ti_sysbios_family_arm_m3_Hwi_Module__id__C)
                  0000a9b0    00000090     driverlib.lib : gpio.obj (.const:g_pui32GPIOBaseAddrs)
                  0000aa40    0000006c     Boot.aem4f : Boot_sysctl.oem4f (.const:g_pui32Xtals)
                  0000aaac    00000054     drivers_tivaware.aem4f : GPIOTiva.oem4f (.const:.string)
                  0000ab00    00000048     empty_pem4f.oem4f (.const:.string)
                  0000ab48    00000048     drivers_tivaware.aem4f : GPIOTiva.oem4f (.const:gpioBaseAddresses)
                  0000ab90    0000003c     empty_pem4f.oem4f (.const:ti_sysbios_knl_Task_Object__PARAMS__C)
                  0000abcc    00000030     EK_TM4C1294XL.obj (.const:I2C_config)
                  0000abfc    00000030     Boot.aem4f : Boot_sysctl.oem4f (.const:g_sXTALtoMEMTIM)
                  0000ac2c    00000030     empty_pem4f.oem4f (.const:ti_sysbios_family_arm_m3_Hwi_Object__PARAMS__C)
                  0000ac5c    00000028     empty_pem4f.oem4f (.const:ti_sysbios_heaps_HeapMem_Module__FXNS__C)
                  0000ac84    00000024     EK_TM4C1294XL.obj (.const:i2cTivaHWAttrs)
                  0000aca8    00000024     empty_pem4f.oem4f (.const:ti_sysbios_gates_GateHwi_Module__FXNS__C)
                  0000accc    00000024     empty_pem4f.oem4f (.const:ti_sysbios_gates_GateMutex_Module__FXNS__C)
                  0000acf0    00000024     empty_pem4f.oem4f (.const:ti_sysbios_heaps_HeapMem_Object__PARAMS__C)
                  0000ad14    00000024     empty_pem4f.oem4f (.const:ti_sysbios_knl_Semaphore_Object__PARAMS__C)
                  0000ad38    00000020     empty_pem4f.oem4f (.const:ti_sysbios_family_arm_m3_Hwi_Object__DESC__C)
                  0000ad58    00000020     empty_pem4f.oem4f (.const:ti_sysbios_gates_GateHwi_Object__DESC__C)
                  0000ad78    00000020     empty_pem4f.oem4f (.const:ti_sysbios_gates_GateMutex_Object__DESC__C)
                  0000ad98    00000020     empty_pem4f.oem4f (.const:ti_sysbios_heaps_HeapMem_Object__DESC__C)
                  0000adb8    00000020     empty_pem4f.oem4f (.const:ti_sysbios_knl_Queue_Object__DESC__C)
                  0000add8    00000020     empty_pem4f.oem4f (.const:ti_sysbios_knl_Semaphore_Object__DESC__C)
                  0000adf8    00000020     empty_pem4f.oem4f (.const:ti_sysbios_knl_Task_Object__DESC__C)
                  0000ae18    00000020     empty_pem4f.oem4f (.const:xdc_runtime_Startup_sfxnTab__A)
                  0000ae38    0000001c     drivers_tivaware.aem4f : I2CTiva.oem4f (.const)
                  0000ae54    00000018     empty_pem4f.oem4f (.const:ti_sysbios_gates_GateHwi_Object__PARAMS__C)
                  0000ae6c    00000018     empty_pem4f.oem4f (.const:ti_sysbios_gates_GateMutex_Object__PARAMS__C)
                  0000ae84    00000018     empty_pem4f.oem4f (.const:ti_sysbios_knl_Queue_Object__PARAMS__C)
                  0000ae9c    00000014     EK_TM4C1294XL.obj (.const:GPIOTiva_config)
                  0000aeb0    00000014     empty_pem4f.oem4f (.const:xdc_runtime_Startup_firstFxns__A)
                  0000aec4    00000010     drivers_tivaware.aem4f : I2C.oem4f (.const)
                  0000aed4    00000010     empty_pem4f.oem4f (.const:xdc_runtime_Startup_sfxnRts__A)
                  0000aee4    00000008     Boot.aem4f : Boot_sysctl.oem4f (.const)
                  0000aeec    00000008     empty_pem4f.oem4f (.const:ti_sysbios_family_arm_m3_Hwi_excHookFuncs__A)
                  0000aef4    00000008     empty_pem4f.oem4f (.const:ti_sysbios_knl_Idle_funcList__C)
                  0000aefc    00000008     empty_pem4f.oem4f (.const:xdc_runtime_Startup_firstFxns__C)
                  0000af04    00000008     empty_pem4f.oem4f (.const:xdc_runtime_Startup_lastFxns__C)
                  0000af0c    00000004     empty_pem4f.oem4f (.const:ti_catalog_arm_cortexm4_tiva_ce_Boot_Module__diagsEnabled__C)
                  0000af10    00000004     empty_pem4f.oem4f (.const:ti_catalog_arm_cortexm4_tiva_ce_Boot_Module__diagsIncluded__C)
                  0000af14    00000004     empty_pem4f.oem4f (.const:ti_catalog_arm_cortexm4_tiva_ce_Boot_Module__diagsMask__C)
                  0000af18    00000004     empty_pem4f.oem4f (.const:ti_sysbios_family_arm_lm4_Timer_enableFunc__C)
                  0000af1c    00000004     empty_pem4f.oem4f (.const:ti_sysbios_family_arm_lm4_Timer_numTimerDevices__C)
                  0000af20    00000004     empty_pem4f.oem4f (.const:ti_sysbios_family_arm_lm4_Timer_startupNeeded__C)
                  0000af24    00000004     empty_pem4f.oem4f (.const:ti_sysbios_family_arm_m3_Hwi_E_NMI__C)
                  0000af28    00000004     empty_pem4f.oem4f (.const:ti_sysbios_family_arm_m3_Hwi_E_alreadyDefined__C)
                  0000af2c    00000004     empty_pem4f.oem4f (.const:ti_sysbios_family_arm_m3_Hwi_E_busFault__C)
                  0000af30    00000004     empty_pem4f.oem4f (.const:ti_sysbios_family_arm_m3_Hwi_E_debugMon__C)
                  0000af34    00000004     empty_pem4f.oem4f (.const:ti_sysbios_family_arm_m3_Hwi_E_hardFault__C)
                  0000af38    00000004     empty_pem4f.oem4f (.const:ti_sysbios_family_arm_m3_Hwi_E_memFault__C)
                  0000af3c    00000004     empty_pem4f.oem4f (.const:ti_sysbios_family_arm_m3_Hwi_E_noIsr__C)
                  0000af40    00000004     empty_pem4f.oem4f (.const:ti_sysbios_family_arm_m3_Hwi_E_reserved__C)
                  0000af44    00000004     empty_pem4f.oem4f (.const:ti_sysbios_family_arm_m3_Hwi_E_svCall__C)
                  0000af48    00000004     empty_pem4f.oem4f (.const:ti_sysbios_family_arm_m3_Hwi_E_usageFault__C)
                  0000af4c    00000004     empty_pem4f.oem4f (.const:ti_sysbios_family_arm_m3_Hwi_NUM_INTERRUPTS__C)
                  0000af50    00000004     empty_pem4f.oem4f (.const:ti_sysbios_family_arm_m3_Hwi_Object__count__C)
                  0000af54    00000004     empty_pem4f.oem4f (.const:ti_sysbios_family_arm_m3_Hwi_ccr__C)
                  0000af58    00000004     empty_pem4f.oem4f (.const:ti_sysbios_family_arm_m3_Hwi_excHandlerFunc__C)
                  0000af5c    00000004     empty_pem4f.oem4f (.const:ti_sysbios_family_arm_m3_Hwi_excHookFuncs__C)
                  0000af60    00000004     empty_pem4f.oem4f (.const:ti_sysbios_family_arm_m3_Hwi_nullIsrFunc__C)
                  0000af64    00000004     empty_pem4f.oem4f (.const:ti_sysbios_family_arm_m3_Hwi_priGroup__C)
                  0000af68    00000004     empty_pem4f.oem4f (.const:ti_sysbios_family_arm_m3_TaskSupport_stackAlignment__C)
                  0000af6c    00000004     empty_pem4f.oem4f (.const:ti_sysbios_gates_GateMutex_A_badContext__C)
                  0000af70    00000004     empty_pem4f.oem4f (.const:ti_sysbios_gates_GateMutex_Instance_State_sem__O)
                  0000af74    00000004     empty_pem4f.oem4f (.const:ti_sysbios_gates_GateMutex_Module__diagsEnabled__C)
                  0000af78    00000004     empty_pem4f.oem4f (.const:ti_sysbios_gates_GateMutex_Module__diagsIncluded__C)
                  0000af7c    00000004     empty_pem4f.oem4f (.const:ti_sysbios_gates_GateMutex_Module__diagsMask__C)
                  0000af80    00000004     empty_pem4f.oem4f (.const:ti_sysbios_hal_Hwi_E_stackOverflow__C)
                  0000af84    00000004     empty_pem4f.oem4f (.const:ti_sysbios_heaps_HeapMem_A_align__C)
                  0000af88    00000004     empty_pem4f.oem4f (.const:ti_sysbios_heaps_HeapMem_A_heapSize__C)
                  0000af8c    00000004     empty_pem4f.oem4f (.const:ti_sysbios_heaps_HeapMem_A_invalidFree__C)
                  0000af90    00000004     empty_pem4f.oem4f (.const:ti_sysbios_heaps_HeapMem_A_zeroBlock__C)
                  0000af94    00000004     empty_pem4f.oem4f (.const:ti_sysbios_heaps_HeapMem_E_memory__C)
                  0000af98    00000004     empty_pem4f.oem4f (.const:ti_sysbios_heaps_HeapMem_Module__diagsEnabled__C)
                  0000af9c    00000004     empty_pem4f.oem4f (.const:ti_sysbios_heaps_HeapMem_Module__diagsIncluded__C)
                  0000afa0    00000004     empty_pem4f.oem4f (.const:ti_sysbios_heaps_HeapMem_Module__diagsMask__C)
                  0000afa4    00000004     empty_pem4f.oem4f (.const:ti_sysbios_heaps_HeapMem_Module__gateObj__C)
                  0000afa8    00000004     empty_pem4f.oem4f (.const:ti_sysbios_heaps_HeapMem_Object__count__C)
                  0000afac    00000004     empty_pem4f.oem4f (.const:ti_sysbios_heaps_HeapMem_reqAlign__C)
                  0000afb0    00000004     empty_pem4f.oem4f (.const:ti_sysbios_knl_Clock_Module_State_clockQ__O)
                  0000afb4    00000004     empty_pem4f.oem4f (.const:ti_sysbios_knl_Idle_funcList__A)
                  0000afb8    00000004     empty_pem4f.oem4f (.const:ti_sysbios_knl_Semaphore_A_badContext__C)
                  0000afbc    00000004     empty_pem4f.oem4f (.const:ti_sysbios_knl_Semaphore_A_noEvents__C)
                  0000afc0    00000004     empty_pem4f.oem4f (.const:ti_sysbios_knl_Semaphore_A_overflow__C)
                  0000afc4    00000004     empty_pem4f.oem4f (.const:ti_sysbios_knl_Semaphore_A_pendTaskDisabled__C)
                  0000afc8    00000004     empty_pem4f.oem4f (.const:ti_sysbios_knl_Semaphore_Instance_State_pendQ__O)
                  0000afcc    00000004     empty_pem4f.oem4f (.const:ti_sysbios_knl_Semaphore_Module__diagsEnabled__C)
                  0000afd0    00000004     empty_pem4f.oem4f (.const:ti_sysbios_knl_Semaphore_Module__diagsIncluded__C)
                  0000afd4    00000004     empty_pem4f.oem4f (.const:ti_sysbios_knl_Semaphore_Module__diagsMask__C)
                  0000afd8    00000004     empty_pem4f.oem4f (.const:ti_sysbios_knl_Swi_Object__count__C)
                  0000afdc    00000004     empty_pem4f.oem4f (.const:ti_sysbios_knl_Task_A_badPriority__C)
                  0000afe0    00000004     empty_pem4f.oem4f (.const:ti_sysbios_knl_Task_A_badTaskState__C)
                  0000afe4    00000004     empty_pem4f.oem4f (.const:ti_sysbios_knl_Task_A_badThreadType__C)
                  0000afe8    00000004     empty_pem4f.oem4f (.const:ti_sysbios_knl_Task_A_badTimeout__C)
                  0000afec    00000004     empty_pem4f.oem4f (.const:ti_sysbios_knl_Task_A_noPendElem__C)
                  0000aff0    00000004     empty_pem4f.oem4f (.const:ti_sysbios_knl_Task_A_sleepTaskDisabled__C)
                  0000aff4    00000004     empty_pem4f.oem4f (.const:ti_sysbios_knl_Task_E_spOutOfBounds__C)
                  0000aff8    00000004     empty_pem4f.oem4f (.const:ti_sysbios_knl_Task_E_stackOverflow__C)
                  0000affc    00000004     empty_pem4f.oem4f (.const:ti_sysbios_knl_Task_Module_State_inactiveQ__O)
                  0000b000    00000004     empty_pem4f.oem4f (.const:ti_sysbios_knl_Task_Module__diagsEnabled__C)
                  0000b004    00000004     empty_pem4f.oem4f (.const:ti_sysbios_knl_Task_Module__diagsIncluded__C)
                  0000b008    00000004     empty_pem4f.oem4f (.const:ti_sysbios_knl_Task_Module__diagsMask__C)
                  0000b00c    00000004     empty_pem4f.oem4f (.const:ti_sysbios_knl_Task_Object__count__C)
                  0000b010    00000004     empty_pem4f.oem4f (.const:ti_sysbios_knl_Task_allBlockedFunc__C)
                  0000b014    00000004     empty_pem4f.oem4f (.const:ti_sysbios_knl_Task_defaultStackHeap__C)
                  0000b018    00000004     empty_pem4f.oem4f (.const:ti_sysbios_knl_Task_defaultStackSize__C)
                  0000b01c    00000004     empty_pem4f.oem4f (.const:ti_sysbios_knl_Task_numConstructedTasks__C)
                  0000b020    00000004     empty_pem4f.oem4f (.const:xdc_runtime_Assert_E_assertFailed__C)
                  0000b024    00000004     empty_pem4f.oem4f (.const:xdc_runtime_Core_A_initializedParams__C)
                  0000b028    00000004     empty_pem4f.oem4f (.const:xdc_runtime_Core_Module__diagsEnabled__C)
                  0000b02c    00000004     empty_pem4f.oem4f (.const:xdc_runtime_Core_Module__diagsIncluded__C)
                  0000b030    00000004     empty_pem4f.oem4f (.const:xdc_runtime_Core_Module__diagsMask__C)
                  0000b034    00000004     empty_pem4f.oem4f (.const:xdc_runtime_Error_E_memory__C)
                  0000b038    00000004     empty_pem4f.oem4f (.const:xdc_runtime_Error_Module__diagsEnabled__C)
                  0000b03c    00000004     empty_pem4f.oem4f (.const:xdc_runtime_Error_Module__diagsIncluded__C)
                  0000b040    00000004     empty_pem4f.oem4f (.const:xdc_runtime_Error_Module__diagsMask__C)
                  0000b044    00000004     empty_pem4f.oem4f (.const:xdc_runtime_Error_Module__loggerFxn8__C)
                  0000b048    00000004     empty_pem4f.oem4f (.const:xdc_runtime_Error_Module__loggerObj__C)
                  0000b04c    00000004     empty_pem4f.oem4f (.const:xdc_runtime_Error_policyFxn__C)
                  0000b050    00000004     empty_pem4f.oem4f (.const:xdc_runtime_Error_raiseHook__C)
                  0000b054    00000004     empty_pem4f.oem4f (.const:xdc_runtime_IGateProvider_Interface__BASE__C)
                  0000b058    00000004     empty_pem4f.oem4f (.const:xdc_runtime_IHeap_Interface__BASE__C)
                  0000b05c    00000004     empty_pem4f.oem4f (.const:xdc_runtime_IModule_Interface__BASE__C)
                  0000b060    00000004     empty_pem4f.oem4f (.const:xdc_runtime_Log_L_error__C)
                  0000b064    00000004     empty_pem4f.oem4f (.const:xdc_runtime_Memory_defaultHeapInstance__C)
                  0000b068    00000004     empty_pem4f.oem4f (.const:xdc_runtime_Startup_execImpl__C)
                  0000b06c    00000004     empty_pem4f.oem4f (.const:xdc_runtime_Startup_maxPasses__C)
                  0000b070    00000004     empty_pem4f.oem4f (.const:xdc_runtime_Startup_sfxnRts__C)
                  0000b074    00000004     empty_pem4f.oem4f (.const:xdc_runtime_Startup_sfxnTab__C)
                  0000b078    00000004     empty_pem4f.oem4f (.const:xdc_runtime_SysMin_bufSize__C)
                  0000b07c    00000004     empty_pem4f.oem4f (.const:xdc_runtime_SysMin_outputFunc__C)
                  0000b080    00000004     empty_pem4f.oem4f (.const:xdc_runtime_System_Module__gateObj__C)
                  0000b084    00000004     empty_pem4f.oem4f (.const:xdc_runtime_System_abortFxn__C)
                  0000b088    00000004     empty_pem4f.oem4f (.const:xdc_runtime_System_exitFxn__C)
                  0000b08c    00000004     empty_pem4f.oem4f (.const:xdc_runtime_System_extendFxn__C)
                  0000b090    00000004     empty_pem4f.oem4f (.const:xdc_runtime_System_maxAtexitHandlers__C)
                  0000b094    00000004     empty_pem4f.oem4f (.const:xdc_runtime_Text_charTab__C)
                  0000b098    00000004     empty_pem4f.oem4f (.const:xdc_runtime_Text_nameEmpty__C)
                  0000b09c    00000004     empty_pem4f.oem4f (.const:xdc_runtime_Text_nameStatic__C)
                  0000b0a0    00000004     empty_pem4f.oem4f (.const:xdc_runtime_Text_nameUnknown__C)
                  0000b0a4    00000004     empty_pem4f.oem4f (.const:xdc_runtime_Text_nodeTab__C)
                  0000b0a8    00000004     empty_pem4f.oem4f (.const:xdc_runtime_Text_visitRopeFxn__C)
                  0000b0ac    00000002     empty_pem4f.oem4f (.const:ti_sysbios_gates_GateMutex_Module__id__C)
                  0000b0ae    00000002     empty_pem4f.oem4f (.const:ti_sysbios_hal_Hwi_Module__id__C)
                  0000b0b0    00000002     empty_pem4f.oem4f (.const:ti_sysbios_heaps_HeapMem_Module__id__C)
                  0000b0b2    00000002     empty_pem4f.oem4f (.const:ti_sysbios_knl_Semaphore_Module__id__C)
                  0000b0b4    00000002     empty_pem4f.oem4f (.const:ti_sysbios_knl_Task_Module__id__C)
                  0000b0b6    00000002     empty_pem4f.oem4f (.const:xdc_runtime_Core_Module__id__C)
                  0000b0b8    00000002     empty_pem4f.oem4f (.const:xdc_runtime_Error_Module__loggerDefined__C)
                  0000b0ba    00000002     empty_pem4f.oem4f (.const:xdc_runtime_Error_maxDepth__C)
                  0000b0bc    00000002     empty_pem4f.oem4f (.const:xdc_runtime_Memory_Module__id__C)
                  0000b0be    00000002     empty_pem4f.oem4f (.const:xdc_runtime_SysMin_flushAtExit__C)
                  0000b0c0    00000002     empty_pem4f.oem4f (.const:xdc_runtime_Text_charCnt__C)
                  0000b0c2    00000002     empty_pem4f.oem4f (.const:xdc_runtime_Text_isLoaded__C)
                  0000b0c4    00000002     empty_pem4f.oem4f (.const:xdc_runtime_Text_registryModsLastId__C)
                  0000b0c6    00000002     empty_pem4f.oem4f (.const:xdc_runtime_Text_unnamedModsLastId__C)

.cinit     0    0000b0c8    00000210     
                  0000b0c8    000001d5     (.cinit..data.load) [load image, compression = lzss]
                  0000b29d    00000003     --HOLE-- [fill = 0]
                  0000b2a0    0000000c     (__TI_handler_table)
                  0000b2ac    00000004     --HOLE-- [fill = 0]
                  0000b2b0    00000008     (.cinit..bss.load) [load image, compression = zero_init]
                  0000b2b8    00000008     (.cinit..vecs.load) [load image, compression = zero_init]
                  0000b2c0    00000018     (__TI_cinit_table)

.init_array 
*          0    00000000    00000000     UNINITIALIZED

.resetVecs 
*          0    00000000    0000003c     
                  00000000    0000003c     empty_pem4f.oem4f (.resetVecs)

.bss       0    20000360    000011a5     UNINITIALIZED
                  20000360    00000400     (.common:task0Stack)
                  20000760    00000400     (.common:ti_sysbios_heaps_HeapMem_Instance_State_0_buf__A)
                  20000b60    00000360     (.common:ti_sysbios_family_arm_m3_Hwi_dispatchTable)
                  20000ec0    00000200     empty_pem4f.oem4f (.bss:taskStackSection)
                  200010c0    00000180     (.common:i2cTivaObjects)
                  20001240    00000120     rtsv7M4_T_le_v4SPD16_eabi.lib : trgmsg.c.obj (.bss:_CIOBUF_)
                  20001360    00000090     drivers_tivaware.aem4f : GPIOTiva.oem4f (.bss:gpioCallbackInfo)
                  200013f0    00000080     (.common:xdc_runtime_SysMin_Module_State_0_outbuf__A)
                  20001470    00000050     (.common:task0Struct)
                  200014c0    0000001c     (.common:i2cTransaction)
                  200014dc    00000010     (.common:i2cParams)
                  200014ec    00000008     (.common:parmbuf)
                  200014f4    00000004     (.common:gpioInterruptVectors)
                  200014f8    00000004     (.common:i2c)
                  200014fc    00000004     (.common:readBuffer)
                  20001500    00000004     (.common:writeBuffer)
                  20001504    00000001     (.common:transferOK)

.data      0    20001508    00000422     UNINITIALIZED
                  20001508    00000080     empty_pem4f.oem4f (.data:ti_sysbios_knl_Swi_Module_State_0_readyQ__A)
                  20001588    00000080     empty_pem4f.oem4f (.data:ti_sysbios_knl_Task_Module_State_0_readyQ__A)
                  20001608    0000004c     empty_pem4f.oem4f (.data:ti_sysbios_knl_Task_Object__table__V)
                  20001654    00000044     empty_pem4f.oem4f (.data:ti_sysbios_knl_Task_Module__state__V)
                  20001698    00000040     empty_pem4f.oem4f (.data:ti_sysbios_family_arm_lm4_Timer_Module_State_0_device__A)
                  200016d8    00000040     empty_pem4f.oem4f (.data:ti_sysbios_family_arm_lm4_Timer_Object__table__V)
                  20001718    00000038     empty_pem4f.oem4f (.data:ti_sysbios_gates_GateMutex_Object__table__V)
                  20001750    00000034     empty_pem4f.oem4f (.data:ti_sysbios_family_arm_m3_Hwi_Module__state__V)
                  20001784    00000030     empty_pem4f.oem4f (.data:ti_sysbios_knl_Swi_Object__table__V)
                  200017b4    0000002c     empty_pem4f.oem4f (.data:ti_sysbios_knl_Clock_Module__state__V)
                  200017e0    00000024     empty_pem4f.oem4f (.data:ti_sysbios_BIOS_Module__state__V)
                  20001804    00000020     empty_pem4f.oem4f (.data:ti_sysbios_family_arm_lm4_Timer_Module_State_0_handles__A)
                  20001824    0000001c     empty_pem4f.oem4f (.data:ti_sysbios_knl_Swi_Module__state__V)
                  20001840    00000018     empty_pem4f.oem4f (.data:ti_sysbios_family_arm_m3_Hwi_Object__table__V)
                  20001858    00000018     empty_pem4f.oem4f (.data:ti_sysbios_heaps_HeapMem_Object__table__V)
                  20001870    00000010     EK_TM4C1294XL.obj (.data:gpioPinConfigs)
                  20001880    0000000c     empty_pem4f.oem4f (.data:ti_sysbios_family_arm_lm4_Timer_Module__state__V)
                  2000188c    0000000c     empty_pem4f.oem4f (.data:xdc_runtime_SysMin_Module__state__V)
                  20001898    00000008     rtsv7M4_T_le_v4SPD16_eabi.lib : _lock.c.obj (.data:$O1$$)
                  200018a0    00000008     EK_TM4C1294XL.obj (.data:gpioCallbackFunctions)
                  200018a8    00000008     empty_pem4f.oem4f (.data:ti_sysbios_family_arm_m3_Hwi_Module__root__V)
                  200018b0    00000008     empty_pem4f.oem4f (.data:ti_sysbios_gates_GateHwi_Module__root__V)
                  200018b8    00000008     empty_pem4f.oem4f (.data:ti_sysbios_gates_GateMutex_Module__root__V)
                  200018c0    00000008     empty_pem4f.oem4f (.data:ti_sysbios_heaps_HeapMem_Module__root__V)
                  200018c8    00000008     empty_pem4f.oem4f (.data:ti_sysbios_knl_Queue_Module__root__V)
                  200018d0    00000008     empty_pem4f.oem4f (.data:ti_sysbios_knl_Semaphore_Module__root__V)
                  200018d8    00000008     empty_pem4f.oem4f (.data:ti_sysbios_knl_Task_Module__root__V)
                  200018e0    00000008     empty_pem4f.oem4f (.data:xdc_runtime_Registry_Module__state__V)
                  200018e8    00000008     empty_pem4f.oem4f (.data:xdc_runtime_Startup_Module__state__V)
                  200018f0    00000008     empty_pem4f.oem4f (.data:xdc_runtime_System_Module_State_0_atexitHandlers__A)
                  200018f8    00000008     empty_pem4f.oem4f (.data:xdc_runtime_System_Module__state__V)
                  20001900    00000005     drivers_tivaware.aem4f : GPIOTiva.oem4f (.data)
                  20001905    00000001     --HOLE--
                  20001906    00000002     empty_pem4f.oem4f (.data:ti_sysbios_family_arm_m3_Hwi_Module_State_0_excActive__A)
                  20001908    00000004     drivers_tivaware.aem4f : I2C.oem4f (.data)
                  2000190c    00000004     rtsv7M4_T_le_v4SPD16_eabi.lib : errno.c.obj (.data)
                  20001910    00000004                                   : stkdepth_vars.c.obj (.data)
                  20001914    00000004     empty_pem4f.oem4f (.data:ti_sysbios_family_arm_m3_Hwi_Module_State_0_excContext__A)
                  20001918    00000004     empty_pem4f.oem4f (.data:ti_sysbios_family_arm_m3_Hwi_Module_State_0_excStack__A)
                  2000191c    00000004     empty_pem4f.oem4f (.data:ti_sysbios_gates_GateHwi_Object__table__V)
                  20001920    00000004     empty_pem4f.oem4f (.data:ti_sysbios_knl_Task_Module_State_0_idleTask__A)
                  20001924    00000004     empty_pem4f.oem4f (.data:xdc_runtime_Memory_Module__state__V)
                  20001928    00000002     empty_pem4f.oem4f (.data:xdc_runtime_Error_Module__state__V)

.stack     0    20001930    00000300     UNINITIALIZED
                  20001930    00000300     --HOLE--

.bootVecs 
*          0    00000000    00000008     DSECT
                  00000000    00000008     boot.aem4f : boot.oem4f (.bootVecs)

.vecs      0    20000000    00000360     UNINITIALIZED
                  20000000    00000360     empty_pem4f.oem4f (.vecs)

xdc.meta   0    00000000    000000e3     COPY SECTION
                  00000000    000000e3     empty_pem4f.oem4f (xdc.meta)

__llvm_prf_cnts 
*          0    20000000    00000000     UNINITIALIZED

MODULE SUMMARY

       Module                       code    ro data   rw data
       ------                       ----    -------   -------
    .\
       Lab_4_Task_B.obj             794     0         1161   
       EK_TM4C1294XL.obj            348     104       408    
    +--+----------------------------+-------+---------+---------+
       Total:                       1142    104       1569   
                                                             
    .\drivers\
       opt3001.obj                  495     0         0      
    +--+----------------------------+-------+---------+---------+
       Total:                       495     0         0      
                                                             
    C:\Users\Sam\EGH456_Workspace\Lab_4_Task_B\Debug\configPkg\package\cfg\
       empty_pem4f.oem4f            1790    7702      4400   
    +--+----------------------------+-------+---------+---------+
       Total:                       1790    7702      4400   
                                                             
    C:/ti/tirtos_tivac_2_16_00_08/products/TivaWare_C_Series-2.1.1.71b/driverlib/ccs/Debug/driverlib.lib
       gpio.obj                     566     144       0      
       i2c.obj                      154     0         0      
       sysctl.obj                   52      0         0      
    +--+----------------------------+-------+---------+---------+
       Total:                       772     144       0      
                                                             
    C:/ti/tirtos_tivac_2_16_00_08/products/tidrivers_tivac_2_16_00_08/packages/ti/drivers/lib/drivers_tivaware.aem4f
       GPIOTiva.oem4f               764     156       153    
       I2CTiva.oem4f                798     28        0      
       I2C.oem4f                    130     16        4      
    +--+----------------------------+-------+---------+---------+
       Total:                       1692    200       157    
                                                             
    C:\Users\Sam\EGH456_Workspace\Lab_4_Task_B\src\sysbios\sysbios.aem4f
       BIOS.obj                     11938   0         0      
       m3_Hwi_asm.obj               314     0         0      
       m3_TaskSupport_asm.obj       180     0         0      
       m3_Hwi_asm_switch.obj        118     0         0      
    +--+----------------------------+-------+---------+---------+
       Total:                       12550   0         0      
                                                             
    C:\ti\ccs1220\ccs\tools\compiler\ti-cgt-arm_20.2.7.LTS\lib\rtsv7M4_T_le_v4SPD16_eabi.lib
       _printfi.c.obj               4851    0         0      
       s_exp2.c.obj                 512     4096      0      
       fd_add_t2.asm.obj            438     0         0      
       trgmsg.c.obj                 108     0         288    
       fd_div_t2.asm.obj            310     0         0      
       s_scalbn.c.obj               272     0         0      
       fd_cmp_t2.asm.obj            268     0         0      
       ctype.c.obj                  0       257       0      
       fd_mul_t2.asm.obj            252     0         0      
       memcpy_t2.asm.obj            156     0         0      
       ull_div_t2.asm.obj           150     0         0      
       memset_t2.asm.obj            122     0         0      
       fd_tos_t2.asm.obj            110     0         0      
       copy_decompress_lzss.c.obj   104     0         0      
       s_frexp.c.obj                100     0         0      
       sprintf.c.obj                98      0         0      
       hostwrite.c.obj              88      0         0      
       _ltoa.c.obj                  84      0         0      
       atoi.c.obj                   76      0         0      
       cpy_tbl.c.obj                76      0         0      
       fd_toi_t2.asm.obj            72      0         0      
       u_divt2.asm.obj              64      0         0      
       fs_tod_t2.asm.obj            56      0         0      
       i_tofd_t2.asm.obj            46      0         0      
       _lock.c.obj                  26      0         8      
       u_tofd_t2.asm.obj            32      0         0      
       memccpy.c.obj                28      0         0      
       s_copysign.c.obj             26      0         0      
       args_main.c.obj              24      0         0      
       strchr.c.obj                 22      0         0      
       strlen.c.obj                 20      0         0      
       wcslen.c.obj                 18      0         0      
       copy_decompress_none.c.obj   14      0         0      
       copy_zero_init.c.obj         12      0         0      
       errno.c.obj                  8       0         4      
       hostopen.c.obj               0       0         8      
       exit.c.obj                   4       0         0      
       stkdepth_vars.c.obj          0       0         4      
       div0.asm.obj                 2       0         0      
    +--+----------------------------+-------+---------+---------+
       Total:                       8649    4353      312    
                                                             
    C:\ti\tirtos_tivac_2_16_00_08\products\bios_6_45_01_29\packages\ti\catalog\arm\cortexm4\tiva\ce\lib\Boot.aem4f
       Boot_sysctl.oem4f            628     452       0      
       Boot.oem4f                   152     0         0      
    +--+----------------------------+-------+---------+---------+
       Total:                       780     452       0      
                                                             
    C:\ti\tirtos_tivac_2_16_00_08\products\bios_6_45_01_29\packages\ti\targets\arm\rtsarm\lib\auto_init.aem4f
       auto_init.oem4f              160     0         0      
    +--+----------------------------+-------+---------+---------+
       Total:                       160     0         0      
                                                             
    C:\ti\tirtos_tivac_2_16_00_08\products\bios_6_45_01_29\packages\ti\targets\arm\rtsarm\lib\boot.aem4f
       boot.oem4f                   88      0         0      
    +--+----------------------------+-------+---------+---------+
       Total:                       88      0         0      
                                                             
    C:\ti\tirtos_tivac_2_16_00_08\products\bios_6_45_01_29\packages\ti\targets\arm\rtsarm\lib\ti.targets.arm.rtsarm.aem4f
       System.oem4f                 1255    0         0      
       Text.oem4f                   672     0         0      
       Error.oem4f                  524     0         0      
       Core-mem.oem4f               358     0         0      
       Startup.oem4f                328     0         0      
       SysMin.oem4f                 248     0         0      
       Core-smem.oem4f              204     0         0      
       Memory.oem4f                 176     0         0      
       Assert.oem4f                 84      0         0      
       Core-params.oem4f            70      0         0      
       Core-label.oem4f             52      0         0      
       Registry.oem4f               32      0         0      
       Gate.oem4f                   28      0         0      
    +--+----------------------------+-------+---------+---------+
       Total:                       4031    0         0      
                                                             
       Stack:                       0       0         768    
       Linker Generated:            0       521       0      
    +--+----------------------------+-------+---------+---------+
       Grand Total:                 32149   13476     7206   


LINKER GENERATED COPY TABLES

__TI_cinit_table @ 0000b2c0 records: 3, size/record: 8, table size: 24
	.data: load addr=0000b0c8, load size=000001d5 bytes, run addr=20001508, run size=00000422 bytes, compression=lzss
	.bss: load addr=0000b2b0, load size=00000008 bytes, run addr=20000360, run size=000011a5 bytes, compression=zero_init
	.vecs: load addr=0000b2b8, load size=00000008 bytes, run addr=20000000, run size=00000360 bytes, compression=zero_init


LINKER GENERATED HANDLER TABLE

__TI_handler_table @ 0000b2a0 records: 3, size/record: 4, table size: 12
	index: 0, handler: __TI_decompress_lzss
	index: 1, handler: __TI_decompress_none
	index: 2, handler: __TI_zero_init


GLOBAL SYMBOLS: SORTED ALPHABETICALLY BY Name 

address   name                                                                 
-------   ----                                                                 
00002ced  C$$EXIT                                                              
00006d4f  C$$IO$$                                                              
00007db7  EK_TM4C1294XL_initGPIO                                               
000046cd  EK_TM4C1294XL_initGeneral                                            
00004d89  EK_TM4C1294XL_initI2C                                                
00007379  GPIODirModeSet                                                       
000034a3  GPIOIntClear                                                         
00007c59  GPIOIntStatus                                                        
000061e9  GPIOIntTypeSet                                                       
000035dd  GPIOPadConfigSet                                                     
0000679d  GPIOPinConfigure                                                     
00007afd  GPIOPinTypeI2C                                                       
00007b0f  GPIOPinTypeI2CSCL                                                    
0000591b  GPIOPinWrite                                                         
0000ae9c  GPIOTiva_config                                                      
00005b35  GPIO_hwiIntFxn                                                       
00005255  GPIO_init                                                            
000063e5  GPIO_setCallback                                                     
00002e55  GPIO_setConfig                                                       
00006435  GPIO_write                                                           
000060e1  HOSTwrite                                                            
0000120d  I2CMasterControl                                                     
000019bd  I2CMasterDataGet                                                     
0000243d  I2CMasterDataPut                                                     
00007d71  I2CMasterDisable                                                     
00007d7b  I2CMasterEnable                                                      
00007a41  I2CMasterErr                                                         
000067e5  I2CMasterInitExpClk                                                  
00007dbf  I2CMasterIntClear                                                    
00007df9  I2CMasterIntDisable                                                  
00007dff  I2CMasterIntEnable                                                   
00007dc7  I2CMasterSlaveAddrSet                                                
00006e71  I2CTiva_close                                                        
00007e05  I2CTiva_control                                                      
0000ae38  I2CTiva_fxnTable                                                     
00007d85  I2CTiva_init                                                         
00004205  I2CTiva_open                                                         
00005585  I2CTiva_transfer                                                     
00007b69  I2C_Params_init                                                      
0000abcc  I2C_config                                                           
0000aec4  I2C_defaultParams                                                    
00006ce9  I2C_init                                                             
00007055  I2C_open                                                             
00007d8f  I2C_transfer                                                         
00003e45  I2CluxFxn                                                            
UNDEFED   SHT$$INIT_ARRAY$$Base                                                
UNDEFED   SHT$$INIT_ARRAY$$Limit                                               
00006ea9  SysCtlPeripheralEnable                                               
00000000  __ASM__                                                              
20001240  __CIOBUF_                                                            
00000061  __ISA__                                                              
[...]
00007e0b  xdc_runtime_System_Module_startup__E                                 
00007e11  ti_sysbios_family_arm_m3_Hwi_doTaskRestore__I                        
00007e19  ti_sysbios_family_arm_m3_Hwi_restoreFxn__E                           
00007e19  ti_sysbios_hal_Hwi_HwiProxy_restore__E                               
00007e21  ti_sysbios_gates_GateHwi_leave__E                                    
00007e29  ti_sysbios_heaps_HeapMem_isBlocking__E                               
00007e31  ti_sysbios_knl_Queue_Instance_init__E                                
00007e39  ti_sysbios_knl_Swi_startup__E                                        
00007e41  ti_sysbios_gates_GateHwi_query__E                                    
00007e41  xdc_runtime_Main_Module_GateProxy_query__E                           
00007e41  xdc_runtime_System_Module_GateProxy_query__E                         
00007e49  ti_sysbios_BIOS_RtsGateProxy_query__E                                
00007e49  ti_sysbios_gates_GateMutex_query__E                                  
00007e49  ti_sysbios_heaps_HeapMem_Module_GateProxy_query__E                   
00007e51  ti_sysbios_knl_Task_startup__E                                       
00007e59  ti_sysbios_gates_GateHwi_Instance_init__E                            
00007e61  ti_sysbios_knl_Clock_logTick__E                                      
00007e68  xdc_runtime_Text_charTab__A                                          
000096c9  xdc_runtime_Error_policy__C                                          
000096ca  ti_catalog_arm_cortexm4_tiva_ce_Boot_Module__id__C                   
000096cc  ti_catalog_arm_cortexm4_tiva_ce_Boot_A_mustNotUseEnhancedClockMode__C
0000a7f0  _ctypes_                                                             
0000a8f2  xdc_runtime_Text_nodeTab__A                                          
0000a9ae  ti_sysbios_family_arm_m3_Hwi_Module__id__C                           
0000ab90  ti_sysbios_knl_Task_Object__PARAMS__C                                
0000abcc  I2C_config                                                           
0000ac2c  ti_sysbios_family_arm_m3_Hwi_Object__PARAMS__C                       
0000ac5c  ti_sysbios_heaps_HeapMem_Module__FXNS__C                             
0000ac84  i2cTivaHWAttrs                                                       
0000aca8  ti_sysbios_gates_GateHwi_Module__FXNS__C                             
0000accc  ti_sysbios_gates_GateMutex_Module__FXNS__C                           
0000acf0  ti_sysbios_heaps_HeapMem_Object__PARAMS__C                           
0000ad14  ti_sysbios_knl_Semaphore_Object__PARAMS__C                           
0000ad38  ti_sysbios_family_arm_m3_Hwi_Object__DESC__C                         
0000ad58  ti_sysbios_gates_GateHwi_Object__DESC__C                             
0000ad78  ti_sysbios_gates_GateMutex_Object__DESC__C                           
0000ad98  ti_sysbios_heaps_HeapMem_Object__DESC__C                             
0000adb8  ti_sysbios_knl_Queue_Object__DESC__C                                 
0000add8  ti_sysbios_knl_Semaphore_Object__DESC__C                             
0000adf8  ti_sysbios_knl_Task_Object__DESC__C                                  
0000ae18  xdc_runtime_Startup_sfxnTab__A                                       
0000ae38  I2CTiva_fxnTable                                                     
0000ae54  ti_sysbios_gates_GateHwi_Object__PARAMS__C                           
0000ae6c  ti_sysbios_gates_GateMutex_Object__PARAMS__C                         
0000ae84  ti_sysbios_knl_Queue_Object__PARAMS__C                               
0000ae9c  GPIOTiva_config                                                      
0000aeb0  xdc_runtime_Startup_firstFxns__A                                     
0000aec4  I2C_defaultParams                                                    
0000aed4  xdc_runtime_Startup_sfxnRts__A                                       
0000aeec  ti_sysbios_family_arm_m3_Hwi_excHookFuncs__A                         
0000aef4  ti_sysbios_knl_Idle_funcList__C                                      
0000aefc  xdc_runtime_Startup_firstFxns__C                                     
0000af04  xdc_runtime_Startup_lastFxns__C                                      
0000af0c  ti_catalog_arm_cortexm4_tiva_ce_Boot_Module__diagsEnabled__C         
0000af10  ti_catalog_arm_cortexm4_tiva_ce_Boot_Module__diagsIncluded__C        
0000af14  ti_catalog_arm_cortexm4_tiva_ce_Boot_Module__diagsMask__C            
0000af18  ti_sysbios_family_arm_lm4_Timer_enableFunc__C                        
0000af1c  ti_sysbios_family_arm_lm4_Timer_numTimerDevices__C                   
0000af20  ti_sysbios_family_arm_lm4_Timer_startupNeeded__C                     
0000af24  ti_sysbios_family_arm_m3_Hwi_E_NMI__C                                
0000af28  ti_sysbios_family_arm_m3_Hwi_E_alreadyDefined__C                     
0000af2c  ti_sysbios_family_arm_m3_Hwi_E_busFault__C                           
0000af30  ti_sysbios_family_arm_m3_Hwi_E_debugMon__C                           
0000af34  ti_sysbios_family_arm_m3_Hwi_E_hardFault__C                          
0000af38  ti_sysbios_family_arm_m3_Hwi_E_memFault__C                           
0000af3c  ti_sysbios_family_arm_m3_Hwi_E_noIsr__C                              
0000af40  ti_sysbios_family_arm_m3_Hwi_E_reserved__C                           
0000af44  ti_sysbios_family_arm_m3_Hwi_E_svCall__C                             
0000af48  ti_sysbios_family_arm_m3_Hwi_E_usageFault__C                         
0000af4c  ti_sysbios_family_arm_m3_Hwi_NUM_INTERRUPTS__C                       
0000af50  ti_sysbios_family_arm_m3_Hwi_Object__count__C                        
0000af54  ti_sysbios_family_arm_m3_Hwi_ccr__C                                  
0000af58  ti_sysbios_family_arm_m3_Hwi_excHandlerFunc__C                       
0000af5c  ti_sysbios_family_arm_m3_Hwi_excHookFuncs__C                         
0000af60  ti_sysbios_family_arm_m3_Hwi_nullIsrFunc__C                          
0000af64  ti_sysbios_family_arm_m3_Hwi_priGroup__C                             
0000af68  ti_sysbios_family_arm_m3_TaskSupport_stackAlignment__C               
0000af6c  ti_sysbios_gates_GateMutex_A_badContext__C                           
0000af70  ti_sysbios_gates_GateMutex_Instance_State_sem__O                     
0000af74  ti_sysbios_gates_GateMutex_Module__diagsEnabled__C                   
0000af78  ti_sysbios_gates_GateMutex_Module__diagsIncluded__C                  
0000af7c  ti_sysbios_gates_GateMutex_Module__diagsMask__C                      
0000af80  ti_sysbios_hal_Hwi_E_stackOverflow__C                                
0000af84  ti_sysbios_heaps_HeapMem_A_align__C                                  
0000af88  ti_sysbios_heaps_HeapMem_A_heapSize__C                               
0000af8c  ti_sysbios_heaps_HeapMem_A_invalidFree__C                            
0000af90  ti_sysbios_heaps_HeapMem_A_zeroBlock__C                              
0000af94  ti_sysbios_heaps_HeapMem_E_memory__C                                 
0000af98  ti_sysbios_heaps_HeapMem_Module__diagsEnabled__C                     
0000af9c  ti_sysbios_heaps_HeapMem_Module__diagsIncluded__C                    
0000afa0  ti_sysbios_heaps_HeapMem_Module__diagsMask__C                        
0000afa4  ti_sysbios_heaps_HeapMem_Module__gateObj__C                          
0000afa8  ti_sysbios_heaps_HeapMem_Object__count__C                            
0000afac  ti_sysbios_heaps_HeapMem_reqAlign__C                                 
0000afb0  ti_sysbios_knl_Clock_Module_State_clockQ__O                          
0000afb4  ti_sysbios_knl_Idle_funcList__A                                      
0000afb8  ti_sysbios_knl_Semaphore_A_badContext__C                             
0000afbc  ti_sysbios_knl_Semaphore_A_noEvents__C                               
0000afc0  ti_sysbios_knl_Semaphore_A_overflow__C                               
0000afc4  ti_sysbios_knl_Semaphore_A_pendTaskDisabled__C                       
0000afc8  ti_sysbios_knl_Semaphore_Instance_State_pendQ__O                     
0000afcc  ti_sysbios_knl_Semaphore_Module__diagsEnabled__C                     
0000afd0  ti_sysbios_knl_Semaphore_Module__diagsIncluded__C                    
0000afd4  ti_sysbios_knl_Semaphore_Module__diagsMask__C                        
0000afd8  ti_sysbios_knl_Swi_Object__count__C                                  
0000afdc  ti_sysbios_knl_Task_A_badPriority__C                                 
0000afe0  ti_sysbios_knl_Task_A_badTaskState__C                                
0000afe4  ti_sysbios_knl_Task_A_badThreadType__C                               
0000afe8  ti_sysbios_knl_Task_A_badTimeout__C                                  
0000afec  ti_sysbios_knl_Task_A_noPendElem__C                                  
0000aff0  ti_sysbios_knl_Task_A_sleepTaskDisabled__C                           
0000aff4  ti_sysbios_knl_Task_E_spOutOfBounds__C                               
0000aff8  ti_sysbios_knl_Task_E_stackOverflow__C                               
0000affc  ti_sysbios_knl_Task_Module_State_inactiveQ__O                        
0000b000  ti_sysbios_knl_Task_Module__diagsEnabled__C                          
0000b004  ti_sysbios_knl_Task_Module__diagsIncluded__C                         
0000b008  ti_sysbios_knl_Task_Module__diagsMask__C                             
0000b00c  ti_sysbios_knl_Task_Object__count__C                                 
0000b010  ti_sysbios_knl_Task_allBlockedFunc__C                                
0000b014  ti_sysbios_knl_Task_defaultStackHeap__C                              
0000b018  ti_sysbios_knl_Task_defaultStackSize__C                              
0000b01c  ti_sysbios_knl_Task_numConstructedTasks__C                           
0000b020  xdc_runtime_Assert_E_assertFailed__C                                 
0000b024  xdc_runtime_Core_A_initializedParams__C                              
0000b028  xdc_runtime_Core_Module__diagsEnabled__C                             
0000b02c  xdc_runtime_Core_Module__diagsIncluded__C                            
0000b030  xdc_runtime_Core_Module__diagsMask__C                                
0000b034  xdc_runtime_Error_E_memory__C                                        
0000b038  xdc_runtime_Error_Module__diagsEnabled__C                            
0000b03c  xdc_runtime_Error_Module__diagsIncluded__C                           
0000b040  xdc_runtime_Error_Module__diagsMask__C                               
0000b044  xdc_runtime_Error_Module__loggerFxn8__C                              
0000b048  xdc_runtime_Error_Module__loggerObj__C                               
0000b04c  xdc_runtime_Error_policyFxn__C                                       
0000b050  xdc_runtime_Error_raiseHook__C                                       
0000b054  xdc_runtime_IGateProvider_Interface__BASE__C                         
0000b058  xdc_runtime_IHeap_Interface__BASE__C                                 
0000b05c  xdc_runtime_IModule_Interface__BASE__C                               
0000b060  xdc_runtime_Log_L_error__C                                           
0000b064  xdc_runtime_Memory_defaultHeapInstance__C                            
0000b068  xdc_runtime_Startup_execImpl__C                                      
0000b06c  xdc_runtime_Startup_maxPasses__C                                     
0000b070  xdc_runtime_Startup_sfxnRts__C                                       
0000b074  xdc_runtime_Startup_sfxnTab__C                                       
0000b078  xdc_runtime_SysMin_bufSize__C                                        
0000b07c  xdc_runtime_SysMin_outputFunc__C                                     
0000b080  xdc_runtime_System_Module__gateObj__C                                
0000b084  xdc_runtime_System_abortFxn__C                                       
0000b088  xdc_runtime_System_exitFxn__C                                        
0000b08c  xdc_runtime_System_extendFxn__C                                      
0000b090  xdc_runtime_System_maxAtexitHandlers__C                              
0000b094  xdc_runtime_Text_charTab__C                                          
0000b098  xdc_runtime_Text_nameEmpty__C                                        
0000b09c  xdc_runtime_Text_nameStatic__C                                       
0000b0a0  xdc_runtime_Text_nameUnknown__C                                      
0000b0a4  xdc_runtime_Text_nodeTab__C                                          
0000b0a8  xdc_runtime_Text_visitRopeFxn__C                                     
0000b0ac  ti_sysbios_gates_GateMutex_Module__id__C                             
0000b0ae  ti_sysbios_hal_Hwi_Module__id__C                                     
0000b0b0  ti_sysbios_heaps_HeapMem_Module__id__C                               
0000b0b2  ti_sysbios_knl_Semaphore_Module__id__C                               
0000b0b4  ti_sysbios_knl_Task_Module__id__C                                    
0000b0b6  xdc_runtime_Core_Module__id__C                                       
0000b0b8  xdc_runtime_Error_Module__loggerDefined__C                           
0000b0ba  xdc_runtime_Error_maxDepth__C                                        
0000b0bc  xdc_runtime_Memory_Module__id__C                                     
0000b0be  xdc_runtime_SysMin_flushAtExit__C                                    
0000b0c0  xdc_runtime_Text_charCnt__C                                          
0000b0c2  xdc_runtime_Text_isLoaded__C                                         
0000b0c4  xdc_runtime_Text_registryModsLastId__C                               
0000b0c6  xdc_runtime_Text_unnamedModsLastId__C                                
0000b0c8  __TI_static_base__                                                   
0000b2a0  __TI_Handler_Table_Base                                              
0000b2ac  __TI_Handler_Table_Limit                                             
0000b2c0  __TI_CINIT_Base                                                      
0000b2d8  __TI_CINIT_Limit                                                     
20000000  __start___llvm_prf_cnts                                              
20000000  __stop___llvm_prf_cnts                                               
20000000  ti_sysbios_family_arm_m3_Hwi_ramVectors                              
20000360  task0Stack                                                           
20000760  ti_sysbios_heaps_HeapMem_Instance_State_0_buf__A                     
20000b60  ti_sysbios_family_arm_m3_Hwi_dispatchTable                           
20000ec0  ti_sysbios_knl_Task_Instance_State_0_stack__A                        
200010c0  i2cTivaObjects                                                       
20001240  __CIOBUF_                                                            
200013f0  xdc_runtime_SysMin_Module_State_0_outbuf__A                          
20001470  task0Struct                                                          
200014c0  i2cTransaction                                                       
200014dc  i2cParams                                                            
200014ec  parmbuf                                                              
200014f8  i2c                                                                  
200014fc  readBuffer                                                           
20001500  writeBuffer                                                          
20001504  transferOK                                                           
20001508  ti_sysbios_knl_Swi_Module_State_0_readyQ__A                          
20001588  ti_sysbios_knl_Task_Module_State_0_readyQ__A                         
20001608  ti_sysbios_knl_Task_Object__table__V                                 
20001654  ti_sysbios_knl_Task_Module__state__V                                 
20001698  ti_sysbios_family_arm_lm4_Timer_Module_State_0_device__A             
200016d8  ti_sysbios_family_arm_lm4_Timer_Object__table__V                     
20001718  ti_sysbios_gates_GateMutex_Object__table__V                          
20001750  ti_sysbios_family_arm_m3_Hwi_Module__state__V                        
20001784  ti_sysbios_knl_Swi_Object__table__V                                  
200017b4  ti_sysbios_knl_Clock_Module__state__V                                
200017e0  ti_sysbios_BIOS_Module__state__V                                     
20001804  ti_sysbios_family_arm_lm4_Timer_Module_State_0_handles__A            
20001824  ti_sysbios_knl_Swi_Module__state__V                                  
20001840  ti_sysbios_family_arm_m3_Hwi_Object__table__V                        
20001858  ti_sysbios_heaps_HeapMem_Object__table__V                            
20001870  gpioPinConfigs                                                       
20001880  ti_sysbios_family_arm_lm4_Timer_Module__state__V                     
2000188c  xdc_runtime_SysMin_Module__state__V                                  
20001898  _lock                                                                
2000189c  _unlock                                                              
200018a0  gpioCallbackFunctions                                                
200018a8  ti_sysbios_family_arm_m3_Hwi_Module__root__V                         
200018b0  ti_sysbios_gates_GateHwi_Module__root__V                             
200018b8  ti_sysbios_gates_GateMutex_Module__root__V                           
200018c0  ti_sysbios_heaps_HeapMem_Module__root__V                             
200018c8  ti_sysbios_knl_Queue_Module__root__V                                 
200018d0  ti_sysbios_knl_Semaphore_Module__root__V                             
200018d8  ti_sysbios_knl_Task_Module__root__V                                  
200018e0  xdc_runtime_Registry_Module__state__V                                
200018e8  xdc_runtime_Startup_Module__state__V                                 
200018f0  xdc_runtime_System_Module_State_0_atexitHandlers__A                  
200018f8  xdc_runtime_System_Module__state__V                                  
20001906  ti_sysbios_family_arm_m3_Hwi_Module_State_0_excActive__A             
2000190c  errno                                                                
20001910  main_func_sp                                                         
20001914  ti_sysbios_family_arm_m3_Hwi_Module_State_0_excContext__A            
20001918  ti_sysbios_family_arm_m3_Hwi_Module_State_0_excStack__A              
2000191c  ti_sysbios_gates_GateHwi_Object__table__V                            
20001920  ti_sysbios_knl_Task_Module_State_0_idleTask__A                       
20001924  xdc_runtime_Memory_Module__state__V                                  
20001928  xdc_runtime_Error_Module__state__V                                   
20001930  __stack                                                              
20001c30  __STACK_END                                                          
e000e000  ti_sysbios_family_arm_m3_Hwi_nvic                                    
ffffffff  __TI_pprof_out_hndl                                                  
ffffffff  __TI_prof_data_size                                                  
ffffffff  __TI_prof_data_start                                                 
ffffffff  __binit__                                                            
ffffffff  __c_args__                                                           
ffffffff  binit                                                                
UNDEFED   SHT$$INIT_ARRAY$$Base                                                
UNDEFED   SHT$$INIT_ARRAY$$Limit                                               

[620 symbols]
